******************************************************************************
                  TI ARM Linker PC v20.2.7                     
******************************************************************************
>> Linked Thu Apr 10 15:11:07 2025

OUTPUT FILE NAME:   <ball lab.out>
ENTRY POINT SYMBOL: "_c_int00_noargs"  address: 20008b6d


MEMORY CONFIGURATION

         name            origin    length      used     unused   attr    fill
----------------------  --------  ---------  --------  --------  ----  --------
  SRAM_CODE             20004000   00013000  0000571a  0000d8e6  RW X
  SRAM_DATA             20017000   00019000  00001040  00017fc0  RW X


SEGMENT ALLOCATION MAP

run origin  load origin   length   init length attrs members
----------  ----------- ---------- ----------- ----- -------
20004000    20004000    00005720   00005720    r-x
  20004000    20004000    00000400   00000400    r-- .intvecs
  20004400    20004400    00004b16   00004b16    r-x .text
  20008f18    20008f18    000007bc   000007bc    r-- .const
  200096d8    200096d8    00000048   00000048    r-- .cinit
20017000    20017000    00000840   00000000    rw-
  20017000    20017000    00000800   00000000    rw- .sysmem
  20017800    20017800    00000038   00000000    rw- .data
  20017838    20017838    00000008   00000000    rw- .bss
2002f800    2002f800    00000800   00000000    rw-
  2002f800    2002f800    00000800   00000000    rw- .stack


SECTION ALLOCATION MAP

 output                                  attributes/
section   page    origin      length       input sections
--------  ----  ----------  ----------   ----------------
.intvecs   0    20004000    00000400     
                  20004000    00000400     startup_ccs.obj (.intvecs)

.init_array 
*          0    20004000    00000000     UNINITIALIZED

.text      0    20004400    00004b16     
                  20004400    00000a80     Adafruit_GFX.obj (.text)
                  20004e80    00000a4e     rtsv7M4_T_le_eabi.lib : _printfi.c.obj (.text:__TI_printfi)
                  200058ce    00000002                           : _lock.c.obj (.text:_nop)
                  200058d0    00000630     main.obj (.text)
                  20005f00    000004be     Adafruit_OLED.obj (.text)
                  200063be    00000002     rtsv7M4_T_le_eabi.lib : div0.asm.obj (.text)
                  200063c0    000002a0     i2c_if.obj (.text)
                  20006660    0000027c     uart_if.obj (.text)
                  200068dc    00000268     rtsv7M4_T_le_eabi.lib : _printfi.c.obj (.text:_pconv_a)
                  20006b44    000001cc                           : _printfi.c.obj (.text:_pconv_g)
                  20006d10    000001b6                           : fd_add_t2.asm.obj (.text)
                  20006ec6    00000002     --HOLE-- [fill = 0]
                  20006ec8    00000178     driverlib.a : prcm.obj (.text:PRCMCC3200MCUInit)
                  20007040    0000013c     rtsv7M4_T_le_eabi.lib : _printfi.c.obj (.text:_pconv_e)
                  2000717c    00000136                           : fd_div_t2.asm.obj (.text)
                  200072b2    00000002     --HOLE-- [fill = 0]
                  200072b4    00000124     pinmux.obj (.text)
                  200073d8    00000120     rtsv7M4_T_le_eabi.lib : _printfi.c.obj (.text:fcvt)
                  200074f8    00000100                           : memory.c.obj (.text:aligned_alloc)
                  200075f8    000000fc                           : fd_mul_t2.asm.obj (.text)
                  200076f4    000000fa                           : fs_add_t2.asm.obj (.text)
                  200077ee    00000002     --HOLE-- [fill = 0]
                  200077f0    000000e4                           : memory.c.obj (.text:free)
                  200078d4    000000e4                           : memory.c.obj (.text:realloc)
                  200079b8    000000d0                           : s_scalbn.c.obj (.text:scalbn)
                  20007a88    000000b4                           : s_trunc.c.obj (.text:trunc)
                  20007b3c    000000b1                           : _printfi.c.obj (.text:_ltostr)
                  20007bed    00000003     --HOLE-- [fill = 0]
                  20007bf0    000000a8     driverlib.a : interrupt.obj (.text:IntEnable)
                  20007c98    000000a0                 : spi.obj (.text:SPIConfigSetExpClk)
                  20007d38    0000009c     rtsv7M4_T_le_eabi.lib : memcpy_t2.asm.obj (.text)
                  20007dd4    00000096                           : ull_div_t2.asm.obj (.text)
                  20007e6a    00000002     --HOLE-- [fill = 0]
                  20007e6c    00000094     driverlib.a : prcm.obj (.text:PRCMPeripheralClockGet)
                  20007f00    00000092     rtsv7M4_T_le_eabi.lib : fs_div_t2.asm.obj (.text)
                  20007f92    00000002     --HOLE-- [fill = 0]
                  20007f94    00000088     driverlib.a : pin.obj (.text:PinConfigSet)
                  2000801c    00000086     rtsv7M4_T_le_eabi.lib : fd_cmp_t2.asm.obj (.text:__aeabi_cdcmple)
                  200080a2    00000086                           : fd_cmp_t2.asm.obj (.text:__aeabi_cdrcmple)
                  20008128    00000084     driverlib.a : i2c.obj (.text:I2CMasterInitExpClk)
                  200081ac    0000007a     rtsv7M4_T_le_eabi.lib : fs_mul_t2.asm.obj (.text)
                  20008226    0000007a                           : memset_t2.asm.obj (.text)
                  200082a0    00000076     driverlib.a : uart.obj (.text:UARTConfigSetExpClk)
                  20008316    00000002     --HOLE-- [fill = 0]
                  20008318    00000070     rtsv7M4_T_le_eabi.lib : memory.c.obj (.text:split)
                  20008388    0000006e                           : _printfi.c.obj (.text:_mcpy)
                  200083f6    0000006e                           : fd_tos_t2.asm.obj (.text)
                  20008464    00000068                           : copy_decompress_lzss.c.obj (.text:decompress:lzss:__TI_decompress_lzss)
                  200084cc    00000060                           : fs_cmp_t2.asm.obj (.text:__aeabi_cfcmple)
                  2000852c    00000060                           : fs_cmp_t2.asm.obj (.text:__aeabi_cfrcmple)
                  2000858c    0000005c                           : s_frexp.c.obj (.text:frexp)
                  200085e8    00000058     driverlib.a : prcm.obj (.text:PRCMPeripheralReset)
                  20008640    00000056     rtsv7M4_T_le_eabi.lib : _printfi.c.obj (.text:_pconv_f)
                  20008696    00000054                           : _ltoa.c.obj (.text:__TI_ltoa)
                  200086ea    00000052                           : _printfi.c.obj (.text:_ecpy)
                  2000873c    0000004c                           : atoi.c.obj (.text:atoi)
                  20008788    00000048                           : fd_toi_t2.asm.obj (.text)
                  200087d0    00000044                           : autoinit.c.obj (.text:__TI_auto_init_nobinit_nopinit:__TI_auto_init_nobinit_nopinit)
                  20008814    00000040     driverlib.a : pin.obj (.text:PinModeSet)
                  20008854    00000040     rtsv7M4_T_le_eabi.lib : vsnprintf.c.obj (.text:vsnprintf)
                  20008894    0000003e                           : _printfi.c.obj (.text:_fcpy)
                  200088d2    00000002     --HOLE-- [fill = 0]
                  200088d4    0000003c     driverlib.a : prcm.obj (.text:PRCMPeripheralClkEnable)
                  20008910    00000038     rtsv7M4_T_le_eabi.lib : fs_tod_t2.asm.obj (.text)
                  20008948    00000038                           : i_tofs_t2.asm.obj (.text)
                  20008980    00000036     driverlib.a : gpio.obj (.text:GPIODirModeSet)
                  200089b6    00000030                 : pin.obj (.text:PinTypeGPIO)
                  200089e6    00000002     --HOLE-- [fill = 0]
                  200089e8    00000030                 : uart.obj (.text:UARTDisable)
                  20008a18    00000030     rtsv7M4_T_le_eabi.lib : vsnprintf.c.obj (.text:_outs)
                  20008a48    0000002e                           : i_tofd_t2.asm.obj (.text)
                  20008a76    0000002c     driverlib.a : i2c.obj (.text:I2CMasterErr)
                  20008aa2    00000002     --HOLE-- [fill = 0]
                  20008aa4    0000002c                 : prcm.obj (.text:PRCMSysResetCauseGet)
                  20008ad0    00000028                 : prcm.obj (.text:PRCMPeripheralClkDisable)
                  20008af8    00000028     rtsv7M4_T_le_eabi.lib : memory.c.obj (.text:free_list_insert)
                  20008b20    00000028                           : memmov.c.obj (.text:memmove)
                  20008b48    00000024     driverlib.a : uart.obj (.text:UARTEnable)
                  20008b6c    00000024     rtsv7M4_T_le_eabi.lib : boot_cortex_m.c.obj (.text:_c_int00_noargs:_c_int00_noargs)
                  20008b90    00000022     driverlib.a : i2c.obj (.text:I2CMasterSlaveAddrSet)
                  20008bb2    00000022                 : spi.obj (.text:SPIReset)
                  20008bd4    00000020                 : gpio.obj (.text:GPIOPinWrite)
                  20008bf4    00000020                 : spi.obj (.text:SPIDataGet)
                  20008c14    0000001e                 : i2c.obj (.text:I2CMasterIntStatusEx)
                  20008c32    0000001e                 : spi.obj (.text:SPIDataPut)
                  20008c50    0000001e                 : uart.obj (.text:UARTCharPut)
                  20008c6e    0000001c                 : pin.obj (.text:PinTypeI2C)
                  20008c8a    0000001c                 : uart.obj (.text:UARTCharGetNonBlocking)
                  20008ca6    0000001c     rtsv7M4_T_le_eabi.lib : copy_zero_init.c.obj (.text:decompress:ZI:__TI_zero_init_nomemset:__TI_zero_init_nomemset)
                  20008cc2    00000002     --HOLE-- [fill = 0]
                  20008cc4    0000001c                           : memory.c.obj (.text:free_list_remove)
                  20008ce0    0000001c                           : memccpy.c.obj (.text:memccpy)
                  20008cfc    0000001a     driverlib.a : pin.obj (.text:PinTypeSPI)
                  20008d16    0000001a                 : pin.obj (.text:PinTypeUART)
                  20008d30    00000018                 : i2c.obj (.text:I2CMasterIntEnableEx)
                  20008d48    00000018                 : spi.obj (.text:SPICSDisable)
                  20008d60    00000018                 : spi.obj (.text:SPICSEnable)
                  20008d78    00000018                 : spi.obj (.text:SPIEnable)
                  20008d90    00000018                 : uart.obj (.text:UARTCharsAvail)
                  20008da8    00000018     rtsv7M4_T_le_eabi.lib : vsnprintf.c.obj (.text:_outc)
                  20008dc0    00000016     driverlib.a : i2c.obj (.text:I2CMasterDataPut)
                  20008dd6    00000016                 : i2c.obj (.text:I2CMasterEnable)
                  20008dec    00000016                 : i2c.obj (.text:I2CMasterIntClear)
                  20008e02    00000016                 : prcm.obj (.text:PRCMHIBRegRead)
                  20008e18    00000016                 : prcm.obj (.text:PRCMHIBRegWrite)
                  20008e2e    00000016     rtsv7M4_T_le_eabi.lib : strchr.c.obj (.text:strchr)
                  20008e44    00000014     driverlib.a : cpu.obj (.text:CPUcpsie)
                  20008e58    00000014                 : interrupt.obj (.text:IntVTableBaseSet)
                  20008e6c    00000014     rtsv7M4_T_le_eabi.lib : strlen.c.obj (.text:strlen)
                  20008e80    00000012     driverlib.a : i2c.obj (.text:I2CMasterControl)
                  20008e92    00000012                 : i2c.obj (.text:I2CMasterTimeoutSet)
                  20008ea4    00000012     rtsv7M4_T_le_eabi.lib : wcslen.c.obj (.text:wcslen)
                  20008eb6    0000000e     driverlib.a : i2c.obj (.text:I2CMasterDataGet)
                  20008ec4    0000000e     rtsv7M4_T_le_eabi.lib : copy_decompress_none.c.obj (.text:decompress:none:__TI_decompress_none)
                  20008ed2    0000000e     startup_ccs.obj (.text)
                  20008ee0    0000000c     rtsv7M4_T_le_eabi.lib : s_copysign.c.obj (.text:copysign)
                  20008eec    0000000a     driverlib.a : interrupt.obj (.text:IntMasterEnable)
                  20008ef6    00000002     --HOLE-- [fill = 0]
                  20008ef8    00000008     rtsv7M4_T_le_eabi.lib : errno.c.obj (.text:__aeabi_errno_addr)
                  20008f00    00000008                           : memory.c.obj (.text:malloc)
                  20008f08    00000006     driverlib.a : utils.obj (.text:UtilsDelay)
                  20008f0e    00000004     rtsv7M4_T_le_eabi.lib : pre_init.c.obj (.text:_system_pre_init)
                  20008f12    00000004                           : exit.c.obj (.text:abort:abort)

.const     0    20008f18    000007bc     
                  20008f18    000004fb     Adafruit_GFX.obj (.const:.string:font)
                  20009413    00000101     rtsv7M4_T_le_eabi.lib : ctype.c.obj (.const:.string:_ctypes_)
                  20009514    00000100     driverlib.a : pin.obj (.const:g_ulPinToPadMap)
                  20009614    000000a8                 : prcm.obj (.const:PRCM_PeriphRegsList)
                  200096bc    00000018                 : interrupt.obj (.const:g_pulEnRegs)

.cinit     0    200096d8    00000048     
                  200096d8    00000020     (.cinit..data.load) [load image, compression = lzss]
                  200096f8    0000000c     (__TI_handler_table)
                  20009704    00000004     --HOLE-- [fill = 0]
                  20009708    00000008     (.cinit..bss.load) [load image, compression = zero_init]
                  20009710    00000010     (__TI_cinit_table)

.sysmem    0    20017000    00000800     UNINITIALIZED
                  20017000    00000010     rtsv7M4_T_le_eabi.lib : memory.c.obj (.sysmem)
                  20017010    000007f0     --HOLE--

.data      0    20017800    00000038     UNINITIALIZED
                  20017800    00000015     Adafruit_GFX.obj (.data)
                  20017815    00000003     --HOLE--
                  20017818    0000000c     main.obj (.data)
                  20017824    00000008     rtsv7M4_T_le_eabi.lib : _lock.c.obj (.data:$O1$$)
                  2001782c    00000008                           : memory.c.obj (.data:$O1$$)
                  20017834    00000004                           : errno.c.obj (.data)

.bss       0    20017838    00000008     UNINITIALIZED
                  20017838    00000004     Adafruit_OLED.obj (.bss)
                  2001783c    00000004     uart_if.obj (.bss)

.stack     0    2002f800    00000800     UNINITIALIZED
                  2002f800    00000004     rtsv7M4_T_le_eabi.lib : boot_cortex_m.c.obj (.stack)
                  2002f804    000007fc     --HOLE--

__llvm_prf_cnts 
*          0    20017000    00000000     UNINITIALIZED

MODULE SUMMARY

       Module                       code    ro data   rw data
       ------                       ----    -------   -------
    .\
       Adafruit_GFX.obj             2688    1275      21     
       main.obj                     1584    0         12     
       Adafruit_OLED.obj            1214    0         4      
       startup_ccs.obj              14      1024      0      
       i2c_if.obj                   672     0         0      
       uart_if.obj                  636     0         4      
       pinmux.obj                   292     0         0      
    +--+----------------------------+-------+---------+---------+
       Total:                       7100    2299      41     
                                                             
    C:/ti/CC3200SDK_1.5.0/cc3200-sdk/driverlib/ccs/Release/driverlib.a
       prcm.obj                     800     168       0      
       pin.obj                      328     256       0      
       i2c.obj                      380     0         0      
       spi.obj                      328     0         0      
       uart.obj                     284     0         0      
       interrupt.obj                198     24        0      
       gpio.obj                     86      0         0      
       cpu.obj                      20      0         0      
       utils.obj                    6       0         0      
    +--+----------------------------+-------+---------+---------+
       Total:                       2430    448       0      
                                                             
    C:\ti\ccs1250\ccs\tools\compiler\ti-cgt-arm_20.2.7.LTS\lib\rtsv7M4_T_le_eabi.lib
       _printfi.c.obj               4835    0         0      
       memory.c.obj                 900     0         8      
       fd_add_t2.asm.obj            438     0         0      
       fd_div_t2.asm.obj            310     0         0      
       fd_cmp_t2.asm.obj            268     0         0      
       ctype.c.obj                  0       257       0      
       fd_mul_t2.asm.obj            252     0         0      
       fs_add_t2.asm.obj            250     0         0      
       s_scalbn.c.obj               208     0         0      
       fs_cmp_t2.asm.obj            192     0         0      
       s_trunc.c.obj                180     0         0      
       memcpy_t2.asm.obj            156     0         0      
       ull_div_t2.asm.obj           150     0         0      
       fs_div_t2.asm.obj            146     0         0      
       vsnprintf.c.obj              136     0         0      
       fs_mul_t2.asm.obj            122     0         0      
       memset_t2.asm.obj            122     0         0      
       fd_tos_t2.asm.obj            110     0         0      
       copy_decompress_lzss.c.obj   104     0         0      
       s_frexp.c.obj                92      0         0      
       _ltoa.c.obj                  84      0         0      
       atoi.c.obj                   76      0         0      
       fd_toi_t2.asm.obj            72      0         0      
       autoinit.c.obj               68      0         0      
       fs_tod_t2.asm.obj            56      0         0      
       i_tofs_t2.asm.obj            56      0         0      
       i_tofd_t2.asm.obj            46      0         0      
       memmov.c.obj                 40      0         0      
       boot_cortex_m.c.obj          36      0         0      
       copy_zero_init.c.obj         28      0         0      
       memccpy.c.obj                28      0         0      
       strchr.c.obj                 22      0         0      
       strlen.c.obj                 20      0         0      
       wcslen.c.obj                 18      0         0      
       copy_decompress_none.c.obj   14      0         0      
       errno.c.obj                  8       0         4      
       s_copysign.c.obj             12      0         0      
       _lock.c.obj                  2       0         8      
       exit.c.obj                   4       0         0      
       pre_init.c.obj               4       0         0      
       div0.asm.obj                 2       0         0      
    +--+----------------------------+-------+---------+---------+
       Total:                       9667    257       20     
                                                             
       Heap:                        0       0         2048   
       Stack:                       0       0         2048   
       Linker Generated:            0       68        0      
    +--+----------------------------+-------+---------+---------+
       Grand Total:                 19197   3072      4157   


LINKER GENERATED COPY TABLES

__TI_cinit_table @ 20009710 records: 2, size/record: 8, table size: 16
	.data: load addr=200096d8, load size=00000020 bytes, run addr=20017800, run size=00000038 bytes, compression=lzss
	.bss: load addr=20009708, load size=00000008 bytes, run addr=20017838, run size=00000008 bytes, compression=zero_init


LINKER GENERATED HANDLER TABLE

__TI_handler_table @ 200096f8 records: 3, size/record: 4, table size: 12
	index: 0, handler: __TI_decompress_lzss
	index: 1, handler: __TI_decompress_none
	index: 2, handler: __TI_zero_init


GLOBAL SYMBOLS: SORTED ALPHABETICALLY BY Name 

address   name                          
-------   ----                          
20005f89  Adafruit_Init                 
20008f13  C$$EXIT                       
20008e45  CPUcpsie                      
200066a1  ClearTerm                     
20006113  Color565                      
200066ab  Error                         
20008981  GPIODirModeSet                
20008bd5  GPIOPinWrite                  
200066e3  GetCmd                        
20008e81  I2CMasterControl              
20008eb7  I2CMasterDataGet              
20008dc1  I2CMasterDataPut              
20008dd7  I2CMasterEnable               
20008a77  I2CMasterErr                  
20008129  I2CMasterInitExpClk           
20008ded  I2CMasterIntClear             
20008d31  I2CMasterIntEnableEx          
20008c15  I2CMasterIntStatusEx          
20008b91  I2CMasterSlaveAddrSet         
20008e93  I2CMasterTimeoutSet           
2000664b  I2C_IF_Close                  
200065ef  I2C_IF_Open                   
200064ed  I2C_IF_Read                   
200065a9  I2C_IF_ReadFrom               
2000643d  I2C_IF_Write                  
20006661  InitTerm                      
20007bf1  IntEnable                     
20008eed  IntMasterEnable               
20008e59  IntVTableBaseSet              
2000667f  Message                       
20004dab  Outstr                        
20006ec9  PRCMCC3200MCUInit             
20008e03  PRCMHIBRegRead                
20008e19  PRCMHIBRegWrite               
20008ad1  PRCMPeripheralClkDisable      
200088d5  PRCMPeripheralClkEnable       
20007e6d  PRCMPeripheralClockGet        
200085e9  PRCMPeripheralReset           
20008aa5  PRCMSysResetCauseGet          
20007f95  PinConfigSet                  
20008815  PinModeSet                    
200072b5  PinMuxConfig                  
200089b7  PinTypeGPIO                   
20008c6f  PinTypeI2C                    
20008cfd  PinTypeSPI                    
20008d17  PinTypeUART                   
200058f7  ReadAccelerometerData         
20006821  Report                        
20008ed3  ResetISR                      
20008d49  SPICSDisable                  
20008d61  SPICSEnable                   
20007c99  SPIConfigSetExpClk            
20008bf5  SPIDataGet                    
20008c33  SPIDataPut                    
20008d79  SPIEnable                     
20008bb3  SPIReset                      
20006789  TrimSpace                     
20008c8b  UARTCharGetNonBlocking        
20008c51  UARTCharPut                   
20008d91  UARTCharsAvail                
200082a1  UARTConfigSetExpClk           
200089e9  UARTDisable                   
20008b49  UARTEnable                    
20008f09  UtilsDelay                    
20030000  __STACK_END                   
00000800  __STACK_SIZE                  
00000800  __SYSMEM_SIZE                 
20009710  __TI_CINIT_Base               
20009720  __TI_CINIT_Limit              
200096f8  __TI_Handler_Table_Base       
20009704  __TI_Handler_Table_Limit      
200087d1  __TI_auto_init_nobinit_nopinit
20008465  __TI_decompress_lzss          
20008ec5  __TI_decompress_none          
20008697  __TI_ltoa                     
ffffffff  __TI_pprof_out_hndl           
20004e81  __TI_printfi                  
ffffffff  __TI_prof_data_size           
ffffffff  __TI_prof_data_start          
200096d8  __TI_static_base__            
20008ca7  __TI_zero_init_nomemset       
2000801d  __aeabi_cdcmpeq               
2000801d  __aeabi_cdcmple               
200080a3  __aeabi_cdrcmple              
200084cd  __aeabi_cfcmpeq               
200084cd  __aeabi_cfcmple               
2000852d  __aeabi_cfrcmple              
200083f7  __aeabi_d2f                   
20008789  __aeabi_d2iz                  
20006d1b  __aeabi_dadd                  
2000717d  __aeabi_ddiv                  
200075f9  __aeabi_dmul                  
20006d11  __aeabi_dsub                  
20008ef9  __aeabi_errno_addr            
20008911  __aeabi_f2d                   
200076f9  __aeabi_fadd                  
20007f01  __aeabi_fdiv                  
200081ad  __aeabi_fmul                  
200076f5  __aeabi_fsub                  
20008a49  __aeabi_i2d                   
20008949  __aeabi_i2f                   
200063bf  __aeabi_idiv0                 
200063bf  __aeabi_ldiv0                 
20008227  __aeabi_memclr                
20008227  __aeabi_memclr4               
20008227  __aeabi_memclr8               
20007d39  __aeabi_memcpy                
20007d39  __aeabi_memcpy4               
20007d39  __aeabi_memcpy8               
20008229  __aeabi_memset                
20008229  __aeabi_memset4               
20008229  __aeabi_memset8               
20007dd5  __aeabi_uldivmod              
ffffffff  __binit__                     
ffffffff  __c_args__                    
UNDEFED   __mpu_init                    
2002f800  __stack                       
20017000  __start___llvm_prf_cnts       
20017000  __stop___llvm_prf_cnts        
20008b6d  _c_int00_noargs               
20009413  _ctypes_                      
20017824  _lock                         
200058cf  _nop                          
20017000  _sys_memory                   
UNDEFED   _system_post_cinit            
20008f0f  _system_pre_init              
20017828  _unlock                       
20008f13  abort                         
200074f9  aligned_alloc                 
2000873d  atoi                          
ffffffff  binit                         
20008ee1  copysign                      
20008ee1  copysignl                     
20017800  cursor_x                      
20017804  cursor_y                      
20004c5f  drawChar                      
20004401  drawCircle                    
20004535  drawCircleHelper              
200062c9  drawFastHLine                 
2000622d  drawFastVLine                 
2000477b  drawLine                      
20006365  drawPixel                     
20004867  drawRect                      
200048b5  drawRoundRect                 
20004a1d  drawTriangle                  
20017834  errno                         
20004653  fillCircle                    
2000468d  fillCircleHelper              
2000616b  fillRect                      
200049a3  fillRoundRect                 
20006155  fillScreen                    
20004a5f  fillTriangle                  
200077f1  free                          
2000858d  frexp                         
2000858d  frexpl                        
20017818  g_iAccelX                     
2001781c  g_iAccelY                     
20017820  g_iAccelZ                     
20004000  g_pfnVectors                  
200060cf  goTo                          
20004e5f  height                        
200063a3  invert                        
200079b9  ldexp                         
200079b9  ldexpl                        
20005a3d  main                          
20008f01  malloc                        
200074f9  memalign                      
20008ce1  memccpy                       
20007d39  memcpy                        
20008b21  memmove                       
2000822f  memset                        
200078d5  realloc                       
200079b9  scalbn                        
200079b9  scalbnl                       
20004df7  setCursor                     
20004e2f  setTextColor                  
20004e0f  setTextSize                   
20004e47  setTextWrap                   
20008e2f  strchr                        
20008e6d  strlen                        
20017810  textbgcolor                   
2001780c  textcolor                     
20017808  textsize                      
20007a89  trunc                         
20007a89  truncl                        
20008855  vsnprintf                     
20008ea5  wcslen                        
20004e5b  width                         
20017814  wrap                          
20005f01  writeCommand                  
20005f45  writeData                     


GLOBAL SYMBOLS: SORTED BY Symbol Address 

address   name                          
-------   ----                          
00000800  __STACK_SIZE                  
00000800  __SYSMEM_SIZE                 
20004000  g_pfnVectors                  
20004401  drawCircle                    
20004535  drawCircleHelper              
20004653  fillCircle                    
2000468d  fillCircleHelper              
2000477b  drawLine                      
20004867  drawRect                      
200048b5  drawRoundRect                 
200049a3  fillRoundRect                 
20004a1d  drawTriangle                  
20004a5f  fillTriangle                  
20004c5f  drawChar                      
20004dab  Outstr                        
20004df7  setCursor                     
20004e0f  setTextSize                   
20004e2f  setTextColor                  
20004e47  setTextWrap                   
20004e5b  width                         
20004e5f  height                        
20004e81  __TI_printfi                  
200058cf  _nop                          
200058f7  ReadAccelerometerData         
20005a3d  main                          
20005f01  writeCommand                  
20005f45  writeData                     
20005f89  Adafruit_Init                 
200060cf  goTo                          
20006113  Color565                      
20006155  fillScreen                    
2000616b  fillRect                      
2000622d  drawFastVLine                 
200062c9  drawFastHLine                 
20006365  drawPixel                     
200063a3  invert                        
200063bf  __aeabi_idiv0                 
200063bf  __aeabi_ldiv0                 
2000643d  I2C_IF_Write                  
200064ed  I2C_IF_Read                   
200065a9  I2C_IF_ReadFrom               
200065ef  I2C_IF_Open                   
2000664b  I2C_IF_Close                  
20006661  InitTerm                      
2000667f  Message                       
200066a1  ClearTerm                     
200066ab  Error                         
200066e3  GetCmd                        
20006789  TrimSpace                     
20006821  Report                        
20006d11  __aeabi_dsub                  
20006d1b  __aeabi_dadd                  
20006ec9  PRCMCC3200MCUInit             
2000717d  __aeabi_ddiv                  
200072b5  PinMuxConfig                  
200074f9  aligned_alloc                 
200074f9  memalign                      
200075f9  __aeabi_dmul                  
200076f5  __aeabi_fsub                  
200076f9  __aeabi_fadd                  
200077f1  free                          
200078d5  realloc                       
200079b9  ldexp                         
200079b9  ldexpl                        
200079b9  scalbn                        
200079b9  scalbnl                       
20007a89  trunc                         
20007a89  truncl                        
20007bf1  IntEnable                     
20007c99  SPIConfigSetExpClk            
20007d39  __aeabi_memcpy                
20007d39  __aeabi_memcpy4               
20007d39  __aeabi_memcpy8               
20007d39  memcpy                        
20007dd5  __aeabi_uldivmod              
20007e6d  PRCMPeripheralClockGet        
20007f01  __aeabi_fdiv                  
20007f95  PinConfigSet                  
2000801d  __aeabi_cdcmpeq               
2000801d  __aeabi_cdcmple               
200080a3  __aeabi_cdrcmple              
20008129  I2CMasterInitExpClk           
200081ad  __aeabi_fmul                  
20008227  __aeabi_memclr                
20008227  __aeabi_memclr4               
20008227  __aeabi_memclr8               
20008229  __aeabi_memset                
20008229  __aeabi_memset4               
20008229  __aeabi_memset8               
2000822f  memset                        
200082a1  UARTConfigSetExpClk           
200083f7  __aeabi_d2f                   
20008465  __TI_decompress_lzss          
200084cd  __aeabi_cfcmpeq               
200084cd  __aeabi_cfcmple               
2000852d  __aeabi_cfrcmple              
2000858d  frexp                         
2000858d  frexpl                        
200085e9  PRCMPeripheralReset           
20008697  __TI_ltoa                     
2000873d  atoi                          
20008789  __aeabi_d2iz                  
200087d1  __TI_auto_init_nobinit_nopinit
20008815  PinModeSet                    
20008855  vsnprintf                     
200088d5  PRCMPeripheralClkEnable       
20008911  __aeabi_f2d                   
20008949  __aeabi_i2f                   
20008981  GPIODirModeSet                
200089b7  PinTypeGPIO                   
200089e9  UARTDisable                   
20008a49  __aeabi_i2d                   
20008a77  I2CMasterErr                  
20008aa5  PRCMSysResetCauseGet          
20008ad1  PRCMPeripheralClkDisable      
20008b21  memmove                       
20008b49  UARTEnable                    
20008b6d  _c_int00_noargs               
20008b91  I2CMasterSlaveAddrSet         
20008bb3  SPIReset                      
20008bd5  GPIOPinWrite                  
20008bf5  SPIDataGet                    
20008c15  I2CMasterIntStatusEx          
20008c33  SPIDataPut                    
20008c51  UARTCharPut                   
20008c6f  PinTypeI2C                    
20008c8b  UARTCharGetNonBlocking        
20008ca7  __TI_zero_init_nomemset       
20008ce1  memccpy                       
20008cfd  PinTypeSPI                    
20008d17  PinTypeUART                   
20008d31  I2CMasterIntEnableEx          
20008d49  SPICSDisable                  
20008d61  SPICSEnable                   
20008d79  SPIEnable                     
20008d91  UARTCharsAvail                
20008dc1  I2CMasterDataPut              
20008dd7  I2CMasterEnable               
20008ded  I2CMasterIntClear             
20008e03  PRCMHIBRegRead                
20008e19  PRCMHIBRegWrite               
20008e2f  strchr                        
20008e45  CPUcpsie                      
20008e59  IntVTableBaseSet              
20008e6d  strlen                        
20008e81  I2CMasterControl              
20008e93  I2CMasterTimeoutSet           
20008ea5  wcslen                        
20008eb7  I2CMasterDataGet              
20008ec5  __TI_decompress_none          
20008ed3  ResetISR                      
20008ee1  copysign                      
20008ee1  copysignl                     
20008eed  IntMasterEnable               
20008ef9  __aeabi_errno_addr            
20008f01  malloc                        
20008f09  UtilsDelay                    
20008f0f  _system_pre_init              
20008f13  C$$EXIT                       
20008f13  abort                         
20009413  _ctypes_                      
200096d8  __TI_static_base__            
200096f8  __TI_Handler_Table_Base       
20009704  __TI_Handler_Table_Limit      
20009710  __TI_CINIT_Base               
20009720  __TI_CINIT_Limit              
20017000  __start___llvm_prf_cnts       
20017000  __stop___llvm_prf_cnts        
20017000  _sys_memory                   
20017800  cursor_x                      
20017804  cursor_y                      
20017808  textsize                      
2001780c  textcolor                     
20017810  textbgcolor                   
20017814  wrap                          
20017818  g_iAccelX                     
2001781c  g_iAccelY                     
20017820  g_iAccelZ                     
20017824  _lock                         
20017828  _unlock                       
20017834  errno                         
2002f800  __stack                       
20030000  __STACK_END                   
ffffffff  __TI_pprof_out_hndl           
ffffffff  __TI_prof_data_size           
ffffffff  __TI_prof_data_start          
ffffffff  __binit__                     
ffffffff  __c_args__                    
ffffffff  binit                         
UNDEFED   __mpu_init                    
UNDEFED   _system_post_cinit            

[191 symbols]
