<?xml version="1.0" encoding="ISO-8859-1" ?>
<link_info>
   <banner>TI ARM Linker PC v20.2.7.LTS</banner>
   <copyright>Copyright (c) 1996-2018 Texas Instruments Incorporated</copyright>
   <link_time>0x67f8414e</link_time>
   <link_errors>0x0</link_errors>
   <output_file>i2c_demo.out</output_file>
   <entry_point>
      <name>_c_int00_noargs</name>
      <address>0x20008b6d</address>
   </entry_point>
   <input_file_list>
      <input_file id="fl-2">
         <path>.\</path>
         <kind>object</kind>
         <file>Adafruit_GFX.obj</file>
         <name>Adafruit_GFX.obj</name>
      </input_file>
      <input_file id="fl-3">
         <path>.\</path>
         <kind>object</kind>
         <file>Adafruit_OLED.obj</file>
         <name>Adafruit_OLED.obj</name>
      </input_file>
      <input_file id="fl-4">
         <path>.\</path>
         <kind>object</kind>
         <file>i2c_if.obj</file>
         <name>i2c_if.obj</name>
      </input_file>
      <input_file id="fl-5">
         <path>.\</path>
         <kind>object</kind>
         <file>main.obj</file>
         <name>main.obj</name>
      </input_file>
      <input_file id="fl-6">
         <path>.\</path>
         <kind>object</kind>
         <file>oled_test.obj</file>
         <name>oled_test.obj</name>
      </input_file>
      <input_file id="fl-7">
         <path>.\</path>
         <kind>object</kind>
         <file>pinmux.obj</file>
         <name>pinmux.obj</name>
      </input_file>
      <input_file id="fl-8">
         <path>.\</path>
         <kind>object</kind>
         <file>startup_ccs.obj</file>
         <name>startup_ccs.obj</name>
      </input_file>
      <input_file id="fl-9">
         <path>.\</path>
         <kind>object</kind>
         <file>uart_if.obj</file>
         <name>uart_if.obj</name>
      </input_file>
      <input_file id="fl-e">
         <kind>object</kind>
         <file>&lt;internal&gt;</file>
         <name>&lt;internal&gt;</name>
      </input_file>
      <input_file id="fl-f">
         <path>C:\ti\CC3200SDK_1.5.0\cc3200-sdk\driverlib\ccs\Release\</path>
         <kind>archive</kind>
         <file>driverlib.a</file>
         <name>gpio.obj</name>
      </input_file>
      <input_file id="fl-10">
         <path>C:\ti\CC3200SDK_1.5.0\cc3200-sdk\driverlib\ccs\Release\</path>
         <kind>archive</kind>
         <file>driverlib.a</file>
         <name>i2c.obj</name>
      </input_file>
      <input_file id="fl-11">
         <path>C:\ti\CC3200SDK_1.5.0\cc3200-sdk\driverlib\ccs\Release\</path>
         <kind>archive</kind>
         <file>driverlib.a</file>
         <name>interrupt.obj</name>
      </input_file>
      <input_file id="fl-12">
         <path>C:\ti\CC3200SDK_1.5.0\cc3200-sdk\driverlib\ccs\Release\</path>
         <kind>archive</kind>
         <file>driverlib.a</file>
         <name>pin.obj</name>
      </input_file>
      <input_file id="fl-13">
         <path>C:\ti\CC3200SDK_1.5.0\cc3200-sdk\driverlib\ccs\Release\</path>
         <kind>archive</kind>
         <file>driverlib.a</file>
         <name>prcm.obj</name>
      </input_file>
      <input_file id="fl-14">
         <path>C:\ti\CC3200SDK_1.5.0\cc3200-sdk\driverlib\ccs\Release\</path>
         <kind>archive</kind>
         <file>driverlib.a</file>
         <name>spi.obj</name>
      </input_file>
      <input_file id="fl-15">
         <path>C:\ti\CC3200SDK_1.5.0\cc3200-sdk\driverlib\ccs\Release\</path>
         <kind>archive</kind>
         <file>driverlib.a</file>
         <name>uart.obj</name>
      </input_file>
      <input_file id="fl-16">
         <path>C:\ti\CC3200SDK_1.5.0\cc3200-sdk\driverlib\ccs\Release\</path>
         <kind>archive</kind>
         <file>driverlib.a</file>
         <name>utils.obj</name>
      </input_file>
      <input_file id="fl-17">
         <path>C:\ti\CC3200SDK_1.5.0\cc3200-sdk\driverlib\ccs\Release\</path>
         <kind>archive</kind>
         <file>driverlib.a</file>
         <name>cpu.obj</name>
      </input_file>
      <input_file id="fl-18">
         <path>C:\ti\CC3200SDK_1.5.0\cc3200-sdk\driverlib\ccs\Release\</path>
         <kind>archive</kind>
         <file>driverlib.a</file>
         <name>flash.obj</name>
      </input_file>
      <input_file id="fl-ce">
         <path>C:\ti\ccs1250\ccs\tools\compiler\ti-cgt-arm_20.2.7.LTS\lib\</path>
         <kind>archive</kind>
         <file>rtsv7M4_T_le_eabi.lib</file>
         <name>s_trunc.c.obj</name>
      </input_file>
      <input_file id="fl-cf">
         <path>C:\ti\ccs1250\ccs\tools\compiler\ti-cgt-arm_20.2.7.LTS\lib\</path>
         <kind>archive</kind>
         <file>rtsv7M4_T_le_eabi.lib</file>
         <name>vsnprintf.c.obj</name>
      </input_file>
      <input_file id="fl-d0">
         <path>C:\ti\ccs1250\ccs\tools\compiler\ti-cgt-arm_20.2.7.LTS\lib\</path>
         <kind>archive</kind>
         <file>rtsv7M4_T_le_eabi.lib</file>
         <name>fd_add_t2.asm.obj</name>
      </input_file>
      <input_file id="fl-d1">
         <path>C:\ti\ccs1250\ccs\tools\compiler\ti-cgt-arm_20.2.7.LTS\lib\</path>
         <kind>archive</kind>
         <file>rtsv7M4_T_le_eabi.lib</file>
         <name>fd_cmp_t2.asm.obj</name>
      </input_file>
      <input_file id="fl-d2">
         <path>C:\ti\ccs1250\ccs\tools\compiler\ti-cgt-arm_20.2.7.LTS\lib\</path>
         <kind>archive</kind>
         <file>rtsv7M4_T_le_eabi.lib</file>
         <name>fd_div_t2.asm.obj</name>
      </input_file>
      <input_file id="fl-d3">
         <path>C:\ti\ccs1250\ccs\tools\compiler\ti-cgt-arm_20.2.7.LTS\lib\</path>
         <kind>archive</kind>
         <file>rtsv7M4_T_le_eabi.lib</file>
         <name>fd_mul_t2.asm.obj</name>
      </input_file>
      <input_file id="fl-d4">
         <path>C:\ti\ccs1250\ccs\tools\compiler\ti-cgt-arm_20.2.7.LTS\lib\</path>
         <kind>archive</kind>
         <file>rtsv7M4_T_le_eabi.lib</file>
         <name>fd_toi_t2.asm.obj</name>
      </input_file>
      <input_file id="fl-d5">
         <path>C:\ti\ccs1250\ccs\tools\compiler\ti-cgt-arm_20.2.7.LTS\lib\</path>
         <kind>archive</kind>
         <file>rtsv7M4_T_le_eabi.lib</file>
         <name>fd_tos_t2.asm.obj</name>
      </input_file>
      <input_file id="fl-d6">
         <path>C:\ti\ccs1250\ccs\tools\compiler\ti-cgt-arm_20.2.7.LTS\lib\</path>
         <kind>archive</kind>
         <file>rtsv7M4_T_le_eabi.lib</file>
         <name>fs_add_t2.asm.obj</name>
      </input_file>
      <input_file id="fl-d7">
         <path>C:\ti\ccs1250\ccs\tools\compiler\ti-cgt-arm_20.2.7.LTS\lib\</path>
         <kind>archive</kind>
         <file>rtsv7M4_T_le_eabi.lib</file>
         <name>fs_cmp_t2.asm.obj</name>
      </input_file>
      <input_file id="fl-d8">
         <path>C:\ti\ccs1250\ccs\tools\compiler\ti-cgt-arm_20.2.7.LTS\lib\</path>
         <kind>archive</kind>
         <file>rtsv7M4_T_le_eabi.lib</file>
         <name>fs_div_t2.asm.obj</name>
      </input_file>
      <input_file id="fl-d9">
         <path>C:\ti\ccs1250\ccs\tools\compiler\ti-cgt-arm_20.2.7.LTS\lib\</path>
         <kind>archive</kind>
         <file>rtsv7M4_T_le_eabi.lib</file>
         <name>fs_mul_t2.asm.obj</name>
      </input_file>
      <input_file id="fl-da">
         <path>C:\ti\ccs1250\ccs\tools\compiler\ti-cgt-arm_20.2.7.LTS\lib\</path>
         <kind>archive</kind>
         <file>rtsv7M4_T_le_eabi.lib</file>
         <name>fs_tod_t2.asm.obj</name>
      </input_file>
      <input_file id="fl-db">
         <path>C:\ti\ccs1250\ccs\tools\compiler\ti-cgt-arm_20.2.7.LTS\lib\</path>
         <kind>archive</kind>
         <file>rtsv7M4_T_le_eabi.lib</file>
         <name>i_tofd_t2.asm.obj</name>
      </input_file>
      <input_file id="fl-dc">
         <path>C:\ti\ccs1250\ccs\tools\compiler\ti-cgt-arm_20.2.7.LTS\lib\</path>
         <kind>archive</kind>
         <file>rtsv7M4_T_le_eabi.lib</file>
         <name>i_tofs_t2.asm.obj</name>
      </input_file>
      <input_file id="fl-dd">
         <path>C:\ti\ccs1250\ccs\tools\compiler\ti-cgt-arm_20.2.7.LTS\lib\</path>
         <kind>archive</kind>
         <file>rtsv7M4_T_le_eabi.lib</file>
         <name>memcpy_t2.asm.obj</name>
      </input_file>
      <input_file id="fl-de">
         <path>C:\ti\ccs1250\ccs\tools\compiler\ti-cgt-arm_20.2.7.LTS\lib\</path>
         <kind>archive</kind>
         <file>rtsv7M4_T_le_eabi.lib</file>
         <name>ull_div_t2.asm.obj</name>
      </input_file>
      <input_file id="fl-df">
         <path>C:\ti\ccs1250\ccs\tools\compiler\ti-cgt-arm_20.2.7.LTS\lib\</path>
         <kind>archive</kind>
         <file>rtsv7M4_T_le_eabi.lib</file>
         <name>copy_zero_init.c.obj</name>
      </input_file>
      <input_file id="fl-e0">
         <path>C:\ti\ccs1250\ccs\tools\compiler\ti-cgt-arm_20.2.7.LTS\lib\</path>
         <kind>archive</kind>
         <file>rtsv7M4_T_le_eabi.lib</file>
         <name>copy_decompress_none.c.obj</name>
      </input_file>
      <input_file id="fl-e1">
         <path>C:\ti\ccs1250\ccs\tools\compiler\ti-cgt-arm_20.2.7.LTS\lib\</path>
         <kind>archive</kind>
         <file>rtsv7M4_T_le_eabi.lib</file>
         <name>copy_decompress_lzss.c.obj</name>
      </input_file>
      <input_file id="fl-e2">
         <path>C:\ti\ccs1250\ccs\tools\compiler\ti-cgt-arm_20.2.7.LTS\lib\</path>
         <kind>archive</kind>
         <file>rtsv7M4_T_le_eabi.lib</file>
         <name>memmov.c.obj</name>
      </input_file>
      <input_file id="fl-e3">
         <path>C:\ti\ccs1250\ccs\tools\compiler\ti-cgt-arm_20.2.7.LTS\lib\</path>
         <kind>archive</kind>
         <file>rtsv7M4_T_le_eabi.lib</file>
         <name>memory.c.obj</name>
      </input_file>
      <input_file id="fl-e4">
         <path>C:\ti\ccs1250\ccs\tools\compiler\ti-cgt-arm_20.2.7.LTS\lib\</path>
         <kind>archive</kind>
         <file>rtsv7M4_T_le_eabi.lib</file>
         <name>strlen.c.obj</name>
      </input_file>
      <input_file id="fl-e5">
         <path>C:\ti\ccs1250\ccs\tools\compiler\ti-cgt-arm_20.2.7.LTS\lib\</path>
         <kind>archive</kind>
         <file>rtsv7M4_T_le_eabi.lib</file>
         <name>boot_cortex_m.c.obj</name>
      </input_file>
      <input_file id="fl-e6">
         <path>C:\ti\ccs1250\ccs\tools\compiler\ti-cgt-arm_20.2.7.LTS\lib\</path>
         <kind>archive</kind>
         <file>rtsv7M4_T_le_eabi.lib</file>
         <name>_printfi.c.obj</name>
      </input_file>
      <input_file id="fl-e7">
         <path>C:\ti\ccs1250\ccs\tools\compiler\ti-cgt-arm_20.2.7.LTS\lib\</path>
         <kind>archive</kind>
         <file>rtsv7M4_T_le_eabi.lib</file>
         <name>div0.asm.obj</name>
      </input_file>
      <input_file id="fl-e8">
         <path>C:\ti\ccs1250\ccs\tools\compiler\ti-cgt-arm_20.2.7.LTS\lib\</path>
         <kind>archive</kind>
         <file>rtsv7M4_T_le_eabi.lib</file>
         <name>memset_t2.asm.obj</name>
      </input_file>
      <input_file id="fl-e9">
         <path>C:\ti\ccs1250\ccs\tools\compiler\ti-cgt-arm_20.2.7.LTS\lib\</path>
         <kind>archive</kind>
         <file>rtsv7M4_T_le_eabi.lib</file>
         <name>autoinit.c.obj</name>
      </input_file>
      <input_file id="fl-ea">
         <path>C:\ti\ccs1250\ccs\tools\compiler\ti-cgt-arm_20.2.7.LTS\lib\</path>
         <kind>archive</kind>
         <file>rtsv7M4_T_le_eabi.lib</file>
         <name>pre_init.c.obj</name>
      </input_file>
      <input_file id="fl-eb">
         <path>C:\ti\ccs1250\ccs\tools\compiler\ti-cgt-arm_20.2.7.LTS\lib\</path>
         <kind>archive</kind>
         <file>rtsv7M4_T_le_eabi.lib</file>
         <name>cpy_tbl.c.obj</name>
      </input_file>
      <input_file id="fl-ec">
         <path>C:\ti\ccs1250\ccs\tools\compiler\ti-cgt-arm_20.2.7.LTS\lib\</path>
         <kind>archive</kind>
         <file>rtsv7M4_T_le_eabi.lib</file>
         <name>exit.c.obj</name>
      </input_file>
      <input_file id="fl-ed">
         <path>C:\ti\ccs1250\ccs\tools\compiler\ti-cgt-arm_20.2.7.LTS\lib\</path>
         <kind>archive</kind>
         <file>rtsv7M4_T_le_eabi.lib</file>
         <name>_lock.c.obj</name>
      </input_file>
      <input_file id="fl-ee">
         <path>C:\ti\ccs1250\ccs\tools\compiler\ti-cgt-arm_20.2.7.LTS\lib\</path>
         <kind>archive</kind>
         <file>rtsv7M4_T_le_eabi.lib</file>
         <name>_ltoa.c.obj</name>
      </input_file>
      <input_file id="fl-ef">
         <path>C:\ti\ccs1250\ccs\tools\compiler\ti-cgt-arm_20.2.7.LTS\lib\</path>
         <kind>archive</kind>
         <file>rtsv7M4_T_le_eabi.lib</file>
         <name>args_main.c.obj</name>
      </input_file>
      <input_file id="fl-f0">
         <path>C:\ti\ccs1250\ccs\tools\compiler\ti-cgt-arm_20.2.7.LTS\lib\</path>
         <kind>archive</kind>
         <file>rtsv7M4_T_le_eabi.lib</file>
         <name>atoi.c.obj</name>
      </input_file>
      <input_file id="fl-f1">
         <path>C:\ti\ccs1250\ccs\tools\compiler\ti-cgt-arm_20.2.7.LTS\lib\</path>
         <kind>archive</kind>
         <file>rtsv7M4_T_le_eabi.lib</file>
         <name>ctype.c.obj</name>
      </input_file>
      <input_file id="fl-f2">
         <path>C:\ti\ccs1250\ccs\tools\compiler\ti-cgt-arm_20.2.7.LTS\lib\</path>
         <kind>archive</kind>
         <file>rtsv7M4_T_le_eabi.lib</file>
         <name>memccpy.c.obj</name>
      </input_file>
      <input_file id="fl-f3">
         <path>C:\ti\ccs1250\ccs\tools\compiler\ti-cgt-arm_20.2.7.LTS\lib\</path>
         <kind>archive</kind>
         <file>rtsv7M4_T_le_eabi.lib</file>
         <name>strchr.c.obj</name>
      </input_file>
      <input_file id="fl-f4">
         <path>C:\ti\ccs1250\ccs\tools\compiler\ti-cgt-arm_20.2.7.LTS\lib\</path>
         <kind>archive</kind>
         <file>rtsv7M4_T_le_eabi.lib</file>
         <name>errno.c.obj</name>
      </input_file>
      <input_file id="fl-f5">
         <path>C:\ti\ccs1250\ccs\tools\compiler\ti-cgt-arm_20.2.7.LTS\lib\</path>
         <kind>archive</kind>
         <file>rtsv7M4_T_le_eabi.lib</file>
         <name>wcslen.c.obj</name>
      </input_file>
      <input_file id="fl-f6">
         <path>C:\ti\ccs1250\ccs\tools\compiler\ti-cgt-arm_20.2.7.LTS\lib\</path>
         <kind>archive</kind>
         <file>rtsv7M4_T_le_eabi.lib</file>
         <name>s_frexp.c.obj</name>
      </input_file>
      <input_file id="fl-f7">
         <path>C:\ti\ccs1250\ccs\tools\compiler\ti-cgt-arm_20.2.7.LTS\lib\</path>
         <kind>archive</kind>
         <file>rtsv7M4_T_le_eabi.lib</file>
         <name>s_scalbn.c.obj</name>
      </input_file>
      <input_file id="fl-f8">
         <path>C:\ti\ccs1250\ccs\tools\compiler\ti-cgt-arm_20.2.7.LTS\lib\</path>
         <kind>archive</kind>
         <file>rtsv7M4_T_le_eabi.lib</file>
         <name>s_copysign.c.obj</name>
      </input_file>
   </input_file_list>
   <object_component_list>
      <object_component id="oc-12">
         <name>.intvecs</name>
         <load_address>0x20004000</load_address>
         <run_address>0x20004000</run_address>
         <size>0x400</size>
         <input_file_ref idref="fl-8"/>
      </object_component>
      <object_component id="oc-163">
         <name>.text</name>
         <load_address>0x20004400</load_address>
         <run_address>0x20004400</run_address>
         <size>0xa80</size>
         <input_file_ref idref="fl-2"/>
      </object_component>
      <object_component id="oc-31b">
         <name>.text:__TI_printfi</name>
         <load_address>0x20004e80</load_address>
         <run_address>0x20004e80</run_address>
         <size>0xa4e</size>
         <input_file_ref idref="fl-e6"/>
      </object_component>
      <object_component id="oc-3af">
         <name>.text:_nop</name>
         <load_address>0x200058ce</load_address>
         <run_address>0x200058ce</run_address>
         <size>0x2</size>
         <input_file_ref idref="fl-ed"/>
      </object_component>
      <object_component id="oc-97">
         <name>.text</name>
         <load_address>0x200058d0</load_address>
         <run_address>0x200058d0</run_address>
         <size>0x630</size>
         <input_file_ref idref="fl-5"/>
      </object_component>
      <object_component id="oc-113">
         <name>.text</name>
         <load_address>0x20005f00</load_address>
         <run_address>0x20005f00</run_address>
         <size>0x4be</size>
         <input_file_ref idref="fl-3"/>
      </object_component>
      <object_component id="oc-4a7">
         <name>.text</name>
         <load_address>0x200063be</load_address>
         <run_address>0x200063be</run_address>
         <size>0x2</size>
         <input_file_ref idref="fl-e7"/>
      </object_component>
      <object_component id="oc-cb">
         <name>.text</name>
         <load_address>0x200063c0</load_address>
         <run_address>0x200063c0</run_address>
         <size>0x2a0</size>
         <input_file_ref idref="fl-4"/>
      </object_component>
      <object_component id="oc-c5">
         <name>.text</name>
         <load_address>0x20006660</load_address>
         <run_address>0x20006660</run_address>
         <size>0x27c</size>
         <input_file_ref idref="fl-9"/>
      </object_component>
      <object_component id="oc-3ee">
         <name>.text:_pconv_a</name>
         <load_address>0x200068dc</load_address>
         <run_address>0x200068dc</run_address>
         <size>0x268</size>
         <input_file_ref idref="fl-e6"/>
      </object_component>
      <object_component id="oc-3dc">
         <name>.text:_pconv_g</name>
         <load_address>0x20006b44</load_address>
         <run_address>0x20006b44</run_address>
         <size>0x1cc</size>
         <input_file_ref idref="fl-e6"/>
      </object_component>
      <object_component id="oc-2c8">
         <name>.text</name>
         <load_address>0x20006d10</load_address>
         <run_address>0x20006d10</run_address>
         <size>0x1b6</size>
         <input_file_ref idref="fl-d0"/>
      </object_component>
      <object_component id="oc-e3">
         <name>.text:PRCMCC3200MCUInit</name>
         <load_address>0x20006ec8</load_address>
         <run_address>0x20006ec8</run_address>
         <size>0x178</size>
         <input_file_ref idref="fl-13"/>
      </object_component>
      <object_component id="oc-3e8">
         <name>.text:_pconv_e</name>
         <load_address>0x20007040</load_address>
         <run_address>0x20007040</run_address>
         <size>0x13c</size>
         <input_file_ref idref="fl-e6"/>
      </object_component>
      <object_component id="oc-128">
         <name>.text</name>
         <load_address>0x2000717c</load_address>
         <run_address>0x2000717c</run_address>
         <size>0x136</size>
         <input_file_ref idref="fl-d2"/>
      </object_component>
      <object_component id="oc-e9">
         <name>.text</name>
         <load_address>0x200072b4</load_address>
         <run_address>0x200072b4</run_address>
         <size>0x124</size>
         <input_file_ref idref="fl-7"/>
      </object_component>
      <object_component id="oc-462">
         <name>.text:fcvt</name>
         <load_address>0x200073d8</load_address>
         <run_address>0x200073d8</run_address>
         <size>0x120</size>
         <input_file_ref idref="fl-e6"/>
      </object_component>
      <object_component id="oc-33f">
         <name>.text:aligned_alloc</name>
         <load_address>0x200074f8</load_address>
         <run_address>0x200074f8</run_address>
         <size>0x100</size>
         <input_file_ref idref="fl-e3"/>
      </object_component>
      <object_component id="oc-11e">
         <name>.text</name>
         <load_address>0x200075f8</load_address>
         <run_address>0x200075f8</run_address>
         <size>0xfc</size>
         <input_file_ref idref="fl-d3"/>
      </object_component>
      <object_component id="oc-132">
         <name>.text</name>
         <load_address>0x200076f4</load_address>
         <run_address>0x200076f4</run_address>
         <size>0xfa</size>
         <input_file_ref idref="fl-d6"/>
      </object_component>
      <object_component id="oc-1e0">
         <name>.text:free</name>
         <load_address>0x200077f0</load_address>
         <run_address>0x200077f0</run_address>
         <size>0xe4</size>
         <input_file_ref idref="fl-e3"/>
      </object_component>
      <object_component id="oc-1da">
         <name>.text:realloc</name>
         <load_address>0x200078d4</load_address>
         <run_address>0x200078d4</run_address>
         <size>0xe4</size>
         <input_file_ref idref="fl-e3"/>
      </object_component>
      <object_component id="oc-476">
         <name>.text:scalbn</name>
         <load_address>0x200079b8</load_address>
         <run_address>0x200079b8</run_address>
         <size>0xd0</size>
         <input_file_ref idref="fl-f7"/>
      </object_component>
      <object_component id="oc-15d">
         <name>.text:trunc</name>
         <load_address>0x20007a88</load_address>
         <run_address>0x20007a88</run_address>
         <size>0xb4</size>
         <input_file_ref idref="fl-ce"/>
      </object_component>
      <object_component id="oc-3d6">
         <name>.text:_ltostr</name>
         <load_address>0x20007b3c</load_address>
         <run_address>0x20007b3c</run_address>
         <size>0xb1</size>
         <input_file_ref idref="fl-e6"/>
      </object_component>
      <object_component id="oc-dd">
         <name>.text:IntEnable</name>
         <load_address>0x20007bf0</load_address>
         <run_address>0x20007bf0</run_address>
         <size>0xa8</size>
         <input_file_ref idref="fl-11"/>
      </object_component>
      <object_component id="oc-107">
         <name>.text:SPIConfigSetExpClk</name>
         <load_address>0x20007c98</load_address>
         <run_address>0x20007c98</run_address>
         <size>0xa0</size>
         <input_file_ref idref="fl-14"/>
      </object_component>
      <object_component id="oc-3d">
         <name>.text</name>
         <load_address>0x20007d38</load_address>
         <run_address>0x20007d38</run_address>
         <size>0x9c</size>
         <input_file_ref idref="fl-dd"/>
      </object_component>
      <object_component id="oc-449">
         <name>.text</name>
         <load_address>0x20007dd4</load_address>
         <run_address>0x20007dd4</run_address>
         <size>0x96</size>
         <input_file_ref idref="fl-de"/>
      </object_component>
      <object_component id="oc-101">
         <name>.text:PRCMPeripheralClockGet</name>
         <load_address>0x20007e6c</load_address>
         <run_address>0x20007e6c</run_address>
         <size>0x94</size>
         <input_file_ref idref="fl-13"/>
      </object_component>
      <object_component id="oc-158">
         <name>.text</name>
         <load_address>0x20007f00</load_address>
         <run_address>0x20007f00</run_address>
         <size>0x92</size>
         <input_file_ref idref="fl-d8"/>
      </object_component>
      <object_component id="oc-388">
         <name>.text:PinConfigSet</name>
         <load_address>0x20007f94</load_address>
         <run_address>0x20007f94</run_address>
         <size>0x88</size>
         <input_file_ref idref="fl-12"/>
      </object_component>
      <object_component id="oc-14b">
         <name>.text:__aeabi_cdcmple</name>
         <load_address>0x2000801c</load_address>
         <run_address>0x2000801c</run_address>
         <size>0x86</size>
         <input_file_ref idref="fl-d1"/>
      </object_component>
      <object_component id="oc-2cd">
         <name>.text:__aeabi_cdrcmple</name>
         <load_address>0x200080a2</load_address>
         <run_address>0x200080a2</run_address>
         <size>0x86</size>
         <input_file_ref idref="fl-d1"/>
      </object_component>
      <object_component id="oc-237">
         <name>.text:I2CMasterInitExpClk</name>
         <load_address>0x20008128</load_address>
         <run_address>0x20008128</run_address>
         <size>0x84</size>
         <input_file_ref idref="fl-10"/>
      </object_component>
      <object_component id="oc-153">
         <name>.text</name>
         <load_address>0x200081ac</load_address>
         <run_address>0x200081ac</run_address>
         <size>0x7a</size>
         <input_file_ref idref="fl-d9"/>
      </object_component>
      <object_component id="oc-8b">
         <name>.text</name>
         <load_address>0x20008226</load_address>
         <run_address>0x20008226</run_address>
         <size>0x7a</size>
         <input_file_ref idref="fl-e8"/>
      </object_component>
      <object_component id="oc-1aa">
         <name>.text:UARTConfigSetExpClk</name>
         <load_address>0x200082a0</load_address>
         <run_address>0x200082a0</run_address>
         <size>0x76</size>
         <input_file_ref idref="fl-15"/>
      </object_component>
      <object_component id="oc-34c">
         <name>.text:split</name>
         <load_address>0x20008318</load_address>
         <run_address>0x20008318</run_address>
         <size>0x70</size>
         <input_file_ref idref="fl-e3"/>
      </object_component>
      <object_component id="oc-45b">
         <name>.text:_mcpy</name>
         <load_address>0x20008388</load_address>
         <run_address>0x20008388</run_address>
         <size>0x6e</size>
         <input_file_ref idref="fl-e6"/>
      </object_component>
      <object_component id="oc-12d">
         <name>.text</name>
         <load_address>0x200083f6</load_address>
         <run_address>0x200083f6</run_address>
         <size>0x6e</size>
         <input_file_ref idref="fl-d5"/>
      </object_component>
      <object_component id="oc-15">
         <name>.text:decompress:lzss:__TI_decompress_lzss</name>
         <load_address>0x20008464</load_address>
         <run_address>0x20008464</run_address>
         <size>0x68</size>
         <input_file_ref idref="fl-e1"/>
      </object_component>
      <object_component id="oc-141">
         <name>.text:__aeabi_cfcmple</name>
         <load_address>0x200084cc</load_address>
         <run_address>0x200084cc</run_address>
         <size>0x60</size>
         <input_file_ref idref="fl-d7"/>
      </object_component>
      <object_component id="oc-13c">
         <name>.text:__aeabi_cfrcmple</name>
         <load_address>0x2000852c</load_address>
         <run_address>0x2000852c</run_address>
         <size>0x60</size>
         <input_file_ref idref="fl-d7"/>
      </object_component>
      <object_component id="oc-470">
         <name>.text:frexp</name>
         <load_address>0x2000858c</load_address>
         <run_address>0x2000858c</run_address>
         <size>0x5c</size>
         <input_file_ref idref="fl-f6"/>
      </object_component>
      <object_component id="oc-225">
         <name>.text:PRCMPeripheralReset</name>
         <load_address>0x200085e8</load_address>
         <run_address>0x200085e8</run_address>
         <size>0x58</size>
         <input_file_ref idref="fl-13"/>
      </object_component>
      <object_component id="oc-3e2">
         <name>.text:_pconv_f</name>
         <load_address>0x20008640</load_address>
         <run_address>0x20008640</run_address>
         <size>0x56</size>
         <input_file_ref idref="fl-e6"/>
      </object_component>
      <object_component id="oc-44f">
         <name>.text:__TI_ltoa</name>
         <load_address>0x20008696</load_address>
         <run_address>0x20008696</run_address>
         <size>0x54</size>
         <input_file_ref idref="fl-ee"/>
      </object_component>
      <object_component id="oc-455">
         <name>.text:_ecpy</name>
         <load_address>0x200086ea</load_address>
         <run_address>0x200086ea</run_address>
         <size>0x52</size>
         <input_file_ref idref="fl-e6"/>
      </object_component>
      <object_component id="oc-3d0">
         <name>.text:atoi</name>
         <load_address>0x2000873c</load_address>
         <run_address>0x2000873c</run_address>
         <size>0x4c</size>
         <input_file_ref idref="fl-f0"/>
      </object_component>
      <object_component id="oc-123">
         <name>.text</name>
         <load_address>0x20008788</load_address>
         <run_address>0x20008788</run_address>
         <size>0x48</size>
         <input_file_ref idref="fl-d4"/>
      </object_component>
      <object_component id="oc-178">
         <name>.text:__TI_auto_init_nobinit_nopinit:__TI_auto_init_nobinit_nopinit</name>
         <load_address>0x200087d0</load_address>
         <run_address>0x200087d0</run_address>
         <size>0x44</size>
         <input_file_ref idref="fl-e9"/>
      </object_component>
      <object_component id="oc-26e">
         <name>.text:PinModeSet</name>
         <load_address>0x20008814</load_address>
         <run_address>0x20008814</run_address>
         <size>0x40</size>
         <input_file_ref idref="fl-12"/>
      </object_component>
      <object_component id="oc-1b6">
         <name>.text:vsnprintf</name>
         <load_address>0x20008854</load_address>
         <run_address>0x20008854</run_address>
         <size>0x40</size>
         <input_file_ref idref="fl-cf"/>
      </object_component>
      <object_component id="oc-468">
         <name>.text:_fcpy</name>
         <load_address>0x20008894</load_address>
         <run_address>0x20008894</run_address>
         <size>0x3e</size>
         <input_file_ref idref="fl-e6"/>
      </object_component>
      <object_component id="oc-ef">
         <name>.text:PRCMPeripheralClkEnable</name>
         <load_address>0x200088d4</load_address>
         <run_address>0x200088d4</run_address>
         <size>0x3c</size>
         <input_file_ref idref="fl-13"/>
      </object_component>
      <object_component id="oc-146">
         <name>.text</name>
         <load_address>0x20008910</load_address>
         <run_address>0x20008910</run_address>
         <size>0x38</size>
         <input_file_ref idref="fl-da"/>
      </object_component>
      <object_component id="oc-137">
         <name>.text</name>
         <load_address>0x20008948</load_address>
         <run_address>0x20008948</run_address>
         <size>0x38</size>
         <input_file_ref idref="fl-dc"/>
      </object_component>
      <object_component id="oc-f5">
         <name>.text:GPIODirModeSet</name>
         <load_address>0x20008980</load_address>
         <run_address>0x20008980</run_address>
         <size>0x36</size>
         <input_file_ref idref="fl-f"/>
      </object_component>
      <object_component id="oc-274">
         <name>.text:PinTypeGPIO</name>
         <load_address>0x200089b6</load_address>
         <run_address>0x200089b6</run_address>
         <size>0x30</size>
         <input_file_ref idref="fl-12"/>
      </object_component>
      <object_component id="oc-30d">
         <name>.text:UARTDisable</name>
         <load_address>0x200089e8</load_address>
         <run_address>0x200089e8</run_address>
         <size>0x30</size>
         <input_file_ref idref="fl-15"/>
      </object_component>
      <object_component id="oc-321">
         <name>.text:_outs</name>
         <load_address>0x20008a18</load_address>
         <run_address>0x20008a18</run_address>
         <size>0x30</size>
         <input_file_ref idref="fl-cf"/>
      </object_component>
      <object_component id="oc-119">
         <name>.text</name>
         <load_address>0x20008a48</load_address>
         <run_address>0x20008a48</run_address>
         <size>0x2e</size>
         <input_file_ref idref="fl-db"/>
      </object_component>
      <object_component id="oc-20d">
         <name>.text:I2CMasterErr</name>
         <load_address>0x20008a76</load_address>
         <run_address>0x20008a76</run_address>
         <size>0x2c</size>
         <input_file_ref idref="fl-10"/>
      </object_component>
      <object_component id="oc-25b">
         <name>.text:PRCMSysResetCauseGet</name>
         <load_address>0x20008aa4</load_address>
         <run_address>0x20008aa4</run_address>
         <size>0x2c</size>
         <input_file_ref idref="fl-13"/>
      </object_component>
      <object_component id="oc-23d">
         <name>.text:PRCMPeripheralClkDisable</name>
         <load_address>0x20008ad0</load_address>
         <run_address>0x20008ad0</run_address>
         <size>0x28</size>
         <input_file_ref idref="fl-13"/>
      </object_component>
      <object_component id="oc-353">
         <name>.text:free_list_insert</name>
         <load_address>0x20008af8</load_address>
         <run_address>0x20008af8</run_address>
         <size>0x28</size>
         <input_file_ref idref="fl-e3"/>
      </object_component>
      <object_component id="oc-1ce">
         <name>.text:memmove</name>
         <load_address>0x20008b20</load_address>
         <run_address>0x20008b20</run_address>
         <size>0x28</size>
         <input_file_ref idref="fl-e2"/>
      </object_component>
      <object_component id="oc-313">
         <name>.text:UARTEnable</name>
         <load_address>0x20008b48</load_address>
         <run_address>0x20008b48</run_address>
         <size>0x24</size>
         <input_file_ref idref="fl-15"/>
      </object_component>
      <object_component id="oc-5b">
         <name>.text:_c_int00_noargs:_c_int00_noargs</name>
         <load_address>0x20008b6c</load_address>
         <run_address>0x20008b6c</run_address>
         <size>0x24</size>
         <input_file_ref idref="fl-e5"/>
      </object_component>
      <object_component id="oc-213">
         <name>.text:I2CMasterSlaveAddrSet</name>
         <load_address>0x20008b90</load_address>
         <run_address>0x20008b90</run_address>
         <size>0x22</size>
         <input_file_ref idref="fl-10"/>
      </object_component>
      <object_component id="oc-fb">
         <name>.text:SPIReset</name>
         <load_address>0x20008bb2</load_address>
         <run_address>0x20008bb2</run_address>
         <size>0x22</size>
         <input_file_ref idref="fl-14"/>
      </object_component>
      <object_component id="oc-296">
         <name>.text:GPIOPinWrite</name>
         <load_address>0x20008bd4</load_address>
         <run_address>0x20008bd4</run_address>
         <size>0x20</size>
         <input_file_ref idref="fl-f"/>
      </object_component>
      <object_component id="oc-2a8">
         <name>.text:SPIDataGet</name>
         <load_address>0x20008bf4</load_address>
         <run_address>0x20008bf4</run_address>
         <size>0x20</size>
         <input_file_ref idref="fl-14"/>
      </object_component>
      <object_component id="oc-207">
         <name>.text:I2CMasterIntStatusEx</name>
         <load_address>0x20008c14</load_address>
         <run_address>0x20008c14</run_address>
         <size>0x1e</size>
         <input_file_ref idref="fl-10"/>
      </object_component>
      <object_component id="oc-2a2">
         <name>.text:SPIDataPut</name>
         <load_address>0x20008c32</load_address>
         <run_address>0x20008c32</run_address>
         <size>0x1e</size>
         <input_file_ref idref="fl-14"/>
      </object_component>
      <object_component id="oc-1b0">
         <name>.text:UARTCharPut</name>
         <load_address>0x20008c50</load_address>
         <run_address>0x20008c50</run_address>
         <size>0x1e</size>
         <input_file_ref idref="fl-15"/>
      </object_component>
      <object_component id="oc-286">
         <name>.text:PinTypeI2C</name>
         <load_address>0x20008c6e</load_address>
         <run_address>0x20008c6e</run_address>
         <size>0x1c</size>
         <input_file_ref idref="fl-12"/>
      </object_component>
      <object_component id="oc-1c2">
         <name>.text:UARTCharGetNonBlocking</name>
         <load_address>0x20008c8a</load_address>
         <run_address>0x20008c8a</run_address>
         <size>0x1c</size>
         <input_file_ref idref="fl-15"/>
      </object_component>
      <object_component id="oc-49">
         <name>.text:decompress:ZI:__TI_zero_init_nomemset:__TI_zero_init_nomemset</name>
         <load_address>0x20008ca6</load_address>
         <run_address>0x20008ca6</run_address>
         <size>0x1c</size>
         <input_file_ref idref="fl-df"/>
      </object_component>
      <object_component id="oc-346">
         <name>.text:free_list_remove</name>
         <load_address>0x20008cc4</load_address>
         <run_address>0x20008cc4</run_address>
         <size>0x1c</size>
         <input_file_ref idref="fl-e3"/>
      </object_component>
      <object_component id="oc-3f4">
         <name>.text:memccpy</name>
         <load_address>0x20008ce0</load_address>
         <run_address>0x20008ce0</run_address>
         <size>0x1c</size>
         <input_file_ref idref="fl-f2"/>
      </object_component>
      <object_component id="oc-27a">
         <name>.text:PinTypeSPI</name>
         <load_address>0x20008cfc</load_address>
         <run_address>0x20008cfc</run_address>
         <size>0x1a</size>
         <input_file_ref idref="fl-12"/>
      </object_component>
      <object_component id="oc-280">
         <name>.text:PinTypeUART</name>
         <load_address>0x20008d16</load_address>
         <run_address>0x20008d16</run_address>
         <size>0x1a</size>
         <input_file_ref idref="fl-12"/>
      </object_component>
      <object_component id="oc-231">
         <name>.text:I2CMasterIntEnableEx</name>
         <load_address>0x20008d30</load_address>
         <run_address>0x20008d30</run_address>
         <size>0x18</size>
         <input_file_ref idref="fl-10"/>
      </object_component>
      <object_component id="oc-2ae">
         <name>.text:SPICSDisable</name>
         <load_address>0x20008d48</load_address>
         <run_address>0x20008d48</run_address>
         <size>0x18</size>
         <input_file_ref idref="fl-14"/>
      </object_component>
      <object_component id="oc-29c">
         <name>.text:SPICSEnable</name>
         <load_address>0x20008d60</load_address>
         <run_address>0x20008d60</run_address>
         <size>0x18</size>
         <input_file_ref idref="fl-14"/>
      </object_component>
      <object_component id="oc-10d">
         <name>.text:SPIEnable</name>
         <load_address>0x20008d78</load_address>
         <run_address>0x20008d78</run_address>
         <size>0x18</size>
         <input_file_ref idref="fl-14"/>
      </object_component>
      <object_component id="oc-1bc">
         <name>.text:UARTCharsAvail</name>
         <load_address>0x20008d90</load_address>
         <run_address>0x20008d90</run_address>
         <size>0x18</size>
         <input_file_ref idref="fl-15"/>
      </object_component>
      <object_component id="oc-327">
         <name>.text:_outc</name>
         <load_address>0x20008da8</load_address>
         <run_address>0x20008da8</run_address>
         <size>0x18</size>
         <input_file_ref idref="fl-cf"/>
      </object_component>
      <object_component id="oc-219">
         <name>.text:I2CMasterDataPut</name>
         <load_address>0x20008dc0</load_address>
         <run_address>0x20008dc0</run_address>
         <size>0x16</size>
         <input_file_ref idref="fl-10"/>
      </object_component>
      <object_component id="oc-22b">
         <name>.text:I2CMasterEnable</name>
         <load_address>0x20008dd6</load_address>
         <run_address>0x20008dd6</run_address>
         <size>0x16</size>
         <input_file_ref idref="fl-10"/>
      </object_component>
      <object_component id="oc-1f5">
         <name>.text:I2CMasterIntClear</name>
         <load_address>0x20008dec</load_address>
         <run_address>0x20008dec</run_address>
         <size>0x16</size>
         <input_file_ref idref="fl-10"/>
      </object_component>
      <object_component id="oc-261">
         <name>.text:PRCMHIBRegRead</name>
         <load_address>0x20008e02</load_address>
         <run_address>0x20008e02</run_address>
         <size>0x16</size>
         <input_file_ref idref="fl-13"/>
      </object_component>
      <object_component id="oc-267">
         <name>.text:PRCMHIBRegWrite</name>
         <load_address>0x20008e18</load_address>
         <run_address>0x20008e18</run_address>
         <size>0x16</size>
         <input_file_ref idref="fl-13"/>
      </object_component>
      <object_component id="oc-47c">
         <name>.text:strchr</name>
         <load_address>0x20008e2e</load_address>
         <run_address>0x20008e2e</run_address>
         <size>0x16</size>
         <input_file_ref idref="fl-f3"/>
      </object_component>
      <object_component id="oc-24b">
         <name>.text:CPUcpsie</name>
         <load_address>0x20008e44</load_address>
         <run_address>0x20008e44</run_address>
         <size>0x14</size>
         <input_file_ref idref="fl-17"/>
      </object_component>
      <object_component id="oc-d1">
         <name>.text:IntVTableBaseSet</name>
         <load_address>0x20008e58</load_address>
         <run_address>0x20008e58</run_address>
         <size>0x14</size>
         <input_file_ref idref="fl-11"/>
      </object_component>
      <object_component id="oc-1c8">
         <name>.text:strlen</name>
         <load_address>0x20008e6c</load_address>
         <run_address>0x20008e6c</run_address>
         <size>0x14</size>
         <input_file_ref idref="fl-e4"/>
      </object_component>
      <object_component id="oc-201">
         <name>.text:I2CMasterControl</name>
         <load_address>0x20008e80</load_address>
         <run_address>0x20008e80</run_address>
         <size>0x12</size>
         <input_file_ref idref="fl-10"/>
      </object_component>
      <object_component id="oc-1fb">
         <name>.text:I2CMasterTimeoutSet</name>
         <load_address>0x20008e92</load_address>
         <run_address>0x20008e92</run_address>
         <size>0x12</size>
         <input_file_ref idref="fl-10"/>
      </object_component>
      <object_component id="oc-3fa">
         <name>.text:wcslen</name>
         <load_address>0x20008ea4</load_address>
         <run_address>0x20008ea4</run_address>
         <size>0x12</size>
         <input_file_ref idref="fl-f5"/>
      </object_component>
      <object_component id="oc-21f">
         <name>.text:I2CMasterDataGet</name>
         <load_address>0x20008eb6</load_address>
         <run_address>0x20008eb6</run_address>
         <size>0xe</size>
         <input_file_ref idref="fl-10"/>
      </object_component>
      <object_component id="oc-1b">
         <name>.text:decompress:none:__TI_decompress_none</name>
         <load_address>0x20008ec4</load_address>
         <run_address>0x20008ec4</run_address>
         <size>0xe</size>
         <input_file_ref idref="fl-e0"/>
      </object_component>
      <object_component id="oc-29">
         <name>.text</name>
         <load_address>0x20008ed2</load_address>
         <run_address>0x20008ed2</run_address>
         <size>0xe</size>
         <input_file_ref idref="fl-8"/>
      </object_component>
      <object_component id="oc-4ba">
         <name>.text:copysign</name>
         <load_address>0x20008ee0</load_address>
         <run_address>0x20008ee0</run_address>
         <size>0xc</size>
         <input_file_ref idref="fl-f8"/>
      </object_component>
      <object_component id="oc-d7">
         <name>.text:IntMasterEnable</name>
         <load_address>0x20008eec</load_address>
         <run_address>0x20008eec</run_address>
         <size>0xa</size>
         <input_file_ref idref="fl-11"/>
      </object_component>
      <object_component id="oc-400">
         <name>.text:__aeabi_errno_addr</name>
         <load_address>0x20008ef8</load_address>
         <run_address>0x20008ef8</run_address>
         <size>0x8</size>
         <input_file_ref idref="fl-f4"/>
      </object_component>
      <object_component id="oc-1d4">
         <name>.text:malloc</name>
         <load_address>0x20008f00</load_address>
         <run_address>0x20008f00</run_address>
         <size>0x8</size>
         <input_file_ref idref="fl-e3"/>
      </object_component>
      <object_component id="oc-169">
         <name>.text:UtilsDelay</name>
         <load_address>0x20008f08</load_address>
         <run_address>0x20008f08</run_address>
         <size>0x6</size>
         <input_file_ref idref="fl-16"/>
      </object_component>
      <object_component id="oc-91">
         <name>.text:_system_pre_init</name>
         <load_address>0x20008f0e</load_address>
         <run_address>0x20008f0e</run_address>
         <size>0x4</size>
         <input_file_ref idref="fl-ea"/>
      </object_component>
      <object_component id="oc-16c">
         <name>.text:abort:abort</name>
         <load_address>0x20008f12</load_address>
         <run_address>0x20008f12</run_address>
         <size>0x4</size>
         <input_file_ref idref="fl-ec"/>
      </object_component>
      <object_component id="oc-2d9">
         <name>.const:.string:font</name>
         <load_address>0x20008f18</load_address>
         <run_address>0x20008f18</run_address>
         <size>0x4fb</size>
         <input_file_ref idref="fl-2"/>
      </object_component>
      <object_component id="oc-444">
         <name>.const:.string:_ctypes_</name>
         <load_address>0x20009413</load_address>
         <run_address>0x20009413</run_address>
         <size>0x101</size>
         <input_file_ref idref="fl-f1"/>
      </object_component>
      <object_component id="oc-384">
         <name>.const:g_ulPinToPadMap</name>
         <load_address>0x20009514</load_address>
         <run_address>0x20009514</run_address>
         <size>0x100</size>
         <input_file_ref idref="fl-12"/>
      </object_component>
      <object_component id="oc-28d">
         <name>.const:PRCM_PeriphRegsList</name>
         <load_address>0x20009614</load_address>
         <run_address>0x20009614</run_address>
         <size>0xa8</size>
         <input_file_ref idref="fl-13"/>
      </object_component>
      <object_component id="oc-257">
         <name>.const:g_pulEnRegs</name>
         <load_address>0x200096bc</load_address>
         <run_address>0x200096bc</run_address>
         <size>0x18</size>
         <input_file_ref idref="fl-11"/>
      </object_component>
      <object_component id="oc-519">
         <name>.cinit..data.load</name>
         <load_address>0x200096d8</load_address>
         <run_address>0x200096d8</run_address>
         <size>0x20</size>
      </object_component>
      <object_component id="oc-517">
         <name>__TI_handler_table</name>
         <load_address>0x200096f8</load_address>
         <run_address>0x200096f8</run_address>
         <size>0xc</size>
      </object_component>
      <object_component id="oc-51a">
         <name>.cinit..bss.load</name>
         <load_address>0x20009708</load_address>
         <run_address>0x20009708</run_address>
         <size>0x8</size>
      </object_component>
      <object_component id="oc-518">
         <name>__TI_cinit_table</name>
         <load_address>0x20009710</load_address>
         <run_address>0x20009710</run_address>
         <size>0x10</size>
      </object_component>
      <object_component id="oc-2dc">
         <name>.data</name>
         <load_address>0x20017800</load_address>
         <run_address>0x20017800</run_address>
         <size>0x15</size>
         <input_file_ref idref="fl-2"/>
      </object_component>
      <object_component id="oc-150">
         <name>.data</name>
         <load_address>0x20017818</load_address>
         <run_address>0x20017818</run_address>
         <size>0xc</size>
         <input_file_ref idref="fl-5"/>
      </object_component>
      <object_component id="oc-41a">
         <name>.data:$O1$$</name>
         <load_address>0x2001782c</load_address>
         <run_address>0x2001782c</run_address>
         <size>0x8</size>
         <input_file_ref idref="fl-e3"/>
      </object_component>
      <object_component id="oc-2f1">
         <name>.data:$O1$$</name>
         <load_address>0x20017824</load_address>
         <run_address>0x20017824</run_address>
         <size>0x8</size>
         <input_file_ref idref="fl-ed"/>
      </object_component>
      <object_component id="oc-48c">
         <name>.data</name>
         <load_address>0x20017834</load_address>
         <run_address>0x20017834</run_address>
         <size>0x4</size>
         <input_file_ref idref="fl-f4"/>
      </object_component>
      <object_component id="oc-2b4">
         <name>.bss</name>
         <uninitialized>true</uninitialized>
         <run_address>0x20017838</run_address>
         <size>0x4</size>
         <input_file_ref idref="fl-3"/>
      </object_component>
      <object_component id="oc-1e6">
         <name>.bss</name>
         <uninitialized>true</uninitialized>
         <run_address>0x2001783c</run_address>
         <size>0x4</size>
         <input_file_ref idref="fl-9"/>
      </object_component>
      <object_component id="oc-23">
         <name>.sysmem</name>
         <uninitialized>true</uninitialized>
         <run_address>0x20017000</run_address>
         <size>0x10</size>
         <input_file_ref idref="fl-e3"/>
      </object_component>
      <object_component id="oc-51d">
         <name>.sysmem</name>
         <uninitialized>true</uninitialized>
         <run_address>0x20017000</run_address>
         <size>0x0</size>
      </object_component>
      <object_component id="oc-26">
         <name>.stack</name>
         <uninitialized>true</uninitialized>
         <run_address>0x2002f800</run_address>
         <size>0x4</size>
         <input_file_ref idref="fl-e5"/>
      </object_component>
      <object_component id="oc-51c">
         <name>.stack</name>
         <uninitialized>true</uninitialized>
         <run_address>0x2002f800</run_address>
         <size>0x0</size>
      </object_component>
      <object_component id="oc-2e0">
         <name>.debug_info</name>
         <load_address>0x0</load_address>
         <run_address>0x0</run_address>
         <size>0x218</size>
         <input_file_ref idref="fl-2"/>
      </object_component>
      <object_component id="oc-2da">
         <name>.debug_info</name>
         <load_address>0x218</load_address>
         <run_address>0x218</run_address>
         <size>0xca</size>
         <input_file_ref idref="fl-2"/>
      </object_component>
      <object_component id="oc-2dd">
         <name>.debug_info</name>
         <load_address>0x2e2</load_address>
         <run_address>0x2e2</run_address>
         <size>0x178</size>
         <input_file_ref idref="fl-2"/>
      </object_component>
      <object_component id="oc-167">
         <name>.debug_info</name>
         <load_address>0x45a</load_address>
         <run_address>0x45a</run_address>
         <size>0x1536</size>
         <input_file_ref idref="fl-2"/>
      </object_component>
      <object_component id="oc-38">
         <name>.debug_info</name>
         <load_address>0x1990</load_address>
         <run_address>0x1990</run_address>
         <size>0x84</size>
         <input_file_ref idref="fl-2"/>
      </object_component>
      <object_component id="oc-2b8">
         <name>.debug_info</name>
         <load_address>0x1a14</load_address>
         <run_address>0x1a14</run_address>
         <size>0x219</size>
         <input_file_ref idref="fl-3"/>
      </object_component>
      <object_component id="oc-2b5">
         <name>.debug_info</name>
         <load_address>0x1c2d</load_address>
         <run_address>0x1c2d</run_address>
         <size>0xcd</size>
         <input_file_ref idref="fl-3"/>
      </object_component>
      <object_component id="oc-117">
         <name>.debug_info</name>
         <load_address>0x1cfa</load_address>
         <run_address>0x1cfa</run_address>
         <size>0xe4c</size>
         <input_file_ref idref="fl-3"/>
      </object_component>
      <object_component id="oc-428">
         <name>.debug_info</name>
         <load_address>0x2b46</load_address>
         <run_address>0x2b46</run_address>
         <size>0x62</size>
         <input_file_ref idref="fl-3"/>
      </object_component>
      <object_component id="oc-252">
         <name>.debug_info</name>
         <load_address>0x2ba8</load_address>
         <run_address>0x2ba8</run_address>
         <size>0x2c</size>
         <input_file_ref idref="fl-3"/>
      </object_component>
      <object_component id="oc-bc">
         <name>.debug_info</name>
         <load_address>0x2bd4</load_address>
         <run_address>0x2bd4</run_address>
         <size>0x2c</size>
         <input_file_ref idref="fl-3"/>
      </object_component>
      <object_component id="oc-2e8">
         <name>.debug_info</name>
         <load_address>0x2c00</load_address>
         <run_address>0x2c00</run_address>
         <size>0x35</size>
         <input_file_ref idref="fl-3"/>
      </object_component>
      <object_component id="oc-249">
         <name>.debug_info</name>
         <load_address>0x2c35</load_address>
         <run_address>0x2c35</run_address>
         <size>0x4d7</size>
         <input_file_ref idref="fl-4"/>
      </object_component>
      <object_component id="oc-ce">
         <name>.debug_info</name>
         <load_address>0x310c</load_address>
         <run_address>0x310c</run_address>
         <size>0xbf4</size>
         <input_file_ref idref="fl-4"/>
      </object_component>
      <object_component id="oc-2e3">
         <name>.debug_info</name>
         <load_address>0x3d00</load_address>
         <run_address>0x3d00</run_address>
         <size>0x26b</size>
         <input_file_ref idref="fl-4"/>
      </object_component>
      <object_component id="oc-1f0">
         <name>.debug_info</name>
         <load_address>0x3f6b</load_address>
         <run_address>0x3f6b</run_address>
         <size>0x110</size>
         <input_file_ref idref="fl-4"/>
      </object_component>
      <object_component id="oc-244">
         <name>.debug_info</name>
         <load_address>0x407b</load_address>
         <run_address>0x407b</run_address>
         <size>0x8b</size>
         <input_file_ref idref="fl-4"/>
      </object_component>
      <object_component id="oc-35e">
         <name>.debug_info</name>
         <load_address>0x4106</load_address>
         <run_address>0x4106</run_address>
         <size>0x2a4</size>
         <input_file_ref idref="fl-4"/>
      </object_component>
      <object_component id="oc-378">
         <name>.debug_info</name>
         <load_address>0x43aa</load_address>
         <run_address>0x43aa</run_address>
         <size>0xbb</size>
         <input_file_ref idref="fl-4"/>
      </object_component>
      <object_component id="oc-16b">
         <name>.debug_info</name>
         <load_address>0x4465</load_address>
         <run_address>0x4465</run_address>
         <size>0x569</size>
         <input_file_ref idref="fl-5"/>
      </object_component>
      <object_component id="oc-151">
         <name>.debug_info</name>
         <load_address>0x49ce</load_address>
         <run_address>0x49ce</run_address>
         <size>0x113</size>
         <input_file_ref idref="fl-5"/>
      </object_component>
      <object_component id="oc-98">
         <name>.debug_info</name>
         <load_address>0x4ae1</load_address>
         <run_address>0x4ae1</run_address>
         <size>0xbd7</size>
         <input_file_ref idref="fl-5"/>
      </object_component>
      <object_component id="oc-1eb">
         <name>.debug_info</name>
         <load_address>0x56b8</load_address>
         <run_address>0x56b8</run_address>
         <size>0x2c</size>
         <input_file_ref idref="fl-5"/>
      </object_component>
      <object_component id="oc-ed">
         <name>.debug_info</name>
         <load_address>0x56e4</load_address>
         <run_address>0x56e4</run_address>
         <size>0x3a0</size>
         <input_file_ref idref="fl-7"/>
      </object_component>
      <object_component id="oc-31">
         <name>.debug_info</name>
         <load_address>0x5a84</load_address>
         <run_address>0x5a84</run_address>
         <size>0x188</size>
         <input_file_ref idref="fl-8"/>
      </object_component>
      <object_component id="oc-13">
         <name>.debug_info</name>
         <load_address>0x5c0c</load_address>
         <run_address>0x5c0c</run_address>
         <size>0x107</size>
         <input_file_ref idref="fl-8"/>
      </object_component>
      <object_component id="oc-2c">
         <name>.debug_info</name>
         <load_address>0x5d13</load_address>
         <run_address>0x5d13</run_address>
         <size>0x428</size>
         <input_file_ref idref="fl-8"/>
      </object_component>
      <object_component id="oc-1ea">
         <name>.debug_info</name>
         <load_address>0x613b</load_address>
         <run_address>0x613b</run_address>
         <size>0x3d3</size>
         <input_file_ref idref="fl-9"/>
      </object_component>
      <object_component id="oc-1e7">
         <name>.debug_info</name>
         <load_address>0x650e</load_address>
         <run_address>0x650e</run_address>
         <size>0xfe</size>
         <input_file_ref idref="fl-9"/>
      </object_component>
      <object_component id="oc-c7">
         <name>.debug_info</name>
         <load_address>0x660c</load_address>
         <run_address>0x660c</run_address>
         <size>0x8da</size>
         <input_file_ref idref="fl-9"/>
      </object_component>
      <object_component id="oc-f7">
         <name>.debug_info</name>
         <load_address>0x6ee6</load_address>
         <run_address>0x6ee6</run_address>
         <size>0x1dd</size>
         <input_file_ref idref="fl-f"/>
      </object_component>
      <object_component id="oc-298">
         <name>.debug_info</name>
         <load_address>0x70c3</load_address>
         <run_address>0x70c3</run_address>
         <size>0x1d4</size>
         <input_file_ref idref="fl-f"/>
      </object_component>
      <object_component id="oc-49f">
         <name>.debug_info</name>
         <load_address>0x7297</load_address>
         <run_address>0x7297</run_address>
         <size>0x220</size>
         <input_file_ref idref="fl-10"/>
      </object_component>
      <object_component id="oc-238">
         <name>.debug_info</name>
         <load_address>0x74b7</load_address>
         <run_address>0x74b7</run_address>
         <size>0x242</size>
         <input_file_ref idref="fl-10"/>
      </object_component>
      <object_component id="oc-22c">
         <name>.debug_info</name>
         <load_address>0x76f9</load_address>
         <run_address>0x76f9</run_address>
         <size>0x18d</size>
         <input_file_ref idref="fl-10"/>
      </object_component>
      <object_component id="oc-232">
         <name>.debug_info</name>
         <load_address>0x7886</load_address>
         <run_address>0x7886</run_address>
         <size>0x1da</size>
         <input_file_ref idref="fl-10"/>
      </object_component>
      <object_component id="oc-208">
         <name>.debug_info</name>
         <load_address>0x7a60</load_address>
         <run_address>0x7a60</run_address>
         <size>0x1ca</size>
         <input_file_ref idref="fl-10"/>
      </object_component>
      <object_component id="oc-1f6">
         <name>.debug_info</name>
         <load_address>0x7c2a</load_address>
         <run_address>0x7c2a</run_address>
         <size>0x191</size>
         <input_file_ref idref="fl-10"/>
      </object_component>
      <object_component id="oc-214">
         <name>.debug_info</name>
         <load_address>0x7dbb</load_address>
         <run_address>0x7dbb</run_address>
         <size>0x20f</size>
         <input_file_ref idref="fl-10"/>
      </object_component>
      <object_component id="oc-202">
         <name>.debug_info</name>
         <load_address>0x7fca</load_address>
         <run_address>0x7fca</run_address>
         <size>0x1be</size>
         <input_file_ref idref="fl-10"/>
      </object_component>
      <object_component id="oc-20e">
         <name>.debug_info</name>
         <load_address>0x8188</load_address>
         <run_address>0x8188</run_address>
         <size>0x1a3</size>
         <input_file_ref idref="fl-10"/>
      </object_component>
      <object_component id="oc-21a">
         <name>.debug_info</name>
         <load_address>0x832b</load_address>
         <run_address>0x832b</run_address>
         <size>0x1be</size>
         <input_file_ref idref="fl-10"/>
      </object_component>
      <object_component id="oc-220">
         <name>.debug_info</name>
         <load_address>0x84e9</load_address>
         <run_address>0x84e9</run_address>
         <size>0x193</size>
         <input_file_ref idref="fl-10"/>
      </object_component>
      <object_component id="oc-1fc">
         <name>.debug_info</name>
         <load_address>0x867c</load_address>
         <run_address>0x867c</run_address>
         <size>0x1cc</size>
         <input_file_ref idref="fl-10"/>
      </object_component>
      <object_component id="oc-4d8">
         <name>.debug_info</name>
         <load_address>0x8848</load_address>
         <run_address>0x8848</run_address>
         <size>0x26b</size>
         <input_file_ref idref="fl-10"/>
      </object_component>
      <object_component id="oc-421">
         <name>.debug_info</name>
         <load_address>0x8ab3</load_address>
         <run_address>0x8ab3</run_address>
         <size>0x297</size>
         <input_file_ref idref="fl-10"/>
      </object_component>
      <object_component id="oc-364">
         <name>.debug_info</name>
         <load_address>0x8d4a</load_address>
         <run_address>0x8d4a</run_address>
         <size>0xbb</size>
         <input_file_ref idref="fl-10"/>
      </object_component>
      <object_component id="oc-380">
         <name>.debug_info</name>
         <load_address>0x8e05</load_address>
         <run_address>0x8e05</run_address>
         <size>0x201</size>
         <input_file_ref idref="fl-11"/>
      </object_component>
      <object_component id="oc-258">
         <name>.debug_info</name>
         <load_address>0x9006</load_address>
         <run_address>0x9006</run_address>
         <size>0xf4</size>
         <input_file_ref idref="fl-11"/>
      </object_component>
      <object_component id="oc-d9">
         <name>.debug_info</name>
         <load_address>0x90fa</load_address>
         <run_address>0x90fa</run_address>
         <size>0x17c</size>
         <input_file_ref idref="fl-11"/>
      </object_component>
      <object_component id="oc-d2">
         <name>.debug_info</name>
         <load_address>0x9276</load_address>
         <run_address>0x9276</run_address>
         <size>0x1ae</size>
         <input_file_ref idref="fl-11"/>
      </object_component>
      <object_component id="oc-df">
         <name>.debug_info</name>
         <load_address>0x9424</load_address>
         <run_address>0x9424</run_address>
         <size>0x19f</size>
         <input_file_ref idref="fl-11"/>
      </object_component>
      <object_component id="oc-431">
         <name>.debug_info</name>
         <load_address>0x95c3</load_address>
         <run_address>0x95c3</run_address>
         <size>0x14e</size>
         <input_file_ref idref="fl-12"/>
      </object_component>
      <object_component id="oc-385">
         <name>.debug_info</name>
         <load_address>0x9711</load_address>
         <run_address>0x9711</run_address>
         <size>0xf6</size>
         <input_file_ref idref="fl-12"/>
      </object_component>
      <object_component id="oc-26f">
         <name>.debug_info</name>
         <load_address>0x9807</load_address>
         <run_address>0x9807</run_address>
         <size>0x1bf</size>
         <input_file_ref idref="fl-12"/>
      </object_component>
      <object_component id="oc-389">
         <name>.debug_info</name>
         <load_address>0x99c6</load_address>
         <run_address>0x99c6</run_address>
         <size>0x20d</size>
         <input_file_ref idref="fl-12"/>
      </object_component>
      <object_component id="oc-281">
         <name>.debug_info</name>
         <load_address>0x9bd3</load_address>
         <run_address>0x9bd3</run_address>
         <size>0x1d4</size>
         <input_file_ref idref="fl-12"/>
      </object_component>
      <object_component id="oc-288">
         <name>.debug_info</name>
         <load_address>0x9da7</load_address>
         <run_address>0x9da7</run_address>
         <size>0x1d2</size>
         <input_file_ref idref="fl-12"/>
      </object_component>
      <object_component id="oc-27d">
         <name>.debug_info</name>
         <load_address>0x9f79</load_address>
         <run_address>0x9f79</run_address>
         <size>0x1d2</size>
         <input_file_ref idref="fl-12"/>
      </object_component>
      <object_component id="oc-277">
         <name>.debug_info</name>
         <load_address>0xa14b</load_address>
         <run_address>0xa14b</run_address>
         <size>0x222</size>
         <input_file_ref idref="fl-12"/>
      </object_component>
      <object_component id="oc-371">
         <name>.debug_info</name>
         <load_address>0xa36d</load_address>
         <run_address>0xa36d</run_address>
         <size>0x25e</size>
         <input_file_ref idref="fl-13"/>
      </object_component>
      <object_component id="oc-28e">
         <name>.debug_info</name>
         <load_address>0xa5cb</load_address>
         <run_address>0xa5cb</run_address>
         <size>0xff</size>
         <input_file_ref idref="fl-13"/>
      </object_component>
      <object_component id="oc-25c">
         <name>.debug_info</name>
         <load_address>0xa6ca</load_address>
         <run_address>0xa6ca</run_address>
         <size>0x1a6</size>
         <input_file_ref idref="fl-13"/>
      </object_component>
      <object_component id="oc-f1">
         <name>.debug_info</name>
         <load_address>0xa870</load_address>
         <run_address>0xa870</run_address>
         <size>0x1eb</size>
         <input_file_ref idref="fl-13"/>
      </object_component>
      <object_component id="oc-23e">
         <name>.debug_info</name>
         <load_address>0xaa5b</load_address>
         <run_address>0xaa5b</run_address>
         <size>0x1ed</size>
         <input_file_ref idref="fl-13"/>
      </object_component>
      <object_component id="oc-102">
         <name>.debug_info</name>
         <load_address>0xac48</load_address>
         <run_address>0xac48</run_address>
         <size>0x216</size>
         <input_file_ref idref="fl-13"/>
      </object_component>
      <object_component id="oc-227">
         <name>.debug_info</name>
         <load_address>0xae5e</load_address>
         <run_address>0xae5e</run_address>
         <size>0x1c0</size>
         <input_file_ref idref="fl-13"/>
      </object_component>
      <object_component id="oc-e4">
         <name>.debug_info</name>
         <load_address>0xb01e</load_address>
         <run_address>0xb01e</run_address>
         <size>0x283</size>
         <input_file_ref idref="fl-13"/>
      </object_component>
      <object_component id="oc-262">
         <name>.debug_info</name>
         <load_address>0xb2a1</load_address>
         <run_address>0xb2a1</run_address>
         <size>0x1bf</size>
         <input_file_ref idref="fl-13"/>
      </object_component>
      <object_component id="oc-268">
         <name>.debug_info</name>
         <load_address>0xb460</load_address>
         <run_address>0xb460</run_address>
         <size>0x1d4</size>
         <input_file_ref idref="fl-13"/>
      </object_component>
      <object_component id="oc-398">
         <name>.debug_info</name>
         <load_address>0xb634</load_address>
         <run_address>0xb634</run_address>
         <size>0x232</size>
         <input_file_ref idref="fl-14"/>
      </object_component>
      <object_component id="oc-10e">
         <name>.debug_info</name>
         <load_address>0xb866</load_address>
         <run_address>0xb866</run_address>
         <size>0x179</size>
         <input_file_ref idref="fl-14"/>
      </object_component>
      <object_component id="oc-fc">
         <name>.debug_info</name>
         <load_address>0xb9df</load_address>
         <run_address>0xb9df</run_address>
         <size>0x177</size>
         <input_file_ref idref="fl-14"/>
      </object_component>
      <object_component id="oc-108">
         <name>.debug_info</name>
         <load_address>0xbb56</load_address>
         <run_address>0xbb56</run_address>
         <size>0x28e</size>
         <input_file_ref idref="fl-14"/>
      </object_component>
      <object_component id="oc-2a9">
         <name>.debug_info</name>
         <load_address>0xbde4</load_address>
         <run_address>0xbde4</run_address>
         <size>0x1aa</size>
         <input_file_ref idref="fl-14"/>
      </object_component>
      <object_component id="oc-2a4">
         <name>.debug_info</name>
         <load_address>0xbf8e</load_address>
         <run_address>0xbf8e</run_address>
         <size>0x1a6</size>
         <input_file_ref idref="fl-14"/>
      </object_component>
      <object_component id="oc-29d">
         <name>.debug_info</name>
         <load_address>0xc134</load_address>
         <run_address>0xc134</run_address>
         <size>0x17d</size>
         <input_file_ref idref="fl-14"/>
      </object_component>
      <object_component id="oc-2af">
         <name>.debug_info</name>
         <load_address>0xc2b1</load_address>
         <run_address>0xc2b1</run_address>
         <size>0x17f</size>
         <input_file_ref idref="fl-14"/>
      </object_component>
      <object_component id="oc-1ab">
         <name>.debug_info</name>
         <load_address>0xc430</load_address>
         <run_address>0xc430</run_address>
         <size>0x25c</size>
         <input_file_ref idref="fl-15"/>
      </object_component>
      <object_component id="oc-314">
         <name>.debug_info</name>
         <load_address>0xc68c</load_address>
         <run_address>0xc68c</run_address>
         <size>0x17e</size>
         <input_file_ref idref="fl-15"/>
      </object_component>
      <object_component id="oc-30e">
         <name>.debug_info</name>
         <load_address>0xc80a</load_address>
         <run_address>0xc80a</run_address>
         <size>0x180</size>
         <input_file_ref idref="fl-15"/>
      </object_component>
      <object_component id="oc-1be">
         <name>.debug_info</name>
         <load_address>0xc98a</load_address>
         <run_address>0xc98a</run_address>
         <size>0x18a</size>
         <input_file_ref idref="fl-15"/>
      </object_component>
      <object_component id="oc-1c3">
         <name>.debug_info</name>
         <load_address>0xcb14</load_address>
         <run_address>0xcb14</run_address>
         <size>0x19a</size>
         <input_file_ref idref="fl-15"/>
      </object_component>
      <object_component id="oc-1b2">
         <name>.debug_info</name>
         <load_address>0xccae</load_address>
         <run_address>0xccae</run_address>
         <size>0x1ab</size>
         <input_file_ref idref="fl-15"/>
      </object_component>
      <object_component id="oc-24e">
         <name>.debug_info</name>
         <load_address>0xce59</load_address>
         <run_address>0xce59</run_address>
         <size>0x14e</size>
         <input_file_ref idref="fl-17"/>
      </object_component>
      <object_component id="oc-2d3">
         <name>.debug_info</name>
         <load_address>0xcfa7</load_address>
         <run_address>0xcfa7</run_address>
         <size>0x15c</size>
         <input_file_ref idref="fl-ce"/>
      </object_component>
      <object_component id="oc-15e">
         <name>.debug_info</name>
         <load_address>0xd103</load_address>
         <run_address>0xd103</run_address>
         <size>0x208</size>
         <input_file_ref idref="fl-ce"/>
      </object_component>
      <object_component id="oc-3a2">
         <name>.debug_info</name>
         <load_address>0xd30b</load_address>
         <run_address>0xd30b</run_address>
         <size>0x46</size>
         <input_file_ref idref="fl-ce"/>
      </object_component>
      <object_component id="oc-2d4">
         <name>.debug_info</name>
         <load_address>0xd351</load_address>
         <run_address>0xd351</run_address>
         <size>0x39</size>
         <input_file_ref idref="fl-ce"/>
      </object_component>
      <object_component id="oc-32e">
         <name>.debug_info</name>
         <load_address>0xd38a</load_address>
         <run_address>0xd38a</run_address>
         <size>0x212</size>
         <input_file_ref idref="fl-cf"/>
      </object_component>
      <object_component id="oc-1b7">
         <name>.debug_info</name>
         <load_address>0xd59c</load_address>
         <run_address>0xd59c</run_address>
         <size>0x208</size>
         <input_file_ref idref="fl-cf"/>
      </object_component>
      <object_component id="oc-323">
         <name>.debug_info</name>
         <load_address>0xd7a4</load_address>
         <run_address>0xd7a4</run_address>
         <size>0x1c6</size>
         <input_file_ref idref="fl-cf"/>
      </object_component>
      <object_component id="oc-32b">
         <name>.debug_info</name>
         <load_address>0xd96a</load_address>
         <run_address>0xd96a</run_address>
         <size>0x179</size>
         <input_file_ref idref="fl-cf"/>
      </object_component>
      <object_component id="oc-32f">
         <name>.debug_info</name>
         <load_address>0xdae3</load_address>
         <run_address>0xdae3</run_address>
         <size>0x2c</size>
         <input_file_ref idref="fl-cf"/>
      </object_component>
      <object_component id="oc-334">
         <name>.debug_info</name>
         <load_address>0xdb0f</load_address>
         <run_address>0xdb0f</run_address>
         <size>0x69</size>
         <input_file_ref idref="fl-cf"/>
      </object_component>
      <object_component id="oc-2ca">
         <name>.debug_info</name>
         <load_address>0xdb78</load_address>
         <run_address>0xdb78</run_address>
         <size>0x14c</size>
         <input_file_ref idref="fl-d0"/>
      </object_component>
      <object_component id="oc-14d">
         <name>.debug_info</name>
         <load_address>0xdcc4</load_address>
         <run_address>0xdcc4</run_address>
         <size>0x128</size>
         <input_file_ref idref="fl-d1"/>
      </object_component>
      <object_component id="oc-2cf">
         <name>.debug_info</name>
         <load_address>0xddec</load_address>
         <run_address>0xddec</run_address>
         <size>0x12a</size>
         <input_file_ref idref="fl-d1"/>
      </object_component>
      <object_component id="oc-129">
         <name>.debug_info</name>
         <load_address>0xdf16</load_address>
         <run_address>0xdf16</run_address>
         <size>0x13a</size>
         <input_file_ref idref="fl-d2"/>
      </object_component>
      <object_component id="oc-121">
         <name>.debug_info</name>
         <load_address>0xe050</load_address>
         <run_address>0xe050</run_address>
         <size>0x13a</size>
         <input_file_ref idref="fl-d3"/>
      </object_component>
      <object_component id="oc-125">
         <name>.debug_info</name>
         <load_address>0xe18a</load_address>
         <run_address>0xe18a</run_address>
         <size>0x12e</size>
         <input_file_ref idref="fl-d4"/>
      </object_component>
      <object_component id="oc-12e">
         <name>.debug_info</name>
         <load_address>0xe2b8</load_address>
         <run_address>0xe2b8</run_address>
         <size>0x13e</size>
         <input_file_ref idref="fl-d5"/>
      </object_component>
      <object_component id="oc-133">
         <name>.debug_info</name>
         <load_address>0xe3f6</load_address>
         <run_address>0xe3f6</run_address>
         <size>0x140</size>
         <input_file_ref idref="fl-d6"/>
      </object_component>
      <object_component id="oc-142">
         <name>.debug_info</name>
         <load_address>0xe536</load_address>
         <run_address>0xe536</run_address>
         <size>0x14c</size>
         <input_file_ref idref="fl-d7"/>
      </object_component>
      <object_component id="oc-13d">
         <name>.debug_info</name>
         <load_address>0xe682</load_address>
         <run_address>0xe682</run_address>
         <size>0x14e</size>
         <input_file_ref idref="fl-d7"/>
      </object_component>
      <object_component id="oc-15b">
         <name>.debug_info</name>
         <load_address>0xe7d0</load_address>
         <run_address>0xe7d0</run_address>
         <size>0x13a</size>
         <input_file_ref idref="fl-d8"/>
      </object_component>
      <object_component id="oc-155">
         <name>.debug_info</name>
         <load_address>0xe90a</load_address>
         <run_address>0xe90a</run_address>
         <size>0x13a</size>
         <input_file_ref idref="fl-d9"/>
      </object_component>
      <object_component id="oc-149">
         <name>.debug_info</name>
         <load_address>0xea44</load_address>
         <run_address>0xea44</run_address>
         <size>0x12c</size>
         <input_file_ref idref="fl-da"/>
      </object_component>
      <object_component id="oc-11b">
         <name>.debug_info</name>
         <load_address>0xeb70</load_address>
         <run_address>0xeb70</run_address>
         <size>0x12c</size>
         <input_file_ref idref="fl-db"/>
      </object_component>
      <object_component id="oc-13a">
         <name>.debug_info</name>
         <load_address>0xec9c</load_address>
         <run_address>0xec9c</run_address>
         <size>0x129</size>
         <input_file_ref idref="fl-dc"/>
      </object_component>
      <object_component id="oc-3e">
         <name>.debug_info</name>
         <load_address>0xedc5</load_address>
         <run_address>0xedc5</run_address>
         <size>0x119</size>
         <input_file_ref idref="fl-dd"/>
      </object_component>
      <object_component id="oc-44c">
         <name>.debug_info</name>
         <load_address>0xeede</load_address>
         <run_address>0xeede</run_address>
         <size>0x134</size>
         <input_file_ref idref="fl-de"/>
[...]
         <name>GPIODirModeSet</name>
         <value>0x20008981</value>
         <object_component_ref idref="oc-f5"/>
      </symbol>
      <symbol id="sm-24f">
         <name>GPIOPinWrite</name>
         <value>0x20008bd5</value>
         <object_component_ref idref="oc-296"/>
      </symbol>
      <symbol id="sm-2c8">
         <name>I2CMasterDataPut</name>
         <value>0x20008dc1</value>
         <object_component_ref idref="oc-219"/>
      </symbol>
      <symbol id="sm-2c9">
         <name>I2CMasterInitExpClk</name>
         <value>0x20008129</value>
         <object_component_ref idref="oc-237"/>
      </symbol>
      <symbol id="sm-2ca">
         <name>I2CMasterSlaveAddrSet</name>
         <value>0x20008b91</value>
         <object_component_ref idref="oc-213"/>
      </symbol>
      <symbol id="sm-2cb">
         <name>I2CMasterDataGet</name>
         <value>0x20008eb7</value>
         <object_component_ref idref="oc-21f"/>
      </symbol>
      <symbol id="sm-2cc">
         <name>I2CMasterIntEnableEx</name>
         <value>0x20008d31</value>
         <object_component_ref idref="oc-231"/>
      </symbol>
      <symbol id="sm-2cd">
         <name>I2CMasterErr</name>
         <value>0x20008a77</value>
         <object_component_ref idref="oc-20d"/>
      </symbol>
      <symbol id="sm-2ce">
         <name>I2CMasterTimeoutSet</name>
         <value>0x20008e93</value>
         <object_component_ref idref="oc-1fb"/>
      </symbol>
      <symbol id="sm-2cf">
         <name>I2CMasterControl</name>
         <value>0x20008e81</value>
         <object_component_ref idref="oc-201"/>
      </symbol>
      <symbol id="sm-2d0">
         <name>I2CMasterEnable</name>
         <value>0x20008dd7</value>
         <object_component_ref idref="oc-22b"/>
      </symbol>
      <symbol id="sm-2d1">
         <name>I2CMasterIntStatusEx</name>
         <value>0x20008c15</value>
         <object_component_ref idref="oc-207"/>
      </symbol>
      <symbol id="sm-2d2">
         <name>I2CMasterIntClear</name>
         <value>0x20008ded</value>
         <object_component_ref idref="oc-1f5"/>
      </symbol>
      <symbol id="sm-301">
         <name>IntVTableBaseSet</name>
         <value>0x20008e59</value>
         <object_component_ref idref="oc-d1"/>
      </symbol>
      <symbol id="sm-302">
         <name>IntEnable</name>
         <value>0x20007bf1</value>
         <object_component_ref idref="oc-dd"/>
      </symbol>
      <symbol id="sm-303">
         <name>IntMasterEnable</name>
         <value>0x20008eed</value>
         <object_component_ref idref="oc-d7"/>
      </symbol>
      <symbol id="sm-34a">
         <name>PinTypeI2C</name>
         <value>0x20008c6f</value>
         <object_component_ref idref="oc-286"/>
      </symbol>
      <symbol id="sm-34b">
         <name>PinTypeUART</name>
         <value>0x20008d17</value>
         <object_component_ref idref="oc-280"/>
      </symbol>
      <symbol id="sm-34c">
         <name>PinTypeGPIO</name>
         <value>0x200089b7</value>
         <object_component_ref idref="oc-274"/>
      </symbol>
      <symbol id="sm-34d">
         <name>PinConfigSet</name>
         <value>0x20007f95</value>
         <object_component_ref idref="oc-388"/>
      </symbol>
      <symbol id="sm-34e">
         <name>PinTypeSPI</name>
         <value>0x20008cfd</value>
         <object_component_ref idref="oc-27a"/>
      </symbol>
      <symbol id="sm-34f">
         <name>PinModeSet</name>
         <value>0x20008815</value>
         <object_component_ref idref="oc-26e"/>
      </symbol>
      <symbol id="sm-3d5">
         <name>PRCMPeripheralReset</name>
         <value>0x200085e9</value>
         <object_component_ref idref="oc-225"/>
      </symbol>
      <symbol id="sm-3d6">
         <name>PRCMPeripheralClkEnable</name>
         <value>0x200088d5</value>
         <object_component_ref idref="oc-ef"/>
      </symbol>
      <symbol id="sm-3d7">
         <name>PRCMPeripheralClockGet</name>
         <value>0x20007e6d</value>
         <object_component_ref idref="oc-101"/>
      </symbol>
      <symbol id="sm-3d8">
         <name>PRCMCC3200MCUInit</name>
         <value>0x20006ec9</value>
         <object_component_ref idref="oc-e3"/>
      </symbol>
      <symbol id="sm-3d9">
         <name>PRCMHIBRegWrite</name>
         <value>0x20008e19</value>
         <object_component_ref idref="oc-267"/>
      </symbol>
      <symbol id="sm-3da">
         <name>PRCMSysResetCauseGet</name>
         <value>0x20008aa5</value>
         <object_component_ref idref="oc-25b"/>
      </symbol>
      <symbol id="sm-3db">
         <name>PRCMPeripheralClkDisable</name>
         <value>0x20008ad1</value>
         <object_component_ref idref="oc-23d"/>
      </symbol>
      <symbol id="sm-3dc">
         <name>PRCMHIBRegRead</name>
         <value>0x20008e03</value>
         <object_component_ref idref="oc-261"/>
      </symbol>
      <symbol id="sm-421">
         <name>SPICSEnable</name>
         <value>0x20008d61</value>
         <object_component_ref idref="oc-29c"/>
      </symbol>
      <symbol id="sm-422">
         <name>SPIDataPut</name>
         <value>0x20008c33</value>
         <object_component_ref idref="oc-2a2"/>
      </symbol>
      <symbol id="sm-423">
         <name>SPIEnable</name>
         <value>0x20008d79</value>
         <object_component_ref idref="oc-10d"/>
      </symbol>
      <symbol id="sm-424">
         <name>SPIDataGet</name>
         <value>0x20008bf5</value>
         <object_component_ref idref="oc-2a8"/>
      </symbol>
      <symbol id="sm-425">
         <name>SPIConfigSetExpClk</name>
         <value>0x20007c99</value>
         <object_component_ref idref="oc-107"/>
      </symbol>
      <symbol id="sm-426">
         <name>SPIReset</name>
         <value>0x20008bb3</value>
         <object_component_ref idref="oc-fb"/>
      </symbol>
      <symbol id="sm-427">
         <name>SPICSDisable</name>
         <value>0x20008d49</value>
         <object_component_ref idref="oc-2ae"/>
      </symbol>
      <symbol id="sm-463">
         <name>UARTConfigSetExpClk</name>
         <value>0x200082a1</value>
         <object_component_ref idref="oc-1aa"/>
      </symbol>
      <symbol id="sm-464">
         <name>UARTDisable</name>
         <value>0x200089e9</value>
         <object_component_ref idref="oc-30d"/>
      </symbol>
      <symbol id="sm-465">
         <name>UARTCharsAvail</name>
         <value>0x20008d91</value>
         <object_component_ref idref="oc-1bc"/>
      </symbol>
      <symbol id="sm-466">
         <name>UARTCharGetNonBlocking</name>
         <value>0x20008c8b</value>
         <object_component_ref idref="oc-1c2"/>
      </symbol>
      <symbol id="sm-467">
         <name>UARTCharPut</name>
         <value>0x20008c51</value>
         <object_component_ref idref="oc-1b0"/>
      </symbol>
      <symbol id="sm-468">
         <name>UARTEnable</name>
         <value>0x20008b49</value>
         <object_component_ref idref="oc-313"/>
      </symbol>
      <symbol id="sm-46c">
         <name>UtilsDelay</name>
         <value>0x20008f09</value>
         <object_component_ref idref="oc-169"/>
      </symbol>
      <symbol id="sm-476">
         <name>CPUcpsie</name>
         <value>0x20008e45</value>
         <object_component_ref idref="oc-24b"/>
      </symbol>
      <symbol id="sm-499">
         <name>trunc</name>
         <value>0x20007a89</value>
         <object_component_ref idref="oc-15d"/>
      </symbol>
      <symbol id="sm-49a">
         <name>truncl</name>
         <value>0x20007a89</value>
         <object_component_ref idref="oc-15d"/>
      </symbol>
      <symbol id="sm-4c9">
         <name>vsnprintf</name>
         <value>0x20008855</value>
         <object_component_ref idref="oc-1b6"/>
      </symbol>
      <symbol id="sm-4e0">
         <name>__aeabi_dsub</name>
         <value>0x20006d11</value>
         <object_component_ref idref="oc-2c8"/>
      </symbol>
      <symbol id="sm-4e1">
         <name>__aeabi_dadd</name>
         <value>0x20006d1b</value>
         <object_component_ref idref="oc-2c8"/>
      </symbol>
      <symbol id="sm-503">
         <name>__aeabi_cdcmpeq</name>
         <value>0x2000801d</value>
         <object_component_ref idref="oc-14b"/>
      </symbol>
      <symbol id="sm-504">
         <name>__aeabi_cdcmple</name>
         <value>0x2000801d</value>
         <object_component_ref idref="oc-14b"/>
      </symbol>
      <symbol id="sm-505">
         <name>__aeabi_cdrcmple</name>
         <value>0x200080a3</value>
         <object_component_ref idref="oc-2cd"/>
      </symbol>
      <symbol id="sm-519">
         <name>__aeabi_ddiv</name>
         <value>0x2000717d</value>
         <object_component_ref idref="oc-128"/>
      </symbol>
      <symbol id="sm-524">
         <name>__aeabi_dmul</name>
         <value>0x200075f9</value>
         <object_component_ref idref="oc-11e"/>
      </symbol>
      <symbol id="sm-52e">
         <name>__aeabi_d2iz</name>
         <value>0x20008789</value>
         <object_component_ref idref="oc-123"/>
      </symbol>
      <symbol id="sm-53a">
         <name>__aeabi_d2f</name>
         <value>0x200083f7</value>
         <object_component_ref idref="oc-12d"/>
      </symbol>
      <symbol id="sm-54b">
         <name>__aeabi_fadd</name>
         <value>0x200076f9</value>
         <object_component_ref idref="oc-132"/>
      </symbol>
      <symbol id="sm-54c">
         <name>__aeabi_fsub</name>
         <value>0x200076f5</value>
         <object_component_ref idref="oc-132"/>
      </symbol>
      <symbol id="sm-566">
         <name>__aeabi_cfrcmple</name>
         <value>0x2000852d</value>
         <object_component_ref idref="oc-13c"/>
      </symbol>
      <symbol id="sm-567">
         <name>__aeabi_cfcmpeq</name>
         <value>0x200084cd</value>
         <object_component_ref idref="oc-141"/>
      </symbol>
      <symbol id="sm-568">
         <name>__aeabi_cfcmple</name>
         <value>0x200084cd</value>
         <object_component_ref idref="oc-141"/>
      </symbol>
      <symbol id="sm-575">
         <name>__aeabi_fdiv</name>
         <value>0x20007f01</value>
         <object_component_ref idref="oc-158"/>
      </symbol>
      <symbol id="sm-57f">
         <name>__aeabi_fmul</name>
         <value>0x200081ad</value>
         <object_component_ref idref="oc-153"/>
      </symbol>
      <symbol id="sm-58a">
         <name>__aeabi_f2d</name>
         <value>0x20008911</value>
         <object_component_ref idref="oc-146"/>
      </symbol>
      <symbol id="sm-594">
         <name>__aeabi_i2d</name>
         <value>0x20008a49</value>
         <object_component_ref idref="oc-119"/>
      </symbol>
      <symbol id="sm-59f">
         <name>__aeabi_i2f</name>
         <value>0x20008949</value>
         <object_component_ref idref="oc-137"/>
      </symbol>
      <symbol id="sm-5ba">
         <name>memcpy</name>
         <value>0x20007d39</value>
         <object_component_ref idref="oc-3d"/>
      </symbol>
      <symbol id="sm-5bb">
         <name>__aeabi_memcpy</name>
         <value>0x20007d39</value>
         <object_component_ref idref="oc-3d"/>
      </symbol>
      <symbol id="sm-5bc">
         <name>__aeabi_memcpy8</name>
         <value>0x20007d39</value>
         <object_component_ref idref="oc-3d"/>
      </symbol>
      <symbol id="sm-5bd">
         <name>__aeabi_memcpy4</name>
         <value>0x20007d39</value>
         <object_component_ref idref="oc-3d"/>
      </symbol>
      <symbol id="sm-5ca">
         <name>__aeabi_uldivmod</name>
         <value>0x20007dd5</value>
         <object_component_ref idref="oc-449"/>
      </symbol>
      <symbol id="sm-5de">
         <name>__TI_zero_init_nomemset</name>
         <value>0x20008ca7</value>
         <object_component_ref idref="oc-49"/>
      </symbol>
      <symbol id="sm-5f5">
         <name>__TI_decompress_none</name>
         <value>0x20008ec5</value>
         <object_component_ref idref="oc-1b"/>
      </symbol>
      <symbol id="sm-618">
         <name>__TI_decompress_lzss</name>
         <value>0x20008465</value>
         <object_component_ref idref="oc-15"/>
      </symbol>
      <symbol id="sm-629">
         <name>memmove</name>
         <value>0x20008b21</value>
         <object_component_ref idref="oc-1ce"/>
      </symbol>
      <symbol id="sm-6c7">
         <name>_sys_memory</name>
         <value>0x20017000</value>
         <object_component_ref idref="oc-23"/>
      </symbol>
      <symbol id="sm-6c8">
         <name>free</name>
         <value>0x200077f1</value>
         <object_component_ref idref="oc-1e0"/>
      </symbol>
      <symbol id="sm-6c9">
         <name>realloc</name>
         <value>0x200078d5</value>
         <object_component_ref idref="oc-1da"/>
      </symbol>
      <symbol id="sm-6ca">
         <name>memalign</name>
         <value>0x200074f9</value>
         <object_component_ref idref="oc-33f"/>
      </symbol>
      <symbol id="sm-6cb">
         <name>malloc</name>
         <value>0x20008f01</value>
         <object_component_ref idref="oc-1d4"/>
      </symbol>
      <symbol id="sm-6cc">
         <name>aligned_alloc</name>
         <value>0x200074f9</value>
         <object_component_ref idref="oc-33f"/>
      </symbol>
      <symbol id="sm-6da">
         <name>strlen</name>
         <value>0x20008e6d</value>
         <object_component_ref idref="oc-1c8"/>
      </symbol>
      <symbol id="sm-6ec">
         <name>__stack</name>
         <value>0x2002f800</value>
         <object_component_ref idref="oc-26"/>
      </symbol>
      <symbol id="sm-6ed">
         <name>_c_int00_noargs</name>
         <value>0x20008b6d</value>
         <object_component_ref idref="oc-5b"/>
      </symbol>
      <symbol id="sm-852">
         <name>__TI_printfi</name>
         <value>0x20004e81</value>
         <object_component_ref idref="oc-31b"/>
      </symbol>
      <symbol id="sm-85c">
         <name>__aeabi_idiv0</name>
         <value>0x200063bf</value>
         <object_component_ref idref="oc-4a7"/>
      </symbol>
      <symbol id="sm-85d">
         <name>__aeabi_ldiv0</name>
         <value>0x200063bf</value>
         <object_component_ref idref="oc-4a7"/>
      </symbol>
      <symbol id="sm-86c">
         <name>__aeabi_memset</name>
         <value>0x20008229</value>
         <object_component_ref idref="oc-8b"/>
      </symbol>
      <symbol id="sm-86d">
         <name>memset</name>
         <value>0x2000822f</value>
         <object_component_ref idref="oc-8b"/>
      </symbol>
      <symbol id="sm-86e">
         <name>__aeabi_memset8</name>
         <value>0x20008229</value>
         <object_component_ref idref="oc-8b"/>
      </symbol>
      <symbol id="sm-86f">
         <name>__aeabi_memset4</name>
         <value>0x20008229</value>
         <object_component_ref idref="oc-8b"/>
      </symbol>
      <symbol id="sm-870">
         <name>__aeabi_memclr8</name>
         <value>0x20008227</value>
         <object_component_ref idref="oc-8b"/>
      </symbol>
      <symbol id="sm-871">
         <name>__aeabi_memclr4</name>
         <value>0x20008227</value>
         <object_component_ref idref="oc-8b"/>
      </symbol>
      <symbol id="sm-872">
         <name>__aeabi_memclr</name>
         <value>0x20008227</value>
         <object_component_ref idref="oc-8b"/>
      </symbol>
      <symbol id="sm-89a">
         <name>__TI_auto_init_nobinit_nopinit</name>
         <value>0x200087d1</value>
         <object_component_ref idref="oc-178"/>
      </symbol>
      <symbol id="sm-8a4">
         <name>_system_pre_init</name>
         <value>0x20008f0f</value>
         <object_component_ref idref="oc-91"/>
      </symbol>
      <symbol id="sm-8b0">
         <name>C$$EXIT</name>
         <value>0x20008f13</value>
         <object_component_ref idref="oc-16c"/>
      </symbol>
      <symbol id="sm-8b1">
         <name>abort</name>
         <value>0x20008f13</value>
         <object_component_ref idref="oc-16c"/>
      </symbol>
      <symbol id="sm-8c6">
         <name>_nop</name>
         <value>0x200058cf</value>
         <object_component_ref idref="oc-3af"/>
      </symbol>
      <symbol id="sm-8c7">
         <name>_lock</name>
         <value>0x20017824</value>
         <object_component_ref idref="oc-2f1"/>
      </symbol>
      <symbol id="sm-8c8">
         <name>_unlock</name>
         <value>0x20017828</value>
         <object_component_ref idref="oc-2f1"/>
      </symbol>
      <symbol id="sm-8d7">
         <name>__TI_ltoa</name>
         <value>0x20008697</value>
         <object_component_ref idref="oc-44f"/>
      </symbol>
      <symbol id="sm-8ee">
         <name>atoi</name>
         <value>0x2000873d</value>
         <object_component_ref idref="oc-3d0"/>
      </symbol>
      <symbol id="sm-8f9">
         <name>_ctypes_</name>
         <value>0x20009413</value>
         <object_component_ref idref="oc-444"/>
      </symbol>
      <symbol id="sm-909">
         <name>memccpy</name>
         <value>0x20008ce1</value>
         <object_component_ref idref="oc-3f4"/>
      </symbol>
      <symbol id="sm-919">
         <name>strchr</name>
         <value>0x20008e2f</value>
         <object_component_ref idref="oc-47c"/>
      </symbol>
      <symbol id="sm-92f">
         <name>__aeabi_errno_addr</name>
         <value>0x20008ef9</value>
         <object_component_ref idref="oc-400"/>
      </symbol>
      <symbol id="sm-930">
         <name>errno</name>
         <value>0x20017834</value>
         <object_component_ref idref="oc-48c"/>
      </symbol>
      <symbol id="sm-949">
         <name>wcslen</name>
         <value>0x20008ea5</value>
         <object_component_ref idref="oc-3fa"/>
      </symbol>
      <symbol id="sm-969">
         <name>frexpl</name>
         <value>0x2000858d</value>
         <object_component_ref idref="oc-470"/>
      </symbol>
      <symbol id="sm-96a">
         <name>frexp</name>
         <value>0x2000858d</value>
         <object_component_ref idref="oc-470"/>
      </symbol>
      <symbol id="sm-988">
         <name>scalbn</name>
         <value>0x200079b9</value>
         <object_component_ref idref="oc-476"/>
      </symbol>
      <symbol id="sm-989">
         <name>scalbnl</name>
         <value>0x200079b9</value>
         <object_component_ref idref="oc-476"/>
      </symbol>
      <symbol id="sm-98a">
         <name>ldexpl</name>
         <value>0x200079b9</value>
         <object_component_ref idref="oc-476"/>
      </symbol>
      <symbol id="sm-98b">
         <name>ldexp</name>
         <value>0x200079b9</value>
         <object_component_ref idref="oc-476"/>
      </symbol>
      <symbol id="sm-995">
         <name>copysign</name>
         <value>0x20008ee1</value>
         <object_component_ref idref="oc-4ba"/>
      </symbol>
      <symbol id="sm-996">
         <name>copysignl</name>
         <value>0x20008ee1</value>
         <object_component_ref idref="oc-4ba"/>
      </symbol>
      <symbol id="sm-997">
         <name>__TI_static_base__</name>
         <value>0x200096d8</value>
      </symbol>
      <symbol id="sm-99a">
         <name>__mpu_init</name>
         <value>0x0</value>
      </symbol>
      <symbol id="sm-99b">
         <name>_system_post_cinit</name>
         <value>0x0</value>
      </symbol>
   </symbol_table>
   <title>Link successful</title>
</link_info>
