******************************************************************************
                  TI ARM Linker PC v20.2.7                     
******************************************************************************
>> Linked Thu May  8 08:41:32 2025

OUTPUT FILE NAME:   <testingfinal2.out>
ENTRY POINT SYMBOL: "_c_int00_noargs"  address: 2000f949


MEMORY CONFIGURATION

         name            origin    length      used     unused   attr    fill
----------------------  --------  ---------  --------  --------  ----  --------
  SRAM_CODE             20004000   00013000  0000bd2a  000072d6  RW X
  SRAM_DATA             20017000   00019000  00001028  00017fd8  RW X


SEGMENT ALLOCATION MAP

run origin  load origin   length   init length attrs members
----------  ----------- ---------- ----------- ----- -------
20004000    20004000    0000bd30   0000bd30    r-x
  20004000    20004000    00000400   00000400    r-- .intvecs
  20004400    20004400    00007ac4   00007ac4    r-- .const
  2000bec4    2000bec4    00003e2e   00003e2e    r-x .text
  2000fcf8    2000fcf8    00000038   00000038    r-- .cinit
20017000    20017000    00000828   00000000    rw-
  20017000    20017000    00000800   00000000    rw- .sysmem
  20017800    20017800    00000020   00000000    rw- .data
  20017820    20017820    00000008   00000000    rw- .bss
2002f800    2002f800    00000800   00000000    rw-
  2002f800    2002f800    00000800   00000000    rw- .stack


SECTION ALLOCATION MAP

 output                                  attributes/
section   page    origin      length       input sections
--------  ----  ----------  ----------   ----------------
.intvecs   0    20004000    00000400     
                  20004000    00000400     startup_ccs.obj (.intvecs)

.init_array 
*          0    20004000    00000000     UNINITIALIZED

.const     0    20004400    00007ac4     
                  20004400    00007800     main.obj (.const:marioFrames)
                  2000bc00    00000101     rtsv7M4_T_le_eabi.lib : ctype.c.obj (.const:.string:_ctypes_)
                  2000bd01    00000003     --HOLE-- [fill = 0]
                  2000bd04    00000100     driverlib.a : pin.obj (.const:g_ulPinToPadMap)
                  2000be04    000000a8                 : prcm.obj (.const:PRCM_PeriphRegsList)
                  2000beac    00000018                 : interrupt.obj (.const:g_pulEnRegs)

.text      0    2000bec4    00003e2e     
                  2000bec4    00000a4e     rtsv7M4_T_le_eabi.lib : _printfi.c.obj (.text:__TI_printfi)
                  2000c912    00000002                           : _lock.c.obj (.text:_nop)
                  2000c914    000006e8     Adafruit_OLED.obj (.text)
                  2000cffc    00000344     main.obj (.text)
                  2000d340    000002a0     i2c_if.obj (.text)
                  2000d5e0    0000027c     uart_if.obj (.text)
                  2000d85c    00000268     rtsv7M4_T_le_eabi.lib : _printfi.c.obj (.text:_pconv_a)
                  2000dac4    000001cc                           : _printfi.c.obj (.text:_pconv_g)
                  2000dc90    000001b6                           : fd_add_t2.asm.obj (.text)
                  2000de46    00000002                           : div0.asm.obj (.text)
                  2000de48    00000178     driverlib.a : prcm.obj (.text:PRCMCC3200MCUInit)
                  2000dfc0    0000013c     rtsv7M4_T_le_eabi.lib : _printfi.c.obj (.text:_pconv_e)
                  2000e0fc    00000138     pinmux.obj (.text)
                  2000e234    00000136     rtsv7M4_T_le_eabi.lib : fd_div_t2.asm.obj (.text)
                  2000e36a    00000002     --HOLE-- [fill = 0]
                  2000e36c    00000120                           : _printfi.c.obj (.text:fcvt)
                  2000e48c    00000100                           : memory.c.obj (.text:aligned_alloc)
                  2000e58c    000000fc                           : fd_mul_t2.asm.obj (.text)
                  2000e688    000000fa                           : fs_add_t2.asm.obj (.text)
                  2000e782    00000002     --HOLE-- [fill = 0]
                  2000e784    000000e4                           : memory.c.obj (.text:free)
                  2000e868    000000e4                           : memory.c.obj (.text:realloc)
                  2000e94c    000000d0                           : s_scalbn.c.obj (.text:scalbn)
                  2000ea1c    000000b1                           : _printfi.c.obj (.text:_ltostr)
                  2000eacd    00000003     --HOLE-- [fill = 0]
                  2000ead0    000000a8     driverlib.a : interrupt.obj (.text:IntEnable)
                  2000eb78    000000a0                 : spi.obj (.text:SPIConfigSetExpClk)
                  2000ec18    0000009c     rtsv7M4_T_le_eabi.lib : memcpy_t2.asm.obj (.text)
                  2000ecb4    00000096                           : ull_div_t2.asm.obj (.text)
                  2000ed4a    00000002     --HOLE-- [fill = 0]
                  2000ed4c    00000094     driverlib.a : prcm.obj (.text:PRCMPeripheralClockGet)
                  2000ede0    00000092     rtsv7M4_T_le_eabi.lib : fs_div_t2.asm.obj (.text)
                  2000ee72    00000002     --HOLE-- [fill = 0]
                  2000ee74    00000088     driverlib.a : pin.obj (.text:PinConfigSet)
                  2000eefc    00000086     rtsv7M4_T_le_eabi.lib : fd_cmp_t2.asm.obj (.text:__aeabi_cdcmple)
                  2000ef82    00000086                           : fd_cmp_t2.asm.obj (.text:__aeabi_cdrcmple)
                  2000f008    00000084     driverlib.a : i2c.obj (.text:I2CMasterInitExpClk)
                  2000f08c    0000007a     rtsv7M4_T_le_eabi.lib : fs_mul_t2.asm.obj (.text)
                  2000f106    0000007a                           : memset_t2.asm.obj (.text)
                  2000f180    00000076     driverlib.a : uart.obj (.text:UARTConfigSetExpClk)
                  2000f1f6    00000002     --HOLE-- [fill = 0]
                  2000f1f8    00000070     rtsv7M4_T_le_eabi.lib : memory.c.obj (.text:split)
                  2000f268    0000006e                           : _printfi.c.obj (.text:_mcpy)
                  2000f2d6    00000068                           : copy_decompress_lzss.c.obj (.text:decompress:lzss:__TI_decompress_lzss)
                  2000f33e    00000060                           : fs_cmp_t2.asm.obj (.text:__aeabi_cfrcmple)
                  2000f39e    00000002     --HOLE-- [fill = 0]
                  2000f3a0    0000005c                           : s_frexp.c.obj (.text:frexp)
                  2000f3fc    00000058     driverlib.a : prcm.obj (.text:PRCMPeripheralReset)
                  2000f454    00000056     rtsv7M4_T_le_eabi.lib : _printfi.c.obj (.text:_pconv_f)
                  2000f4aa    00000054                           : _ltoa.c.obj (.text:__TI_ltoa)
                  2000f4fe    00000052                           : _printfi.c.obj (.text:_ecpy)
                  2000f550    0000004c                           : atoi.c.obj (.text:atoi)
                  2000f59c    00000048                           : fd_toi_t2.asm.obj (.text)
                  2000f5e4    00000044                           : autoinit.c.obj (.text:__TI_auto_init_nobinit_nopinit:__TI_auto_init_nobinit_nopinit)
                  2000f628    00000040     driverlib.a : pin.obj (.text:PinModeSet)
                  2000f668    00000040     rtsv7M4_T_le_eabi.lib : vsnprintf.c.obj (.text:vsnprintf)
                  2000f6a8    0000003e                           : _printfi.c.obj (.text:_fcpy)
                  2000f6e6    00000002     --HOLE-- [fill = 0]
                  2000f6e8    0000003c     driverlib.a : prcm.obj (.text:PRCMPeripheralClkEnable)
                  2000f724    00000038     rtsv7M4_T_le_eabi.lib : fs_toi_t2.asm.obj (.text)
                  2000f75c    00000036     driverlib.a : gpio.obj (.text:GPIODirModeSet)
                  2000f792    00000030                 : pin.obj (.text:PinTypeGPIO)
                  2000f7c2    00000002     --HOLE-- [fill = 0]
                  2000f7c4    00000030                 : uart.obj (.text:UARTDisable)
                  2000f7f4    00000030     rtsv7M4_T_le_eabi.lib : vsnprintf.c.obj (.text:_outs)
                  2000f824    0000002e                           : i_tofd_t2.asm.obj (.text)
                  2000f852    0000002c     driverlib.a : i2c.obj (.text:I2CMasterErr)
                  2000f87e    00000002     --HOLE-- [fill = 0]
                  2000f880    0000002c                 : prcm.obj (.text:PRCMSysResetCauseGet)
                  2000f8ac    00000028                 : prcm.obj (.text:PRCMPeripheralClkDisable)
                  2000f8d4    00000028     rtsv7M4_T_le_eabi.lib : memory.c.obj (.text:free_list_insert)
                  2000f8fc    00000028                           : memmov.c.obj (.text:memmove)
                  2000f924    00000024     driverlib.a : uart.obj (.text:UARTEnable)
                  2000f948    00000024     rtsv7M4_T_le_eabi.lib : boot_cortex_m.c.obj (.text:_c_int00_noargs:_c_int00_noargs)
                  2000f96c    00000022     driverlib.a : i2c.obj (.text:I2CMasterSlaveAddrSet)
                  2000f98e    00000022                 : spi.obj (.text:SPIReset)
                  2000f9b0    00000020                 : gpio.obj (.text:GPIOPinWrite)
                  2000f9d0    00000020                 : spi.obj (.text:SPIDataGet)
                  2000f9f0    0000001e                 : i2c.obj (.text:I2CMasterIntStatusEx)
                  2000fa0e    0000001e                 : spi.obj (.text:SPIDataPut)
                  2000fa2c    0000001e                 : uart.obj (.text:UARTCharPut)
                  2000fa4a    0000001c                 : pin.obj (.text:PinTypeI2C)
                  2000fa66    0000001c                 : uart.obj (.text:UARTCharGetNonBlocking)
                  2000fa82    0000001c     rtsv7M4_T_le_eabi.lib : copy_zero_init.c.obj (.text:decompress:ZI:__TI_zero_init_nomemset:__TI_zero_init_nomemset)
                  2000fa9e    00000002     --HOLE-- [fill = 0]
                  2000faa0    0000001c                           : memory.c.obj (.text:free_list_remove)
                  2000fabc    0000001c                           : memccpy.c.obj (.text:memccpy)
                  2000fad8    0000001a     driverlib.a : pin.obj (.text:PinTypeSPI)
                  2000faf2    0000001a                 : pin.obj (.text:PinTypeUART)
                  2000fb0c    00000018                 : i2c.obj (.text:I2CMasterIntEnableEx)
                  2000fb24    00000018                 : spi.obj (.text:SPICSDisable)
                  2000fb3c    00000018                 : spi.obj (.text:SPICSEnable)
                  2000fb54    00000018                 : spi.obj (.text:SPIEnable)
                  2000fb6c    00000018                 : uart.obj (.text:UARTCharsAvail)
                  2000fb84    00000018     rtsv7M4_T_le_eabi.lib : vsnprintf.c.obj (.text:_outc)
                  2000fb9c    00000016     driverlib.a : i2c.obj (.text:I2CMasterDataPut)
                  2000fbb2    00000016                 : i2c.obj (.text:I2CMasterEnable)
                  2000fbc8    00000016                 : i2c.obj (.text:I2CMasterIntClear)
                  2000fbde    00000016                 : prcm.obj (.text:PRCMHIBRegRead)
                  2000fbf4    00000016                 : prcm.obj (.text:PRCMHIBRegWrite)
                  2000fc0a    00000016     rtsv7M4_T_le_eabi.lib : strchr.c.obj (.text:strchr)
                  2000fc20    00000014     driverlib.a : cpu.obj (.text:CPUcpsie)
                  2000fc34    00000014                 : interrupt.obj (.text:IntVTableBaseSet)
                  2000fc48    00000014     rtsv7M4_T_le_eabi.lib : strlen.c.obj (.text:strlen)
                  2000fc5c    00000012     driverlib.a : i2c.obj (.text:I2CMasterControl)
                  2000fc6e    00000012                 : i2c.obj (.text:I2CMasterTimeoutSet)
                  2000fc80    00000012     rtsv7M4_T_le_eabi.lib : wcslen.c.obj (.text:wcslen)
                  2000fc92    0000000e     driverlib.a : i2c.obj (.text:I2CMasterDataGet)
                  2000fca0    0000000e     rtsv7M4_T_le_eabi.lib : copy_decompress_none.c.obj (.text:decompress:none:__TI_decompress_none)
                  2000fcae    0000000e     startup_ccs.obj (.text)
                  2000fcbc    0000000c     rtsv7M4_T_le_eabi.lib : s_copysign.c.obj (.text:copysign)
                  2000fcc8    0000000a     driverlib.a : interrupt.obj (.text:IntMasterEnable)
                  2000fcd2    00000002     --HOLE-- [fill = 0]
                  2000fcd4    00000008     rtsv7M4_T_le_eabi.lib : errno.c.obj (.text:__aeabi_errno_addr)
                  2000fcdc    00000008                           : memory.c.obj (.text:malloc)
                  2000fce4    00000006     driverlib.a : utils.obj (.text:UtilsDelay)
                  2000fcea    00000004     rtsv7M4_T_le_eabi.lib : pre_init.c.obj (.text:_system_pre_init)
                  2000fcee    00000004                           : exit.c.obj (.text:abort:abort)

.cinit     0    2000fcf8    00000038     
                  2000fcf8    00000010     (.cinit..data.load) [load image, compression = lzss]
                  2000fd08    0000000c     (__TI_handler_table)
                  2000fd14    00000004     --HOLE-- [fill = 0]
                  2000fd18    00000008     (.cinit..bss.load) [load image, compression = zero_init]
                  2000fd20    00000010     (__TI_cinit_table)

.sysmem    0    20017000    00000800     UNINITIALIZED
                  20017000    00000010     rtsv7M4_T_le_eabi.lib : memory.c.obj (.sysmem)
                  20017010    000007f0     --HOLE--

.data      0    20017800    00000020     UNINITIALIZED
                  20017800    0000000c     main.obj (.data)
                  2001780c    00000008     rtsv7M4_T_le_eabi.lib : _lock.c.obj (.data:$O1$$)
                  20017814    00000008                           : memory.c.obj (.data:$O1$$)
                  2001781c    00000004                           : errno.c.obj (.data)

.bss       0    20017820    00000008     UNINITIALIZED
                  20017820    00000004     Adafruit_OLED.obj (.bss)
                  20017824    00000004     uart_if.obj (.bss)

.stack     0    2002f800    00000800     UNINITIALIZED
                  2002f800    00000004     rtsv7M4_T_le_eabi.lib : boot_cortex_m.c.obj (.stack)
                  2002f804    000007fc     --HOLE--

__llvm_prf_cnts 
*          0    20017000    00000000     UNINITIALIZED

MODULE SUMMARY

       Module                       code    ro data   rw data
       ------                       ----    -------   -------
    .\
       main.obj                     836     30720     12     
       Adafruit_OLED.obj            1768    0         4      
       startup_ccs.obj              14      1024      0      
       i2c_if.obj                   672     0         0      
       uart_if.obj                  636     0         4      
       pinmux.obj                   312     0         0      
    +--+----------------------------+-------+---------+---------+
       Total:                       4238    31744     20     
                                                             
    C:/ti/CC3200SDK_1.5.0/cc3200-sdk/driverlib/ccs/Release/driverlib.a
       prcm.obj                     800     168       0      
       pin.obj                      328     256       0      
       i2c.obj                      380     0         0      
       spi.obj                      328     0         0      
       uart.obj                     284     0         0      
       interrupt.obj                198     24        0      
       gpio.obj                     86      0         0      
       cpu.obj                      20      0         0      
       utils.obj                    6       0         0      
    +--+----------------------------+-------+---------+---------+
       Total:                       2430    448       0      
                                                             
    C:\ti\ccs1250\ccs\tools\compiler\ti-cgt-arm_20.2.7.LTS\lib\rtsv7M4_T_le_eabi.lib
       _printfi.c.obj               4835    0         0      
       memory.c.obj                 900     0         8      
       fd_add_t2.asm.obj            438     0         0      
       fd_div_t2.asm.obj            310     0         0      
       fd_cmp_t2.asm.obj            268     0         0      
       ctype.c.obj                  0       257       0      
       fd_mul_t2.asm.obj            252     0         0      
       fs_add_t2.asm.obj            250     0         0      
       s_scalbn.c.obj               208     0         0      
       memcpy_t2.asm.obj            156     0         0      
       ull_div_t2.asm.obj           150     0         0      
       fs_div_t2.asm.obj            146     0         0      
       vsnprintf.c.obj              136     0         0      
       fs_mul_t2.asm.obj            122     0         0      
       memset_t2.asm.obj            122     0         0      
       copy_decompress_lzss.c.obj   104     0         0      
       fs_cmp_t2.asm.obj            96      0         0      
       s_frexp.c.obj                92      0         0      
       _ltoa.c.obj                  84      0         0      
       atoi.c.obj                   76      0         0      
       fd_toi_t2.asm.obj            72      0         0      
       autoinit.c.obj               68      0         0      
       fs_toi_t2.asm.obj            56      0         0      
       i_tofd_t2.asm.obj            46      0         0      
       memmov.c.obj                 40      0         0      
       boot_cortex_m.c.obj          36      0         0      
       copy_zero_init.c.obj         28      0         0      
       memccpy.c.obj                28      0         0      
       strchr.c.obj                 22      0         0      
       strlen.c.obj                 20      0         0      
       wcslen.c.obj                 18      0         0      
       copy_decompress_none.c.obj   14      0         0      
       errno.c.obj                  8       0         4      
       s_copysign.c.obj             12      0         0      
       _lock.c.obj                  2       0         8      
       exit.c.obj                   4       0         0      
       pre_init.c.obj               4       0         0      
       div0.asm.obj                 2       0         0      
    +--+----------------------------+-------+---------+---------+
       Total:                       9225    257       20     
                                                             
       Heap:                        0       0         2048   
       Stack:                       0       0         2048   
       Linker Generated:            0       52        0      
    +--+----------------------------+-------+---------+---------+
       Grand Total:                 15893   32501     4136   


LINKER GENERATED COPY TABLES

__TI_cinit_table @ 2000fd20 records: 2, size/record: 8, table size: 16
	.data: load addr=2000fcf8, load size=00000010 bytes, run addr=20017800, run size=00000020 bytes, compression=lzss
	.bss: load addr=2000fd18, load size=00000008 bytes, run addr=20017820, run size=00000008 bytes, compression=zero_init


LINKER GENERATED HANDLER TABLE

__TI_handler_table @ 2000fd08 records: 3, size/record: 4, table size: 12
	index: 0, handler: __TI_decompress_lzss
	index: 1, handler: __TI_decompress_none
	index: 2, handler: __TI_zero_init


GLOBAL SYMBOLS: SORTED ALPHABETICALLY BY Name 

address   name                          
-------   ----                          
2000c99d  Adafruit_Init                 
2000fcef  C$$EXIT                       
2000fc21  CPUcpsie                      
2000d621  ClearTerm                     
2000cb27  Color565                      
2000d62b  Error                         
2000f75d  GPIODirModeSet                
2000f9b1  GPIOPinWrite                  
2000d663  GetCmd                        
2000fc5d  I2CMasterControl              
2000fc93  I2CMasterDataGet              
2000fb9d  I2CMasterDataPut              
2000fbb3  I2CMasterEnable               
2000f853  I2CMasterErr                  
2000f009  I2CMasterInitExpClk           
2000fbc9  I2CMasterIntClear             
2000fb0d  I2CMasterIntEnableEx          
2000f9f1  I2CMasterIntStatusEx          
2000f96d  I2CMasterSlaveAddrSet         
2000fc6f  I2CMasterTimeoutSet           
2000d5cb  I2C_IF_Close                  
2000d56f  I2C_IF_Open                   
2000d46d  I2C_IF_Read                   
2000d529  I2C_IF_ReadFrom               
2000d3bd  I2C_IF_Write                  
2000d5e1  InitTerm                      
2000ead1  IntEnable                     
2000fcc9  IntMasterEnable               
2000fc35  IntVTableBaseSet              
2000d5ff  Message                       
2000de49  PRCMCC3200MCUInit             
2000fbdf  PRCMHIBRegRead                
2000fbf5  PRCMHIBRegWrite               
2000f8ad  PRCMPeripheralClkDisable      
2000f6e9  PRCMPeripheralClkEnable       
2000ed4d  PRCMPeripheralClockGet        
2000f3fd  PRCMPeripheralReset           
2000f881  PRCMSysResetCauseGet          
2000ee75  PinConfigSet                  
2000f629  PinModeSet                    
2000e0fd  PinMuxConfig                  
2000f793  PinTypeGPIO                   
2000fa4b  PinTypeI2C                    
2000fad9  PinTypeSPI                    
2000faf3  PinTypeUART                   
2000d107  ProjectPoint                  
2000d047  ReadAccelerometerData         
2000d7a1  Report                        
2000fcaf  ResetISR                      
2000fb25  SPICSDisable                  
2000fb3d  SPICSEnable                   
2000eb79  SPIConfigSetExpClk            
2000f9d1  SPIDataGet                    
2000fa0f  SPIDataPut                    
2000fb55  SPIEnable                     
2000f98f  SPIReset                      
2000d709  TrimSpace                     
2000fa67  UARTCharGetNonBlocking        
2000fa2d  UARTCharPut                   
2000fb6d  UARTCharsAvail                
2000f181  UARTConfigSetExpClk           
2000f7c5  UARTDisable                   
2000f925  UARTEnable                    
2000fce5  UtilsDelay                    
20030000  __STACK_END                   
00000800  __STACK_SIZE                  
00000800  __SYSMEM_SIZE                 
2000fd20  __TI_CINIT_Base               
2000fd30  __TI_CINIT_Limit              
2000fd08  __TI_Handler_Table_Base       
2000fd14  __TI_Handler_Table_Limit      
2000f5e5  __TI_auto_init_nobinit_nopinit
2000f2d7  __TI_decompress_lzss          
2000fca1  __TI_decompress_none          
2000f4ab  __TI_ltoa                     
ffffffff  __TI_pprof_out_hndl           
2000bec5  __TI_printfi                  
ffffffff  __TI_prof_data_size           
ffffffff  __TI_prof_data_start          
2000fcf8  __TI_static_base__            
2000fa83  __TI_zero_init_nomemset       
2000eefd  __aeabi_cdcmpeq               
2000eefd  __aeabi_cdcmple               
2000ef83  __aeabi_cdrcmple              
2000f33f  __aeabi_cfrcmple              
2000f59d  __aeabi_d2iz                  
2000dc9b  __aeabi_dadd                  
2000e235  __aeabi_ddiv                  
2000e58d  __aeabi_dmul                  
2000dc91  __aeabi_dsub                  
2000fcd5  __aeabi_errno_addr            
2000f725  __aeabi_f2iz                  
2000e68d  __aeabi_fadd                  
2000ede1  __aeabi_fdiv                  
2000f08d  __aeabi_fmul                  
2000e689  __aeabi_fsub                  
2000f825  __aeabi_i2d                   
2000de47  __aeabi_idiv0                 
2000de47  __aeabi_ldiv0                 
2000f107  __aeabi_memclr                
2000f107  __aeabi_memclr4               
2000f107  __aeabi_memclr8               
2000ec19  __aeabi_memcpy                
2000ec19  __aeabi_memcpy4               
2000ec19  __aeabi_memcpy8               
2000f109  __aeabi_memset                
2000f109  __aeabi_memset4               
2000f109  __aeabi_memset8               
2000ecb5  __aeabi_uldivmod              
ffffffff  __binit__                     
ffffffff  __c_args__                    
UNDEFED   __mpu_init                    
2002f800  __stack                       
20017000  __start___llvm_prf_cnts       
20017000  __stop___llvm_prf_cnts        
2000f949  _c_int00_noargs               
2000bc00  _ctypes_                      
2001780c  _lock                         
2000c913  _nop                          
20017000  _sys_memory                   
UNDEFED   _system_post_cinit            
2000fceb  _system_pre_init              
20017810  _unlock                       
2000fcef  abort                         
2000e48d  aligned_alloc                 
2000f551  atoi                          
ffffffff  binit                         
2000fcbd  copysign                      
2000fcbd  copysignl                     
2000ccdd  drawFastHLine                 
2000cc41  drawFastVLine                 
2000cf93  drawPixel                     
2001781c  errno                         
2000ce2f  fastDrawBitmap                
2000cd79  fastFillScreen                
2000cb7f  fillRect                      
2000cb69  fillScreen                    
2000e785  free                          
2000f3a1  frexp                         
2000f3a1  frexpl                        
20017800  g_iAccelX                     
20017804  g_iAccelY                     
20017808  g_iAccelZ                     
20004000  g_pfnVectors                  
2000cffd  get_mario_frame               
2000cae3  goTo                          
2000cfd1  invert                        
2000e94d  ldexp                         
2000e94d  ldexpl                        
2000d1a1  main                          
2000fcdd  malloc                        
20004400  marioFrames                   
2000e48d  memalign                      
2000fabd  memccpy                       
2000ec19  memcpy                        
2000f8fd  memmove                       
2000f10f  memset                        
2000e869  realloc                       
2000e94d  scalbn                        
2000e94d  scalbnl                       
2000fc0b  strchr                        
2000fc49  strlen                        
2000f669  vsnprintf                     
2000fc81  wcslen                        
2000c915  writeCommand                  
2000c959  writeData                     


GLOBAL SYMBOLS: SORTED BY Symbol Address 

address   name                          
-------   ----                          
00000800  __STACK_SIZE                  
00000800  __SYSMEM_SIZE                 
20004000  g_pfnVectors                  
20004400  marioFrames                   
2000bc00  _ctypes_                      
2000bec5  __TI_printfi                  
2000c913  _nop                          
2000c915  writeCommand                  
2000c959  writeData                     
2000c99d  Adafruit_Init                 
2000cae3  goTo                          
2000cb27  Color565                      
2000cb69  fillScreen                    
2000cb7f  fillRect                      
2000cc41  drawFastVLine                 
2000ccdd  drawFastHLine                 
2000cd79  fastFillScreen                
2000ce2f  fastDrawBitmap                
2000cf93  drawPixel                     
2000cfd1  invert                        
2000cffd  get_mario_frame               
2000d047  ReadAccelerometerData         
2000d107  ProjectPoint                  
2000d1a1  main                          
2000d3bd  I2C_IF_Write                  
2000d46d  I2C_IF_Read                   
2000d529  I2C_IF_ReadFrom               
2000d56f  I2C_IF_Open                   
2000d5cb  I2C_IF_Close                  
2000d5e1  InitTerm                      
2000d5ff  Message                       
2000d621  ClearTerm                     
2000d62b  Error                         
2000d663  GetCmd                        
2000d709  TrimSpace                     
2000d7a1  Report                        
2000dc91  __aeabi_dsub                  
2000dc9b  __aeabi_dadd                  
2000de47  __aeabi_idiv0                 
2000de47  __aeabi_ldiv0                 
2000de49  PRCMCC3200MCUInit             
2000e0fd  PinMuxConfig                  
2000e235  __aeabi_ddiv                  
2000e48d  aligned_alloc                 
2000e48d  memalign                      
2000e58d  __aeabi_dmul                  
2000e689  __aeabi_fsub                  
2000e68d  __aeabi_fadd                  
2000e785  free                          
2000e869  realloc                       
2000e94d  ldexp                         
2000e94d  ldexpl                        
2000e94d  scalbn                        
2000e94d  scalbnl                       
2000ead1  IntEnable                     
2000eb79  SPIConfigSetExpClk            
2000ec19  __aeabi_memcpy                
2000ec19  __aeabi_memcpy4               
2000ec19  __aeabi_memcpy8               
2000ec19  memcpy                        
2000ecb5  __aeabi_uldivmod              
2000ed4d  PRCMPeripheralClockGet        
2000ede1  __aeabi_fdiv                  
2000ee75  PinConfigSet                  
2000eefd  __aeabi_cdcmpeq               
2000eefd  __aeabi_cdcmple               
2000ef83  __aeabi_cdrcmple              
2000f009  I2CMasterInitExpClk           
2000f08d  __aeabi_fmul                  
2000f107  __aeabi_memclr                
2000f107  __aeabi_memclr4               
2000f107  __aeabi_memclr8               
2000f109  __aeabi_memset                
2000f109  __aeabi_memset4               
2000f109  __aeabi_memset8               
2000f10f  memset                        
2000f181  UARTConfigSetExpClk           
2000f2d7  __TI_decompress_lzss          
2000f33f  __aeabi_cfrcmple              
2000f3a1  frexp                         
2000f3a1  frexpl                        
2000f3fd  PRCMPeripheralReset           
2000f4ab  __TI_ltoa                     
2000f551  atoi                          
2000f59d  __aeabi_d2iz                  
2000f5e5  __TI_auto_init_nobinit_nopinit
2000f629  PinModeSet                    
2000f669  vsnprintf                     
2000f6e9  PRCMPeripheralClkEnable       
2000f725  __aeabi_f2iz                  
2000f75d  GPIODirModeSet                
2000f793  PinTypeGPIO                   
2000f7c5  UARTDisable                   
2000f825  __aeabi_i2d                   
2000f853  I2CMasterErr                  
2000f881  PRCMSysResetCauseGet          
2000f8ad  PRCMPeripheralClkDisable      
2000f8fd  memmove                       
2000f925  UARTEnable                    
2000f949  _c_int00_noargs               
2000f96d  I2CMasterSlaveAddrSet         
2000f98f  SPIReset                      
2000f9b1  GPIOPinWrite                  
2000f9d1  SPIDataGet                    
2000f9f1  I2CMasterIntStatusEx          
2000fa0f  SPIDataPut                    
2000fa2d  UARTCharPut                   
2000fa4b  PinTypeI2C                    
2000fa67  UARTCharGetNonBlocking        
2000fa83  __TI_zero_init_nomemset       
2000fabd  memccpy                       
2000fad9  PinTypeSPI                    
2000faf3  PinTypeUART                   
2000fb0d  I2CMasterIntEnableEx          
2000fb25  SPICSDisable                  
2000fb3d  SPICSEnable                   
2000fb55  SPIEnable                     
2000fb6d  UARTCharsAvail                
2000fb9d  I2CMasterDataPut              
2000fbb3  I2CMasterEnable               
2000fbc9  I2CMasterIntClear             
2000fbdf  PRCMHIBRegRead                
2000fbf5  PRCMHIBRegWrite               
2000fc0b  strchr                        
2000fc21  CPUcpsie                      
2000fc35  IntVTableBaseSet              
2000fc49  strlen                        
2000fc5d  I2CMasterControl              
2000fc6f  I2CMasterTimeoutSet           
2000fc81  wcslen                        
2000fc93  I2CMasterDataGet              
2000fca1  __TI_decompress_none          
2000fcaf  ResetISR                      
2000fcbd  copysign                      
2000fcbd  copysignl                     
2000fcc9  IntMasterEnable               
2000fcd5  __aeabi_errno_addr            
2000fcdd  malloc                        
2000fce5  UtilsDelay                    
2000fceb  _system_pre_init              
2000fcef  C$$EXIT                       
2000fcef  abort                         
2000fcf8  __TI_static_base__            
2000fd08  __TI_Handler_Table_Base       
2000fd14  __TI_Handler_Table_Limit      
2000fd20  __TI_CINIT_Base               
2000fd30  __TI_CINIT_Limit              
20017000  __start___llvm_prf_cnts       
20017000  __stop___llvm_prf_cnts        
20017000  _sys_memory                   
20017800  g_iAccelX                     
20017804  g_iAccelY                     
20017808  g_iAccelZ                     
2001780c  _lock                         
20017810  _unlock                       
2001781c  errno                         
2002f800  __stack                       
20030000  __STACK_END                   
ffffffff  __TI_pprof_out_hndl           
ffffffff  __TI_prof_data_size           
ffffffff  __TI_prof_data_start          
ffffffff  __binit__                     
ffffffff  __c_args__                    
ffffffff  binit                         
UNDEFED   __mpu_init                    
UNDEFED   _system_post_cinit            

[166 symbols]
