<?xml version="1.0" encoding="ISO-8859-1" ?>
<link_info>
   <banner>TI ARM Linker PC v20.2.7.LTS</banner>
   <copyright>Copyright (c) 1996-2018 Texas Instruments Incorporated</copyright>
   <link_time>0x681cd0ac</link_time>
   <link_errors>0x0</link_errors>
   <output_file>testingfinal2.out</output_file>
   <entry_point>
      <name>_c_int00_noargs</name>
      <address>0x2000f949</address>
   </entry_point>
   <input_file_list>
      <input_file id="fl-2">
         <path>.\</path>
         <kind>object</kind>
         <file>Adafruit_GFX.obj</file>
         <name>Adafruit_GFX.obj</name>
      </input_file>
      <input_file id="fl-3">
         <path>.\</path>
         <kind>object</kind>
         <file>Adafruit_OLED.obj</file>
         <name>Adafruit_OLED.obj</name>
      </input_file>
      <input_file id="fl-4">
         <path>.\</path>
         <kind>object</kind>
         <file>i2c_if.obj</file>
         <name>i2c_if.obj</name>
      </input_file>
      <input_file id="fl-5">
         <path>.\</path>
         <kind>object</kind>
         <file>main.obj</file>
         <name>main.obj</name>
      </input_file>
      <input_file id="fl-6">
         <path>.\</path>
         <kind>object</kind>
         <file>oled_test.obj</file>
         <name>oled_test.obj</name>
      </input_file>
      <input_file id="fl-7">
         <path>.\</path>
         <kind>object</kind>
         <file>pinmux.obj</file>
         <name>pinmux.obj</name>
      </input_file>
      <input_file id="fl-8">
         <path>.\</path>
         <kind>object</kind>
         <file>startup_ccs.obj</file>
         <name>startup_ccs.obj</name>
      </input_file>
      <input_file id="fl-9">
         <path>.\</path>
         <kind>object</kind>
         <file>uart_if.obj</file>
         <name>uart_if.obj</name>
      </input_file>
      <input_file id="fl-e">
         <kind>object</kind>
         <file>&lt;internal&gt;</file>
         <name>&lt;internal&gt;</name>
      </input_file>
      <input_file id="fl-f">
         <path>C:\ti\CC3200SDK_1.5.0\cc3200-sdk\driverlib\ccs\Release\</path>
         <kind>archive</kind>
         <file>driverlib.a</file>
         <name>gpio.obj</name>
      </input_file>
      <input_file id="fl-10">
         <path>C:\ti\CC3200SDK_1.5.0\cc3200-sdk\driverlib\ccs\Release\</path>
         <kind>archive</kind>
         <file>driverlib.a</file>
         <name>i2c.obj</name>
      </input_file>
      <input_file id="fl-11">
         <path>C:\ti\CC3200SDK_1.5.0\cc3200-sdk\driverlib\ccs\Release\</path>
         <kind>archive</kind>
         <file>driverlib.a</file>
         <name>interrupt.obj</name>
      </input_file>
      <input_file id="fl-12">
         <path>C:\ti\CC3200SDK_1.5.0\cc3200-sdk\driverlib\ccs\Release\</path>
         <kind>archive</kind>
         <file>driverlib.a</file>
         <name>pin.obj</name>
      </input_file>
      <input_file id="fl-13">
         <path>C:\ti\CC3200SDK_1.5.0\cc3200-sdk\driverlib\ccs\Release\</path>
         <kind>archive</kind>
         <file>driverlib.a</file>
         <name>prcm.obj</name>
      </input_file>
      <input_file id="fl-14">
         <path>C:\ti\CC3200SDK_1.5.0\cc3200-sdk\driverlib\ccs\Release\</path>
         <kind>archive</kind>
         <file>driverlib.a</file>
         <name>spi.obj</name>
      </input_file>
      <input_file id="fl-15">
         <path>C:\ti\CC3200SDK_1.5.0\cc3200-sdk\driverlib\ccs\Release\</path>
         <kind>archive</kind>
         <file>driverlib.a</file>
         <name>uart.obj</name>
      </input_file>
      <input_file id="fl-16">
         <path>C:\ti\CC3200SDK_1.5.0\cc3200-sdk\driverlib\ccs\Release\</path>
         <kind>archive</kind>
         <file>driverlib.a</file>
         <name>utils.obj</name>
      </input_file>
      <input_file id="fl-17">
         <path>C:\ti\CC3200SDK_1.5.0\cc3200-sdk\driverlib\ccs\Release\</path>
         <kind>archive</kind>
         <file>driverlib.a</file>
         <name>cpu.obj</name>
      </input_file>
      <input_file id="fl-18">
         <path>C:\ti\CC3200SDK_1.5.0\cc3200-sdk\driverlib\ccs\Release\</path>
         <kind>archive</kind>
         <file>driverlib.a</file>
         <name>flash.obj</name>
      </input_file>
      <input_file id="fl-ce">
         <path>C:\ti\ccs1250\ccs\tools\compiler\ti-cgt-arm_20.2.7.LTS\lib\</path>
         <kind>archive</kind>
         <file>rtsv7M4_T_le_eabi.lib</file>
         <name>vsnprintf.c.obj</name>
      </input_file>
      <input_file id="fl-cf">
         <path>C:\ti\ccs1250\ccs\tools\compiler\ti-cgt-arm_20.2.7.LTS\lib\</path>
         <kind>archive</kind>
         <file>rtsv7M4_T_le_eabi.lib</file>
         <name>fs_add_t2.asm.obj</name>
      </input_file>
      <input_file id="fl-d0">
         <path>C:\ti\ccs1250\ccs\tools\compiler\ti-cgt-arm_20.2.7.LTS\lib\</path>
         <kind>archive</kind>
         <file>rtsv7M4_T_le_eabi.lib</file>
         <name>fs_cmp_t2.asm.obj</name>
      </input_file>
      <input_file id="fl-d1">
         <path>C:\ti\ccs1250\ccs\tools\compiler\ti-cgt-arm_20.2.7.LTS\lib\</path>
         <kind>archive</kind>
         <file>rtsv7M4_T_le_eabi.lib</file>
         <name>fs_div_t2.asm.obj</name>
      </input_file>
      <input_file id="fl-d2">
         <path>C:\ti\ccs1250\ccs\tools\compiler\ti-cgt-arm_20.2.7.LTS\lib\</path>
         <kind>archive</kind>
         <file>rtsv7M4_T_le_eabi.lib</file>
         <name>fs_mul_t2.asm.obj</name>
      </input_file>
      <input_file id="fl-d3">
         <path>C:\ti\ccs1250\ccs\tools\compiler\ti-cgt-arm_20.2.7.LTS\lib\</path>
         <kind>archive</kind>
         <file>rtsv7M4_T_le_eabi.lib</file>
         <name>fs_toi_t2.asm.obj</name>
      </input_file>
      <input_file id="fl-d4">
         <path>C:\ti\ccs1250\ccs\tools\compiler\ti-cgt-arm_20.2.7.LTS\lib\</path>
         <kind>archive</kind>
         <file>rtsv7M4_T_le_eabi.lib</file>
         <name>memcpy_t2.asm.obj</name>
      </input_file>
      <input_file id="fl-d5">
         <path>C:\ti\ccs1250\ccs\tools\compiler\ti-cgt-arm_20.2.7.LTS\lib\</path>
         <kind>archive</kind>
         <file>rtsv7M4_T_le_eabi.lib</file>
         <name>ull_div_t2.asm.obj</name>
      </input_file>
      <input_file id="fl-d6">
         <path>C:\ti\ccs1250\ccs\tools\compiler\ti-cgt-arm_20.2.7.LTS\lib\</path>
         <kind>archive</kind>
         <file>rtsv7M4_T_le_eabi.lib</file>
         <name>copy_zero_init.c.obj</name>
      </input_file>
      <input_file id="fl-d7">
         <path>C:\ti\ccs1250\ccs\tools\compiler\ti-cgt-arm_20.2.7.LTS\lib\</path>
         <kind>archive</kind>
         <file>rtsv7M4_T_le_eabi.lib</file>
         <name>copy_decompress_none.c.obj</name>
      </input_file>
      <input_file id="fl-d8">
         <path>C:\ti\ccs1250\ccs\tools\compiler\ti-cgt-arm_20.2.7.LTS\lib\</path>
         <kind>archive</kind>
         <file>rtsv7M4_T_le_eabi.lib</file>
         <name>copy_decompress_lzss.c.obj</name>
      </input_file>
      <input_file id="fl-d9">
         <path>C:\ti\ccs1250\ccs\tools\compiler\ti-cgt-arm_20.2.7.LTS\lib\</path>
         <kind>archive</kind>
         <file>rtsv7M4_T_le_eabi.lib</file>
         <name>memmov.c.obj</name>
      </input_file>
      <input_file id="fl-da">
         <path>C:\ti\ccs1250\ccs\tools\compiler\ti-cgt-arm_20.2.7.LTS\lib\</path>
         <kind>archive</kind>
         <file>rtsv7M4_T_le_eabi.lib</file>
         <name>memory.c.obj</name>
      </input_file>
      <input_file id="fl-db">
         <path>C:\ti\ccs1250\ccs\tools\compiler\ti-cgt-arm_20.2.7.LTS\lib\</path>
         <kind>archive</kind>
         <file>rtsv7M4_T_le_eabi.lib</file>
         <name>strlen.c.obj</name>
      </input_file>
      <input_file id="fl-dc">
         <path>C:\ti\ccs1250\ccs\tools\compiler\ti-cgt-arm_20.2.7.LTS\lib\</path>
         <kind>archive</kind>
         <file>rtsv7M4_T_le_eabi.lib</file>
         <name>boot_cortex_m.c.obj</name>
      </input_file>
      <input_file id="fl-dd">
         <path>C:\ti\ccs1250\ccs\tools\compiler\ti-cgt-arm_20.2.7.LTS\lib\</path>
         <kind>archive</kind>
         <file>rtsv7M4_T_le_eabi.lib</file>
         <name>_printfi.c.obj</name>
      </input_file>
      <input_file id="fl-de">
         <path>C:\ti\ccs1250\ccs\tools\compiler\ti-cgt-arm_20.2.7.LTS\lib\</path>
         <kind>archive</kind>
         <file>rtsv7M4_T_le_eabi.lib</file>
         <name>div0.asm.obj</name>
      </input_file>
      <input_file id="fl-df">
         <path>C:\ti\ccs1250\ccs\tools\compiler\ti-cgt-arm_20.2.7.LTS\lib\</path>
         <kind>archive</kind>
         <file>rtsv7M4_T_le_eabi.lib</file>
         <name>fd_add_t2.asm.obj</name>
      </input_file>
      <input_file id="fl-e0">
         <path>C:\ti\ccs1250\ccs\tools\compiler\ti-cgt-arm_20.2.7.LTS\lib\</path>
         <kind>archive</kind>
         <file>rtsv7M4_T_le_eabi.lib</file>
         <name>fd_cmp_t2.asm.obj</name>
      </input_file>
      <input_file id="fl-e1">
         <path>C:\ti\ccs1250\ccs\tools\compiler\ti-cgt-arm_20.2.7.LTS\lib\</path>
         <kind>archive</kind>
         <file>rtsv7M4_T_le_eabi.lib</file>
         <name>fd_div_t2.asm.obj</name>
      </input_file>
      <input_file id="fl-e2">
         <path>C:\ti\ccs1250\ccs\tools\compiler\ti-cgt-arm_20.2.7.LTS\lib\</path>
         <kind>archive</kind>
         <file>rtsv7M4_T_le_eabi.lib</file>
         <name>fd_mul_t2.asm.obj</name>
      </input_file>
      <input_file id="fl-e3">
         <path>C:\ti\ccs1250\ccs\tools\compiler\ti-cgt-arm_20.2.7.LTS\lib\</path>
         <kind>archive</kind>
         <file>rtsv7M4_T_le_eabi.lib</file>
         <name>fd_toi_t2.asm.obj</name>
      </input_file>
      <input_file id="fl-e4">
         <path>C:\ti\ccs1250\ccs\tools\compiler\ti-cgt-arm_20.2.7.LTS\lib\</path>
         <kind>archive</kind>
         <file>rtsv7M4_T_le_eabi.lib</file>
         <name>i_tofd_t2.asm.obj</name>
      </input_file>
      <input_file id="fl-e5">
         <path>C:\ti\ccs1250\ccs\tools\compiler\ti-cgt-arm_20.2.7.LTS\lib\</path>
         <kind>archive</kind>
         <file>rtsv7M4_T_le_eabi.lib</file>
         <name>memset_t2.asm.obj</name>
      </input_file>
      <input_file id="fl-e6">
         <path>C:\ti\ccs1250\ccs\tools\compiler\ti-cgt-arm_20.2.7.LTS\lib\</path>
         <kind>archive</kind>
         <file>rtsv7M4_T_le_eabi.lib</file>
         <name>autoinit.c.obj</name>
      </input_file>
      <input_file id="fl-e7">
         <path>C:\ti\ccs1250\ccs\tools\compiler\ti-cgt-arm_20.2.7.LTS\lib\</path>
         <kind>archive</kind>
         <file>rtsv7M4_T_le_eabi.lib</file>
         <name>pre_init.c.obj</name>
      </input_file>
      <input_file id="fl-e8">
         <path>C:\ti\ccs1250\ccs\tools\compiler\ti-cgt-arm_20.2.7.LTS\lib\</path>
         <kind>archive</kind>
         <file>rtsv7M4_T_le_eabi.lib</file>
         <name>cpy_tbl.c.obj</name>
      </input_file>
      <input_file id="fl-e9">
         <path>C:\ti\ccs1250\ccs\tools\compiler\ti-cgt-arm_20.2.7.LTS\lib\</path>
         <kind>archive</kind>
         <file>rtsv7M4_T_le_eabi.lib</file>
         <name>exit.c.obj</name>
      </input_file>
      <input_file id="fl-ea">
         <path>C:\ti\ccs1250\ccs\tools\compiler\ti-cgt-arm_20.2.7.LTS\lib\</path>
         <kind>archive</kind>
         <file>rtsv7M4_T_le_eabi.lib</file>
         <name>_lock.c.obj</name>
      </input_file>
      <input_file id="fl-eb">
         <path>C:\ti\ccs1250\ccs\tools\compiler\ti-cgt-arm_20.2.7.LTS\lib\</path>
         <kind>archive</kind>
         <file>rtsv7M4_T_le_eabi.lib</file>
         <name>_ltoa.c.obj</name>
      </input_file>
      <input_file id="fl-ec">
         <path>C:\ti\ccs1250\ccs\tools\compiler\ti-cgt-arm_20.2.7.LTS\lib\</path>
         <kind>archive</kind>
         <file>rtsv7M4_T_le_eabi.lib</file>
         <name>args_main.c.obj</name>
      </input_file>
      <input_file id="fl-ed">
         <path>C:\ti\ccs1250\ccs\tools\compiler\ti-cgt-arm_20.2.7.LTS\lib\</path>
         <kind>archive</kind>
         <file>rtsv7M4_T_le_eabi.lib</file>
         <name>atoi.c.obj</name>
      </input_file>
      <input_file id="fl-ee">
         <path>C:\ti\ccs1250\ccs\tools\compiler\ti-cgt-arm_20.2.7.LTS\lib\</path>
         <kind>archive</kind>
         <file>rtsv7M4_T_le_eabi.lib</file>
         <name>ctype.c.obj</name>
      </input_file>
      <input_file id="fl-ef">
         <path>C:\ti\ccs1250\ccs\tools\compiler\ti-cgt-arm_20.2.7.LTS\lib\</path>
         <kind>archive</kind>
         <file>rtsv7M4_T_le_eabi.lib</file>
         <name>memccpy.c.obj</name>
      </input_file>
      <input_file id="fl-f0">
         <path>C:\ti\ccs1250\ccs\tools\compiler\ti-cgt-arm_20.2.7.LTS\lib\</path>
         <kind>archive</kind>
         <file>rtsv7M4_T_le_eabi.lib</file>
         <name>strchr.c.obj</name>
      </input_file>
      <input_file id="fl-f1">
         <path>C:\ti\ccs1250\ccs\tools\compiler\ti-cgt-arm_20.2.7.LTS\lib\</path>
         <kind>archive</kind>
         <file>rtsv7M4_T_le_eabi.lib</file>
         <name>errno.c.obj</name>
      </input_file>
      <input_file id="fl-f2">
         <path>C:\ti\ccs1250\ccs\tools\compiler\ti-cgt-arm_20.2.7.LTS\lib\</path>
         <kind>archive</kind>
         <file>rtsv7M4_T_le_eabi.lib</file>
         <name>wcslen.c.obj</name>
      </input_file>
      <input_file id="fl-f3">
         <path>C:\ti\ccs1250\ccs\tools\compiler\ti-cgt-arm_20.2.7.LTS\lib\</path>
         <kind>archive</kind>
         <file>rtsv7M4_T_le_eabi.lib</file>
         <name>s_frexp.c.obj</name>
      </input_file>
      <input_file id="fl-f4">
         <path>C:\ti\ccs1250\ccs\tools\compiler\ti-cgt-arm_20.2.7.LTS\lib\</path>
         <kind>archive</kind>
         <file>rtsv7M4_T_le_eabi.lib</file>
         <name>s_scalbn.c.obj</name>
      </input_file>
      <input_file id="fl-f5">
         <path>C:\ti\ccs1250\ccs\tools\compiler\ti-cgt-arm_20.2.7.LTS\lib\</path>
         <kind>archive</kind>
         <file>rtsv7M4_T_le_eabi.lib</file>
         <name>s_copysign.c.obj</name>
      </input_file>
   </input_file_list>
   <object_component_list>
      <object_component id="oc-12">
         <name>.intvecs</name>
         <load_address>0x20004000</load_address>
         <run_address>0x20004000</run_address>
         <size>0x400</size>
         <input_file_ref idref="fl-8"/>
      </object_component>
      <object_component id="oc-2d4">
         <name>.text:__TI_printfi</name>
         <load_address>0x2000bec4</load_address>
         <run_address>0x2000bec4</run_address>
         <size>0xa4e</size>
         <input_file_ref idref="fl-dd"/>
      </object_component>
      <object_component id="oc-351">
         <name>.text:_nop</name>
         <load_address>0x2000c912</load_address>
         <run_address>0x2000c912</run_address>
         <size>0x2</size>
         <input_file_ref idref="fl-ea"/>
      </object_component>
      <object_component id="oc-12c">
         <name>.text</name>
         <load_address>0x2000c914</load_address>
         <run_address>0x2000c914</run_address>
         <size>0x6e8</size>
         <input_file_ref idref="fl-3"/>
      </object_component>
      <object_component id="oc-97">
         <name>.text</name>
         <load_address>0x2000cffc</load_address>
         <run_address>0x2000cffc</run_address>
         <size>0x344</size>
         <input_file_ref idref="fl-5"/>
      </object_component>
      <object_component id="oc-cb">
         <name>.text</name>
         <load_address>0x2000d340</load_address>
         <run_address>0x2000d340</run_address>
         <size>0x2a0</size>
         <input_file_ref idref="fl-4"/>
      </object_component>
      <object_component id="oc-c5">
         <name>.text</name>
         <load_address>0x2000d5e0</load_address>
         <run_address>0x2000d5e0</run_address>
         <size>0x27c</size>
         <input_file_ref idref="fl-9"/>
      </object_component>
      <object_component id="oc-395">
         <name>.text:_pconv_a</name>
         <load_address>0x2000d85c</load_address>
         <run_address>0x2000d85c</run_address>
         <size>0x268</size>
         <input_file_ref idref="fl-dd"/>
      </object_component>
      <object_component id="oc-383">
         <name>.text:_pconv_g</name>
         <load_address>0x2000dac4</load_address>
         <run_address>0x2000dac4</run_address>
         <size>0x1cc</size>
         <input_file_ref idref="fl-dd"/>
      </object_component>
      <object_component id="oc-418">
         <name>.text</name>
         <load_address>0x2000dc90</load_address>
         <run_address>0x2000dc90</run_address>
         <size>0x1b6</size>
         <input_file_ref idref="fl-df"/>
      </object_component>
      <object_component id="oc-46f">
         <name>.text</name>
         <load_address>0x2000de46</load_address>
         <run_address>0x2000de46</run_address>
         <size>0x2</size>
         <input_file_ref idref="fl-de"/>
      </object_component>
      <object_component id="oc-fc">
         <name>.text:PRCMCC3200MCUInit</name>
         <load_address>0x2000de48</load_address>
         <run_address>0x2000de48</run_address>
         <size>0x178</size>
         <input_file_ref idref="fl-13"/>
      </object_component>
      <object_component id="oc-38f">
         <name>.text:_pconv_e</name>
         <load_address>0x2000dfc0</load_address>
         <run_address>0x2000dfc0</run_address>
         <size>0x13c</size>
         <input_file_ref idref="fl-dd"/>
      </object_component>
      <object_component id="oc-102">
         <name>.text</name>
         <load_address>0x2000e0fc</load_address>
         <run_address>0x2000e0fc</run_address>
         <size>0x138</size>
         <input_file_ref idref="fl-7"/>
      </object_component>
      <object_component id="oc-3fe">
         <name>.text</name>
         <load_address>0x2000e234</load_address>
         <run_address>0x2000e234</run_address>
         <size>0x136</size>
         <input_file_ref idref="fl-e1"/>
      </object_component>
      <object_component id="oc-42a">
         <name>.text:fcvt</name>
         <load_address>0x2000e36c</load_address>
         <run_address>0x2000e36c</run_address>
         <size>0x120</size>
         <input_file_ref idref="fl-dd"/>
      </object_component>
      <object_component id="oc-2f8">
         <name>.text:aligned_alloc</name>
         <load_address>0x2000e48c</load_address>
         <run_address>0x2000e48c</run_address>
         <size>0x100</size>
         <input_file_ref idref="fl-da"/>
      </object_component>
      <object_component id="oc-3f9">
         <name>.text</name>
         <load_address>0x2000e58c</load_address>
         <run_address>0x2000e58c</run_address>
         <size>0xfc</size>
         <input_file_ref idref="fl-e2"/>
      </object_component>
      <object_component id="oc-d1">
         <name>.text</name>
         <load_address>0x2000e688</load_address>
         <run_address>0x2000e688</run_address>
         <size>0xfa</size>
         <input_file_ref idref="fl-cf"/>
      </object_component>
      <object_component id="oc-1b3">
         <name>.text:free</name>
         <load_address>0x2000e784</load_address>
         <run_address>0x2000e784</run_address>
         <size>0xe4</size>
         <input_file_ref idref="fl-da"/>
      </object_component>
      <object_component id="oc-1ad">
         <name>.text:realloc</name>
         <load_address>0x2000e868</load_address>
         <run_address>0x2000e868</run_address>
         <size>0xe4</size>
         <input_file_ref idref="fl-da"/>
      </object_component>
      <object_component id="oc-43e">
         <name>.text:scalbn</name>
         <load_address>0x2000e94c</load_address>
         <run_address>0x2000e94c</run_address>
         <size>0xd0</size>
         <input_file_ref idref="fl-f4"/>
      </object_component>
      <object_component id="oc-378">
         <name>.text:_ltostr</name>
         <load_address>0x2000ea1c</load_address>
         <run_address>0x2000ea1c</run_address>
         <size>0xb1</size>
         <input_file_ref idref="fl-dd"/>
      </object_component>
      <object_component id="oc-f6">
         <name>.text:IntEnable</name>
         <load_address>0x2000ead0</load_address>
         <run_address>0x2000ead0</run_address>
         <size>0xa8</size>
         <input_file_ref idref="fl-11"/>
      </object_component>
      <object_component id="oc-120">
         <name>.text:SPIConfigSetExpClk</name>
         <load_address>0x2000eb78</load_address>
         <run_address>0x2000eb78</run_address>
         <size>0xa0</size>
         <input_file_ref idref="fl-14"/>
      </object_component>
      <object_component id="oc-3d">
         <name>.text</name>
         <load_address>0x2000ec18</load_address>
         <run_address>0x2000ec18</run_address>
         <size>0x9c</size>
         <input_file_ref idref="fl-d4"/>
      </object_component>
      <object_component id="oc-3f2">
         <name>.text</name>
         <load_address>0x2000ecb4</load_address>
         <run_address>0x2000ecb4</run_address>
         <size>0x96</size>
         <input_file_ref idref="fl-d5"/>
      </object_component>
      <object_component id="oc-11a">
         <name>.text:PRCMPeripheralClockGet</name>
         <load_address>0x2000ed4c</load_address>
         <run_address>0x2000ed4c</run_address>
         <size>0x94</size>
         <input_file_ref idref="fl-13"/>
      </object_component>
      <object_component id="oc-db">
         <name>.text</name>
         <load_address>0x2000ede0</load_address>
         <run_address>0x2000ede0</run_address>
         <size>0x92</size>
         <input_file_ref idref="fl-d1"/>
      </object_component>
      <object_component id="oc-338">
         <name>.text:PinConfigSet</name>
         <load_address>0x2000ee74</load_address>
         <run_address>0x2000ee74</run_address>
         <size>0x88</size>
         <input_file_ref idref="fl-12"/>
      </object_component>
      <object_component id="oc-37e">
         <name>.text:__aeabi_cdcmple</name>
         <load_address>0x2000eefc</load_address>
         <run_address>0x2000eefc</run_address>
         <size>0x86</size>
         <input_file_ref idref="fl-e0"/>
      </object_component>
      <object_component id="oc-403">
         <name>.text:__aeabi_cdrcmple</name>
         <load_address>0x2000ef82</load_address>
         <run_address>0x2000ef82</run_address>
         <size>0x86</size>
         <input_file_ref idref="fl-e0"/>
      </object_component>
      <object_component id="oc-20a">
         <name>.text:I2CMasterInitExpClk</name>
         <load_address>0x2000f008</load_address>
         <run_address>0x2000f008</run_address>
         <size>0x84</size>
         <input_file_ref idref="fl-10"/>
      </object_component>
      <object_component id="oc-e0">
         <name>.text</name>
         <load_address>0x2000f08c</load_address>
         <run_address>0x2000f08c</run_address>
         <size>0x7a</size>
         <input_file_ref idref="fl-d2"/>
      </object_component>
      <object_component id="oc-8b">
         <name>.text</name>
         <load_address>0x2000f106</load_address>
         <run_address>0x2000f106</run_address>
         <size>0x7a</size>
         <input_file_ref idref="fl-e5"/>
      </object_component>
      <object_component id="oc-17d">
         <name>.text:UARTConfigSetExpClk</name>
         <load_address>0x2000f180</load_address>
         <run_address>0x2000f180</run_address>
         <size>0x76</size>
         <input_file_ref idref="fl-15"/>
      </object_component>
      <object_component id="oc-305">
         <name>.text:split</name>
         <load_address>0x2000f1f8</load_address>
         <run_address>0x2000f1f8</run_address>
         <size>0x70</size>
         <input_file_ref idref="fl-da"/>
      </object_component>
      <object_component id="oc-423">
         <name>.text:_mcpy</name>
         <load_address>0x2000f268</load_address>
         <run_address>0x2000f268</run_address>
         <size>0x6e</size>
         <input_file_ref idref="fl-dd"/>
      </object_component>
      <object_component id="oc-15">
         <name>.text:decompress:lzss:__TI_decompress_lzss</name>
         <load_address>0x2000f2d6</load_address>
         <run_address>0x2000f2d6</run_address>
         <size>0x68</size>
         <input_file_ref idref="fl-d8"/>
      </object_component>
      <object_component id="oc-d6">
         <name>.text:__aeabi_cfrcmple</name>
         <load_address>0x2000f33e</load_address>
         <run_address>0x2000f33e</run_address>
         <size>0x60</size>
         <input_file_ref idref="fl-d0"/>
      </object_component>
      <object_component id="oc-438">
         <name>.text:frexp</name>
         <load_address>0x2000f3a0</load_address>
         <run_address>0x2000f3a0</run_address>
         <size>0x5c</size>
         <input_file_ref idref="fl-f3"/>
      </object_component>
      <object_component id="oc-1f8">
         <name>.text:PRCMPeripheralReset</name>
         <load_address>0x2000f3fc</load_address>
         <run_address>0x2000f3fc</run_address>
         <size>0x58</size>
         <input_file_ref idref="fl-13"/>
      </object_component>
      <object_component id="oc-389">
         <name>.text:_pconv_f</name>
         <load_address>0x2000f454</load_address>
         <run_address>0x2000f454</run_address>
         <size>0x56</size>
         <input_file_ref idref="fl-dd"/>
      </object_component>
      <object_component id="oc-40d">
         <name>.text:__TI_ltoa</name>
         <load_address>0x2000f4aa</load_address>
         <run_address>0x2000f4aa</run_address>
         <size>0x54</size>
         <input_file_ref idref="fl-eb"/>
      </object_component>
      <object_component id="oc-41d">
         <name>.text:_ecpy</name>
         <load_address>0x2000f4fe</load_address>
         <run_address>0x2000f4fe</run_address>
         <size>0x52</size>
         <input_file_ref idref="fl-dd"/>
      </object_component>
      <object_component id="oc-372">
         <name>.text:atoi</name>
         <load_address>0x2000f550</load_address>
         <run_address>0x2000f550</run_address>
         <size>0x4c</size>
         <input_file_ref idref="fl-ed"/>
      </object_component>
      <object_component id="oc-408">
         <name>.text</name>
         <load_address>0x2000f59c</load_address>
         <run_address>0x2000f59c</run_address>
         <size>0x48</size>
         <input_file_ref idref="fl-e3"/>
      </object_component>
      <object_component id="oc-14b">
         <name>.text:__TI_auto_init_nobinit_nopinit:__TI_auto_init_nobinit_nopinit</name>
         <load_address>0x2000f5e4</load_address>
         <run_address>0x2000f5e4</run_address>
         <size>0x44</size>
         <input_file_ref idref="fl-e6"/>
      </object_component>
      <object_component id="oc-246">
         <name>.text:PinModeSet</name>
         <load_address>0x2000f628</load_address>
         <run_address>0x2000f628</run_address>
         <size>0x40</size>
         <input_file_ref idref="fl-12"/>
      </object_component>
      <object_component id="oc-189">
         <name>.text:vsnprintf</name>
         <load_address>0x2000f668</load_address>
         <run_address>0x2000f668</run_address>
         <size>0x40</size>
         <input_file_ref idref="fl-ce"/>
      </object_component>
      <object_component id="oc-430">
         <name>.text:_fcpy</name>
         <load_address>0x2000f6a8</load_address>
         <run_address>0x2000f6a8</run_address>
         <size>0x3e</size>
         <input_file_ref idref="fl-dd"/>
      </object_component>
      <object_component id="oc-108">
         <name>.text:PRCMPeripheralClkEnable</name>
         <load_address>0x2000f6e8</load_address>
         <run_address>0x2000f6e8</run_address>
         <size>0x3c</size>
         <input_file_ref idref="fl-13"/>
      </object_component>
      <object_component id="oc-e5">
         <name>.text</name>
         <load_address>0x2000f724</load_address>
         <run_address>0x2000f724</run_address>
         <size>0x38</size>
         <input_file_ref idref="fl-d3"/>
      </object_component>
      <object_component id="oc-10e">
         <name>.text:GPIODirModeSet</name>
         <load_address>0x2000f75c</load_address>
         <run_address>0x2000f75c</run_address>
         <size>0x36</size>
         <input_file_ref idref="fl-f"/>
      </object_component>
      <object_component id="oc-24c">
         <name>.text:PinTypeGPIO</name>
         <load_address>0x2000f792</load_address>
         <run_address>0x2000f792</run_address>
         <size>0x30</size>
         <input_file_ref idref="fl-12"/>
      </object_component>
      <object_component id="oc-2c6">
         <name>.text:UARTDisable</name>
         <load_address>0x2000f7c4</load_address>
         <run_address>0x2000f7c4</run_address>
         <size>0x30</size>
         <input_file_ref idref="fl-15"/>
      </object_component>
      <object_component id="oc-2da">
         <name>.text:_outs</name>
         <load_address>0x2000f7f4</load_address>
         <run_address>0x2000f7f4</run_address>
         <size>0x30</size>
         <input_file_ref idref="fl-ce"/>
      </object_component>
      <object_component id="oc-413">
         <name>.text</name>
         <load_address>0x2000f824</load_address>
         <run_address>0x2000f824</run_address>
         <size>0x2e</size>
         <input_file_ref idref="fl-e4"/>
      </object_component>
      <object_component id="oc-1e0">
         <name>.text:I2CMasterErr</name>
         <load_address>0x2000f852</load_address>
         <run_address>0x2000f852</run_address>
         <size>0x2c</size>
         <input_file_ref idref="fl-10"/>
      </object_component>
      <object_component id="oc-233">
         <name>.text:PRCMSysResetCauseGet</name>
         <load_address>0x2000f880</load_address>
         <run_address>0x2000f880</run_address>
         <size>0x2c</size>
         <input_file_ref idref="fl-13"/>
      </object_component>
      <object_component id="oc-210">
         <name>.text:PRCMPeripheralClkDisable</name>
         <load_address>0x2000f8ac</load_address>
         <run_address>0x2000f8ac</run_address>
         <size>0x28</size>
         <input_file_ref idref="fl-13"/>
      </object_component>
      <object_component id="oc-30c">
         <name>.text:free_list_insert</name>
         <load_address>0x2000f8d4</load_address>
         <run_address>0x2000f8d4</run_address>
         <size>0x28</size>
         <input_file_ref idref="fl-da"/>
      </object_component>
      <object_component id="oc-1a1">
         <name>.text:memmove</name>
         <load_address>0x2000f8fc</load_address>
         <run_address>0x2000f8fc</run_address>
         <size>0x28</size>
         <input_file_ref idref="fl-d9"/>
      </object_component>
      <object_component id="oc-2cc">
         <name>.text:UARTEnable</name>
         <load_address>0x2000f924</load_address>
         <run_address>0x2000f924</run_address>
         <size>0x24</size>
         <input_file_ref idref="fl-15"/>
      </object_component>
      <object_component id="oc-5b">
         <name>.text:_c_int00_noargs:_c_int00_noargs</name>
         <load_address>0x2000f948</load_address>
         <run_address>0x2000f948</run_address>
         <size>0x24</size>
         <input_file_ref idref="fl-dc"/>
      </object_component>
      <object_component id="oc-1e6">
         <name>.text:I2CMasterSlaveAddrSet</name>
         <load_address>0x2000f96c</load_address>
         <run_address>0x2000f96c</run_address>
         <size>0x22</size>
         <input_file_ref idref="fl-10"/>
      </object_component>
      <object_component id="oc-114">
         <name>.text:SPIReset</name>
         <load_address>0x2000f98e</load_address>
         <run_address>0x2000f98e</run_address>
         <size>0x22</size>
         <input_file_ref idref="fl-14"/>
      </object_component>
      <object_component id="oc-26e">
         <name>.text:GPIOPinWrite</name>
         <load_address>0x2000f9b0</load_address>
         <run_address>0x2000f9b0</run_address>
         <size>0x20</size>
         <input_file_ref idref="fl-f"/>
      </object_component>
      <object_component id="oc-280">
         <name>.text:SPIDataGet</name>
         <load_address>0x2000f9d0</load_address>
         <run_address>0x2000f9d0</run_address>
         <size>0x20</size>
         <input_file_ref idref="fl-14"/>
      </object_component>
      <object_component id="oc-1da">
         <name>.text:I2CMasterIntStatusEx</name>
         <load_address>0x2000f9f0</load_address>
         <run_address>0x2000f9f0</run_address>
         <size>0x1e</size>
         <input_file_ref idref="fl-10"/>
      </object_component>
      <object_component id="oc-27a">
         <name>.text:SPIDataPut</name>
         <load_address>0x2000fa0e</load_address>
         <run_address>0x2000fa0e</run_address>
         <size>0x1e</size>
         <input_file_ref idref="fl-14"/>
      </object_component>
      <object_component id="oc-183">
         <name>.text:UARTCharPut</name>
         <load_address>0x2000fa2c</load_address>
         <run_address>0x2000fa2c</run_address>
         <size>0x1e</size>
         <input_file_ref idref="fl-15"/>
      </object_component>
      <object_component id="oc-25e">
         <name>.text:PinTypeI2C</name>
         <load_address>0x2000fa4a</load_address>
         <run_address>0x2000fa4a</run_address>
         <size>0x1c</size>
         <input_file_ref idref="fl-12"/>
      </object_component>
      <object_component id="oc-195">
         <name>.text:UARTCharGetNonBlocking</name>
         <load_address>0x2000fa66</load_address>
         <run_address>0x2000fa66</run_address>
         <size>0x1c</size>
         <input_file_ref idref="fl-15"/>
      </object_component>
      <object_component id="oc-49">
         <name>.text:decompress:ZI:__TI_zero_init_nomemset:__TI_zero_init_nomemset</name>
         <load_address>0x2000fa82</load_address>
         <run_address>0x2000fa82</run_address>
         <size>0x1c</size>
         <input_file_ref idref="fl-d6"/>
      </object_component>
      <object_component id="oc-2ff">
         <name>.text:free_list_remove</name>
         <load_address>0x2000faa0</load_address>
         <run_address>0x2000faa0</run_address>
         <size>0x1c</size>
         <input_file_ref idref="fl-da"/>
      </object_component>
      <object_component id="oc-39b">
         <name>.text:memccpy</name>
         <load_address>0x2000fabc</load_address>
         <run_address>0x2000fabc</run_address>
         <size>0x1c</size>
         <input_file_ref idref="fl-ef"/>
      </object_component>
      <object_component id="oc-252">
         <name>.text:PinTypeSPI</name>
         <load_address>0x2000fad8</load_address>
         <run_address>0x2000fad8</run_address>
         <size>0x1a</size>
         <input_file_ref idref="fl-12"/>
      </object_component>
      <object_component id="oc-258">
         <name>.text:PinTypeUART</name>
         <load_address>0x2000faf2</load_address>
         <run_address>0x2000faf2</run_address>
         <size>0x1a</size>
         <input_file_ref idref="fl-12"/>
      </object_component>
      <object_component id="oc-204">
         <name>.text:I2CMasterIntEnableEx</name>
         <load_address>0x2000fb0c</load_address>
         <run_address>0x2000fb0c</run_address>
         <size>0x18</size>
         <input_file_ref idref="fl-10"/>
      </object_component>
      <object_component id="oc-286">
         <name>.text:SPICSDisable</name>
         <load_address>0x2000fb24</load_address>
         <run_address>0x2000fb24</run_address>
         <size>0x18</size>
         <input_file_ref idref="fl-14"/>
      </object_component>
      <object_component id="oc-274">
         <name>.text:SPICSEnable</name>
         <load_address>0x2000fb3c</load_address>
         <run_address>0x2000fb3c</run_address>
         <size>0x18</size>
         <input_file_ref idref="fl-14"/>
      </object_component>
      <object_component id="oc-126">
         <name>.text:SPIEnable</name>
         <load_address>0x2000fb54</load_address>
         <run_address>0x2000fb54</run_address>
         <size>0x18</size>
         <input_file_ref idref="fl-14"/>
      </object_component>
      <object_component id="oc-18f">
         <name>.text:UARTCharsAvail</name>
         <load_address>0x2000fb6c</load_address>
         <run_address>0x2000fb6c</run_address>
         <size>0x18</size>
         <input_file_ref idref="fl-15"/>
      </object_component>
      <object_component id="oc-2e0">
         <name>.text:_outc</name>
         <load_address>0x2000fb84</load_address>
         <run_address>0x2000fb84</run_address>
         <size>0x18</size>
         <input_file_ref idref="fl-ce"/>
      </object_component>
      <object_component id="oc-1ec">
         <name>.text:I2CMasterDataPut</name>
         <load_address>0x2000fb9c</load_address>
         <run_address>0x2000fb9c</run_address>
         <size>0x16</size>
         <input_file_ref idref="fl-10"/>
      </object_component>
      <object_component id="oc-1fe">
         <name>.text:I2CMasterEnable</name>
         <load_address>0x2000fbb2</load_address>
         <run_address>0x2000fbb2</run_address>
         <size>0x16</size>
         <input_file_ref idref="fl-10"/>
      </object_component>
      <object_component id="oc-1c8">
         <name>.text:I2CMasterIntClear</name>
         <load_address>0x2000fbc8</load_address>
         <run_address>0x2000fbc8</run_address>
         <size>0x16</size>
         <input_file_ref idref="fl-10"/>
      </object_component>
      <object_component id="oc-239">
         <name>.text:PRCMHIBRegRead</name>
         <load_address>0x2000fbde</load_address>
         <run_address>0x2000fbde</run_address>
         <size>0x16</size>
         <input_file_ref idref="fl-13"/>
      </object_component>
      <object_component id="oc-23f">
         <name>.text:PRCMHIBRegWrite</name>
         <load_address>0x2000fbf4</load_address>
         <run_address>0x2000fbf4</run_address>
         <size>0x16</size>
         <input_file_ref idref="fl-13"/>
      </object_component>
      <object_component id="oc-444">
         <name>.text:strchr</name>
         <load_address>0x2000fc0a</load_address>
         <run_address>0x2000fc0a</run_address>
         <size>0x16</size>
         <input_file_ref idref="fl-f0"/>
      </object_component>
      <object_component id="oc-223">
         <name>.text:CPUcpsie</name>
         <load_address>0x2000fc20</load_address>
         <run_address>0x2000fc20</run_address>
         <size>0x14</size>
         <input_file_ref idref="fl-17"/>
      </object_component>
      <object_component id="oc-ea">
         <name>.text:IntVTableBaseSet</name>
         <load_address>0x2000fc34</load_address>
         <run_address>0x2000fc34</run_address>
         <size>0x14</size>
         <input_file_ref idref="fl-11"/>
      </object_component>
      <object_component id="oc-19b">
         <name>.text:strlen</name>
         <load_address>0x2000fc48</load_address>
         <run_address>0x2000fc48</run_address>
         <size>0x14</size>
         <input_file_ref idref="fl-db"/>
      </object_component>
      <object_component id="oc-1d4">
         <name>.text:I2CMasterControl</name>
         <load_address>0x2000fc5c</load_address>
         <run_address>0x2000fc5c</run_address>
         <size>0x12</size>
         <input_file_ref idref="fl-10"/>
      </object_component>
      <object_component id="oc-1ce">
         <name>.text:I2CMasterTimeoutSet</name>
         <load_address>0x2000fc6e</load_address>
         <run_address>0x2000fc6e</run_address>
         <size>0x12</size>
         <input_file_ref idref="fl-10"/>
      </object_component>
      <object_component id="oc-3a1">
         <name>.text:wcslen</name>
         <load_address>0x2000fc80</load_address>
         <run_address>0x2000fc80</run_address>
         <size>0x12</size>
         <input_file_ref idref="fl-f2"/>
      </object_component>
      <object_component id="oc-1f2">
         <name>.text:I2CMasterDataGet</name>
         <load_address>0x2000fc92</load_address>
         <run_address>0x2000fc92</run_address>
         <size>0xe</size>
         <input_file_ref idref="fl-10"/>
      </object_component>
      <object_component id="oc-1b">
         <name>.text:decompress:none:__TI_decompress_none</name>
         <load_address>0x2000fca0</load_address>
         <run_address>0x2000fca0</run_address>
         <size>0xe</size>
         <input_file_ref idref="fl-d7"/>
      </object_component>
      <object_component id="oc-29">
         <name>.text</name>
         <load_address>0x2000fcae</load_address>
         <run_address>0x2000fcae</run_address>
         <size>0xe</size>
         <input_file_ref idref="fl-8"/>
      </object_component>
      <object_component id="oc-488">
         <name>.text:copysign</name>
         <load_address>0x2000fcbc</load_address>
         <run_address>0x2000fcbc</run_address>
         <size>0xc</size>
         <input_file_ref idref="fl-f5"/>
      </object_component>
      <object_component id="oc-f0">
         <name>.text:IntMasterEnable</name>
         <load_address>0x2000fcc8</load_address>
         <run_address>0x2000fcc8</run_address>
         <size>0xa</size>
         <input_file_ref idref="fl-11"/>
      </object_component>
      <object_component id="oc-3a7">
         <name>.text:__aeabi_errno_addr</name>
         <load_address>0x2000fcd4</load_address>
         <run_address>0x2000fcd4</run_address>
         <size>0x8</size>
         <input_file_ref idref="fl-f1"/>
      </object_component>
      <object_component id="oc-1a7">
         <name>.text:malloc</name>
         <load_address>0x2000fcdc</load_address>
         <run_address>0x2000fcdc</run_address>
         <size>0x8</size>
         <input_file_ref idref="fl-da"/>
      </object_component>
      <object_component id="oc-331">
         <name>.text:UtilsDelay</name>
         <load_address>0x2000fce4</load_address>
         <run_address>0x2000fce4</run_address>
         <size>0x6</size>
         <input_file_ref idref="fl-16"/>
      </object_component>
      <object_component id="oc-91">
         <name>.text:_system_pre_init</name>
         <load_address>0x2000fcea</load_address>
         <run_address>0x2000fcea</run_address>
         <size>0x4</size>
         <input_file_ref idref="fl-e7"/>
      </object_component>
      <object_component id="oc-13f">
         <name>.text:abort:abort</name>
         <load_address>0x2000fcee</load_address>
         <run_address>0x2000fcee</run_address>
         <size>0x4</size>
         <input_file_ref idref="fl-e9"/>
      </object_component>
      <object_component id="oc-132">
         <name>.const:marioFrames</name>
         <load_address>0x20004400</load_address>
         <run_address>0x20004400</run_address>
         <size>0x7800</size>
         <input_file_ref idref="fl-5"/>
      </object_component>
      <object_component id="oc-3ed">
         <name>.const:.string:_ctypes_</name>
         <load_address>0x2000bc00</load_address>
         <run_address>0x2000bc00</run_address>
         <size>0x101</size>
         <input_file_ref idref="fl-ee"/>
      </object_component>
      <object_component id="oc-334">
         <name>.const:g_ulPinToPadMap</name>
         <load_address>0x2000bd04</load_address>
         <run_address>0x2000bd04</run_address>
         <size>0x100</size>
         <input_file_ref idref="fl-12"/>
      </object_component>
      <object_component id="oc-265">
         <name>.const:PRCM_PeriphRegsList</name>
         <load_address>0x2000be04</load_address>
         <run_address>0x2000be04</run_address>
         <size>0xa8</size>
         <input_file_ref idref="fl-13"/>
      </object_component>
      <object_component id="oc-22f">
         <name>.const:g_pulEnRegs</name>
         <load_address>0x2000beac</load_address>
         <run_address>0x2000beac</run_address>
         <size>0x18</size>
         <input_file_ref idref="fl-11"/>
      </object_component>
      <object_component id="oc-4e7">
         <name>.cinit..data.load</name>
         <load_address>0x2000fcf8</load_address>
         <run_address>0x2000fcf8</run_address>
         <size>0x10</size>
      </object_component>
      <object_component id="oc-4e5">
         <name>__TI_handler_table</name>
         <load_address>0x2000fd08</load_address>
         <run_address>0x2000fd08</run_address>
         <size>0xc</size>
      </object_component>
      <object_component id="oc-4e8">
         <name>.cinit..bss.load</name>
         <load_address>0x2000fd18</load_address>
         <run_address>0x2000fd18</run_address>
         <size>0x8</size>
      </object_component>
      <object_component id="oc-4e6">
         <name>__TI_cinit_table</name>
         <load_address>0x2000fd20</load_address>
         <run_address>0x2000fd20</run_address>
         <size>0x10</size>
      </object_component>
      <object_component id="oc-135">
         <name>.data</name>
         <load_address>0x20017800</load_address>
         <run_address>0x20017800</run_address>
         <size>0xc</size>
         <input_file_ref idref="fl-5"/>
      </object_component>
      <object_component id="oc-3c1">
         <name>.data:$O1$$</name>
         <load_address>0x20017814</load_address>
         <run_address>0x20017814</run_address>
         <size>0x8</size>
         <input_file_ref idref="fl-da"/>
      </object_component>
      <object_component id="oc-2aa">
         <name>.data:$O1$$</name>
         <load_address>0x2001780c</load_address>
         <run_address>0x2001780c</run_address>
         <size>0x8</size>
         <input_file_ref idref="fl-ea"/>
      </object_component>
      <object_component id="oc-454">
         <name>.data</name>
         <load_address>0x2001781c</load_address>
         <run_address>0x2001781c</run_address>
         <size>0x4</size>
         <input_file_ref idref="fl-f1"/>
      </object_component>
      <object_component id="oc-28c">
         <name>.bss</name>
         <uninitialized>true</uninitialized>
         <run_address>0x20017820</run_address>
         <size>0x4</size>
         <input_file_ref idref="fl-3"/>
      </object_component>
      <object_component id="oc-1b9">
         <name>.bss</name>
         <uninitialized>true</uninitialized>
         <run_address>0x20017824</run_address>
         <size>0x4</size>
         <input_file_ref idref="fl-9"/>
      </object_component>
      <object_component id="oc-23">
         <name>.sysmem</name>
         <uninitialized>true</uninitialized>
         <run_address>0x20017000</run_address>
         <size>0x10</size>
         <input_file_ref idref="fl-da"/>
      </object_component>
      <object_component id="oc-4eb">
         <name>.sysmem</name>
         <uninitialized>true</uninitialized>
         <run_address>0x20017000</run_address>
         <size>0x0</size>
      </object_component>
      <object_component id="oc-26">
         <name>.stack</name>
         <uninitialized>true</uninitialized>
         <run_address>0x2002f800</run_address>
         <size>0x4</size>
         <input_file_ref idref="fl-dc"/>
      </object_component>
      <object_component id="oc-4ea">
         <name>.stack</name>
         <uninitialized>true</uninitialized>
         <run_address>0x2002f800</run_address>
         <size>0x0</size>
      </object_component>
      <object_component id="oc-34e">
         <name>.debug_info</name>
         <load_address>0x0</load_address>
         <run_address>0x0</run_address>
         <size>0x245</size>
         <input_file_ref idref="fl-2"/>
      </object_component>
      <object_component id="oc-297">
         <name>.debug_info</name>
         <load_address>0x245</load_address>
         <run_address>0x245</run_address>
         <size>0x26b</size>
         <input_file_ref idref="fl-2"/>
      </object_component>
      <object_component id="oc-38">
         <name>.debug_info</name>
         <load_address>0x4b0</load_address>
         <run_address>0x4b0</run_address>
         <size>0x84</size>
         <input_file_ref idref="fl-2"/>
      </object_component>
      <object_component id="oc-2a1">
         <name>.debug_info</name>
         <load_address>0x534</load_address>
         <run_address>0x534</run_address>
         <size>0x2a4</size>
         <input_file_ref idref="fl-2"/>
      </object_component>
      <object_component id="oc-13a">
         <name>.debug_info</name>
         <load_address>0x7d8</load_address>
         <run_address>0x7d8</run_address>
         <size>0xbb</size>
         <input_file_ref idref="fl-2"/>
      </object_component>
      <object_component id="oc-290">
         <name>.debug_info</name>
         <load_address>0x893</load_address>
         <run_address>0x893</run_address>
         <size>0x23b</size>
         <input_file_ref idref="fl-3"/>
      </object_component>
      <object_component id="oc-28d">
         <name>.debug_info</name>
         <load_address>0xace</load_address>
         <run_address>0xace</run_address>
         <size>0xd2</size>
         <input_file_ref idref="fl-3"/>
      </object_component>
      <object_component id="oc-12d">
         <name>.debug_info</name>
         <load_address>0xba0</load_address>
         <run_address>0xba0</run_address>
         <size>0x13eb</size>
         <input_file_ref idref="fl-3"/>
      </object_component>
      <object_component id="oc-3cf">
         <name>.debug_info</name>
         <load_address>0x1f8b</load_address>
         <run_address>0x1f8b</run_address>
         <size>0x62</size>
         <input_file_ref idref="fl-3"/>
      </object_component>
      <object_component id="oc-22a">
         <name>.debug_info</name>
         <load_address>0x1fed</load_address>
         <run_address>0x1fed</run_address>
         <size>0x2c</size>
         <input_file_ref idref="fl-3"/>
      </object_component>
      <object_component id="oc-bc">
         <name>.debug_info</name>
         <load_address>0x2019</load_address>
         <run_address>0x2019</run_address>
         <size>0x2c</size>
         <input_file_ref idref="fl-3"/>
      </object_component>
      <object_component id="oc-29c">
         <name>.debug_info</name>
         <load_address>0x2045</load_address>
         <run_address>0x2045</run_address>
         <size>0x35</size>
         <input_file_ref idref="fl-3"/>
      </object_component>
      <object_component id="oc-21c">
         <name>.debug_info</name>
         <load_address>0x207a</load_address>
         <run_address>0x207a</run_address>
         <size>0x4dc</size>
         <input_file_ref idref="fl-4"/>
      </object_component>
      <object_component id="oc-cc">
         <name>.debug_info</name>
         <load_address>0x2556</load_address>
         <run_address>0x2556</run_address>
         <size>0xbf9</size>
         <input_file_ref idref="fl-4"/>
      </object_component>
      <object_component id="oc-1c3">
         <name>.debug_info</name>
         <load_address>0x314f</load_address>
         <run_address>0x314f</run_address>
         <size>0x110</size>
         <input_file_ref idref="fl-4"/>
      </object_component>
      <object_component id="oc-217">
         <name>.debug_info</name>
         <load_address>0x325f</load_address>
         <run_address>0x325f</run_address>
         <size>0x8b</size>
         <input_file_ref idref="fl-4"/>
      </object_component>
      <object_component id="oc-139">
         <name>.debug_info</name>
         <load_address>0x32ea</load_address>
         <run_address>0x32ea</run_address>
         <size>0x571</size>
         <input_file_ref idref="fl-5"/>
      </object_component>
      <object_component id="oc-133">
         <name>.debug_info</name>
         <load_address>0x385b</load_address>
         <run_address>0x385b</run_address>
         <size>0xd6</size>
         <input_file_ref idref="fl-5"/>
      </object_component>
      <object_component id="oc-136">
         <name>.debug_info</name>
         <load_address>0x3931</load_address>
         <run_address>0x3931</run_address>
         <size>0x118</size>
         <input_file_ref idref="fl-5"/>
      </object_component>
      <object_component id="oc-99">
         <name>.debug_info</name>
         <load_address>0x3a49</load_address>
         <run_address>0x3a49</run_address>
         <size>0x7b3</size>
         <input_file_ref idref="fl-5"/>
      </object_component>
      <object_component id="oc-1be">
         <name>.debug_info</name>
         <load_address>0x41fc</load_address>
         <run_address>0x41fc</run_address>
         <size>0x2c</size>
         <input_file_ref idref="fl-5"/>
      </object_component>
      <object_component id="oc-106">
         <name>.debug_info</name>
         <load_address>0x4228</load_address>
         <run_address>0x4228</run_address>
         <size>0x3cc</size>
         <input_file_ref idref="fl-7"/>
      </object_component>
      <object_component id="oc-31">
         <name>.debug_info</name>
         <load_address>0x45f4</load_address>
         <run_address>0x45f4</run_address>
         <size>0x18d</size>
         <input_file_ref idref="fl-8"/>
      </object_component>
      <object_component id="oc-13">
         <name>.debug_info</name>
         <load_address>0x4781</load_address>
         <run_address>0x4781</run_address>
         <size>0x10c</size>
         <input_file_ref idref="fl-8"/>
      </object_component>
      <object_component id="oc-2b">
         <name>.debug_info</name>
         <load_address>0x488d</load_address>
         <run_address>0x488d</run_address>
         <size>0x42d</size>
         <input_file_ref idref="fl-8"/>
      </object_component>
      <object_component id="oc-1bd">
         <name>.debug_info</name>
         <load_address>0x4cba</load_address>
         <run_address>0x4cba</run_address>
         <size>0x3d8</size>
         <input_file_ref idref="fl-9"/>
      </object_component>
      <object_component id="oc-1ba">
         <name>.debug_info</name>
         <load_address>0x5092</load_address>
         <run_address>0x5092</run_address>
         <size>0x103</size>
         <input_file_ref idref="fl-9"/>
      </object_component>
      <object_component id="oc-c7">
         <name>.debug_info</name>
         <load_address>0x5195</load_address>
         <run_address>0x5195</run_address>
         <size>0x8df</size>
         <input_file_ref idref="fl-9"/>
      </object_component>
      <object_component id="oc-112">
         <name>.debug_info</name>
         <load_address>0x5a74</load_address>
         <run_address>0x5a74</run_address>
         <size>0x1dd</size>
         <input_file_ref idref="fl-f"/>
      </object_component>
      <object_component id="oc-272">
         <name>.debug_info</name>
         <load_address>0x5c51</load_address>
         <run_address>0x5c51</run_address>
         <size>0x1d4</size>
         <input_file_ref idref="fl-f"/>
      </object_component>
      <object_component id="oc-467">
         <name>.debug_info</name>
         <load_address>0x5e25</load_address>
         <run_address>0x5e25</run_address>
         <size>0x220</size>
         <input_file_ref idref="fl-10"/>
      </object_component>
      <object_component id="oc-20b">
         <name>.debug_info</name>
         <load_address>0x6045</load_address>
         <run_address>0x6045</run_address>
         <size>0x242</size>
         <input_file_ref idref="fl-10"/>
      </object_component>
      <object_component id="oc-1ff">
         <name>.debug_info</name>
         <load_address>0x6287</load_address>
         <run_address>0x6287</run_address>
         <size>0x18d</size>
         <input_file_ref idref="fl-10"/>
      </object_component>
      <object_component id="oc-205">
         <name>.debug_info</name>
         <load_address>0x6414</load_address>
         <run_address>0x6414</run_address>
         <size>0x1da</size>
         <input_file_ref idref="fl-10"/>
      </object_component>
      <object_component id="oc-1dc">
         <name>.debug_info</name>
         <load_address>0x65ee</load_address>
         <run_address>0x65ee</run_address>
         <size>0x1ca</size>
         <input_file_ref idref="fl-10"/>
      </object_component>
      <object_component id="oc-1ca">
         <name>.debug_info</name>
         <load_address>0x67b8</load_address>
         <run_address>0x67b8</run_address>
         <size>0x191</size>
         <input_file_ref idref="fl-10"/>
      </object_component>
      <object_component id="oc-1e7">
         <name>.debug_info</name>
         <load_address>0x6949</load_address>
         <run_address>0x6949</run_address>
         <size>0x20f</size>
         <input_file_ref idref="fl-10"/>
      </object_component>
      <object_component id="oc-1d5">
         <name>.debug_info</name>
         <load_address>0x6b58</load_address>
         <run_address>0x6b58</run_address>
         <size>0x1be</size>
         <input_file_ref idref="fl-10"/>
      </object_component>
      <object_component id="oc-1e1">
         <name>.debug_info</name>
         <load_address>0x6d16</load_address>
         <run_address>0x6d16</run_address>
         <size>0x1a3</size>
         <input_file_ref idref="fl-10"/>
      </object_component>
      <object_component id="oc-1ed">
         <name>.debug_info</name>
         <load_address>0x6eb9</load_address>
         <run_address>0x6eb9</run_address>
         <size>0x1be</size>
         <input_file_ref idref="fl-10"/>
      </object_component>
      <object_component id="oc-1f3">
         <name>.debug_info</name>
         <load_address>0x7077</load_address>
         <run_address>0x7077</run_address>
         <size>0x193</size>
         <input_file_ref idref="fl-10"/>
      </object_component>
      <object_component id="oc-1cf">
         <name>.debug_info</name>
         <load_address>0x720a</load_address>
         <run_address>0x720a</run_address>
         <size>0x1cc</size>
         <input_file_ref idref="fl-10"/>
      </object_component>
      <object_component id="oc-4a6">
         <name>.debug_info</name>
         <load_address>0x73d6</load_address>
         <run_address>0x73d6</run_address>
         <size>0x26b</size>
         <input_file_ref idref="fl-10"/>
      </object_component>
      <object_component id="oc-3c8">
         <name>.debug_info</name>
         <load_address>0x7641</load_address>
         <run_address>0x7641</run_address>
         <size>0x297</size>
         <input_file_ref idref="fl-10"/>
      </object_component>
      <object_component id="oc-318">
         <name>.debug_info</name>
         <load_address>0x78d8</load_address>
         <run_address>0x78d8</run_address>
         <size>0xbb</size>
         <input_file_ref idref="fl-10"/>
      </object_component>
      <object_component id="oc-32f">
         <name>.debug_info</name>
         <load_address>0x7993</load_address>
         <run_address>0x7993</run_address>
         <size>0x201</size>
         <input_file_ref idref="fl-11"/>
      </object_component>
      <object_component id="oc-230">
         <name>.debug_info</name>
         <load_address>0x7b94</load_address>
         <run_address>0x7b94</run_address>
         <size>0xf4</size>
         <input_file_ref idref="fl-11"/>
      </object_component>
      <object_component id="oc-f1">
         <name>.debug_info</name>
         <load_address>0x7c88</load_address>
         <run_address>0x7c88</run_address>
         <size>0x17c</size>
         <input_file_ref idref="fl-11"/>
      </object_component>
      <object_component id="oc-ec">
         <name>.debug_info</name>
         <load_address>0x7e04</load_address>
         <run_address>0x7e04</run_address>
         <size>0x1ae</size>
         <input_file_ref idref="fl-11"/>
      </object_component>
      <object_component id="oc-f8">
         <name>.debug_info</name>
         <load_address>0x7fb2</load_address>
         <run_address>0x7fb2</run_address>
         <size>0x19f</size>
         <input_file_ref idref="fl-11"/>
      </object_component>
      <object_component id="oc-3d8">
         <name>.debug_info</name>
         <load_address>0x8151</load_address>
         <run_address>0x8151</run_address>
         <size>0x14e</size>
         <input_file_ref idref="fl-12"/>
      </object_component>
      <object_component id="oc-335">
         <name>.debug_info</name>
         <load_address>0x829f</load_address>
         <run_address>0x829f</run_address>
         <size>0xf6</size>
         <input_file_ref idref="fl-12"/>
      </object_component>
      <object_component id="oc-247">
         <name>.debug_info</name>
         <load_address>0x8395</load_address>
         <run_address>0x8395</run_address>
         <size>0x1bf</size>
         <input_file_ref idref="fl-12"/>
      </object_component>
      <object_component id="oc-339">
         <name>.debug_info</name>
         <load_address>0x8554</load_address>
         <run_address>0x8554</run_address>
         <size>0x20d</size>
         <input_file_ref idref="fl-12"/>
      </object_component>
      <object_component id="oc-259">
         <name>.debug_info</name>
         <load_address>0x8761</load_address>
         <run_address>0x8761</run_address>
         <size>0x1d4</size>
         <input_file_ref idref="fl-12"/>
      </object_component>
      <object_component id="oc-260">
         <name>.debug_info</name>
         <load_address>0x8935</load_address>
         <run_address>0x8935</run_address>
         <size>0x1d2</size>
         <input_file_ref idref="fl-12"/>
      </object_component>
      <object_component id="oc-253">
         <name>.debug_info</name>
         <load_address>0x8b07</load_address>
         <run_address>0x8b07</run_address>
         <size>0x1d2</size>
         <input_file_ref idref="fl-12"/>
      </object_component>
      <object_component id="oc-24d">
         <name>.debug_info</name>
         <load_address>0x8cd9</load_address>
         <run_address>0x8cd9</run_address>
         <size>0x222</size>
         <input_file_ref idref="fl-12"/>
      </object_component>
      <object_component id="oc-325">
         <name>.debug_info</name>
         <load_address>0x8efb</load_address>
         <run_address>0x8efb</run_address>
         <size>0x25e</size>
         <input_file_ref idref="fl-13"/>
      </object_component>
      <object_component id="oc-266">
         <name>.debug_info</name>
         <load_address>0x9159</load_address>
         <run_address>0x9159</run_address>
         <size>0xff</size>
         <input_file_ref idref="fl-13"/>
      </object_component>
      <object_component id="oc-234">
         <name>.debug_info</name>
         <load_address>0x9258</load_address>
         <run_address>0x9258</run_address>
         <size>0x1a6</size>
         <input_file_ref idref="fl-13"/>
      </object_component>
      <object_component id="oc-109">
         <name>.debug_info</name>
         <load_address>0x93fe</load_address>
         <run_address>0x93fe</run_address>
         <size>0x1eb</size>
         <input_file_ref idref="fl-13"/>
      </object_component>
      <object_component id="oc-211">
         <name>.debug_info</name>
         <load_address>0x95e9</load_address>
         <run_address>0x95e9</run_address>
         <size>0x1ed</size>
         <input_file_ref idref="fl-13"/>
      </object_component>
      <object_component id="oc-11b">
         <name>.debug_info</name>
         <load_address>0x97d6</load_address>
         <run_address>0x97d6</run_address>
         <size>0x216</size>
         <input_file_ref idref="fl-13"/>
      </object_component>
      <object_component id="oc-1f9">
         <name>.debug_info</name>
         <load_address>0x99ec</load_address>
         <run_address>0x99ec</run_address>
         <size>0x1c0</size>
         <input_file_ref idref="fl-13"/>
      </object_component>
      <object_component id="oc-fd">
         <name>.debug_info</name>
         <load_address>0x9bac</load_address>
         <run_address>0x9bac</run_address>
         <size>0x283</size>
         <input_file_ref idref="fl-13"/>
      </object_component>
      <object_component id="oc-23a">
         <name>.debug_info</name>
         <load_address>0x9e2f</load_address>
         <run_address>0x9e2f</run_address>
         <size>0x1bf</size>
         <input_file_ref idref="fl-13"/>
      </object_component>
      <object_component id="oc-240">
         <name>.debug_info</name>
         <load_address>0x9fee</load_address>
         <run_address>0x9fee</run_address>
         <size>0x1d4</size>
         <input_file_ref idref="fl-13"/>
      </object_component>
      <object_component id="oc-348">
         <name>.debug_info</name>
         <load_address>0xa1c2</load_address>
         <run_address>0xa1c2</run_address>
         <size>0x232</size>
         <input_file_ref idref="fl-14"/>
      </object_component>
      <object_component id="oc-128">
         <name>.debug_info</name>
         <load_address>0xa3f4</load_address>
         <run_address>0xa3f4</run_address>
         <size>0x179</size>
         <input_file_ref idref="fl-14"/>
      </object_component>
      <object_component id="oc-116">
         <name>.debug_info</name>
         <load_address>0xa56d</load_address>
         <run_address>0xa56d</run_address>
         <size>0x177</size>
         <input_file_ref idref="fl-14"/>
      </object_component>
      <object_component id="oc-121">
         <name>.debug_info</name>
         <load_address>0xa6e4</load_address>
         <run_address>0xa6e4</run_address>
         <size>0x28e</size>
         <input_file_ref idref="fl-14"/>
      </object_component>
      <object_component id="oc-282">
         <name>.debug_info</name>
         <load_address>0xa972</load_address>
         <run_address>0xa972</run_address>
         <size>0x1aa</size>
         <input_file_ref idref="fl-14"/>
      </object_component>
      <object_component id="oc-27c">
         <name>.debug_info</name>
         <load_address>0xab1c</load_address>
         <run_address>0xab1c</run_address>
         <size>0x1a6</size>
         <input_file_ref idref="fl-14"/>
      </object_component>
      <object_component id="oc-275">
         <name>.debug_info</name>
         <load_address>0xacc2</load_address>
         <run_address>0xacc2</run_address>
         <size>0x17d</size>
         <input_file_ref idref="fl-14"/>
      </object_component>
      <object_component id="oc-288">
         <name>.debug_info</name>
         <load_address>0xae3f</load_address>
         <run_address>0xae3f</run_address>
         <size>0x17f</size>
         <input_file_ref idref="fl-14"/>
      </object_component>
      <object_component id="oc-17f">
         <name>.debug_info</name>
         <load_address>0xafbe</load_address>
         <run_address>0xafbe</run_address>
         <size>0x25c</size>
         <input_file_ref idref="fl-15"/>
      </object_component>
      <object_component id="oc-2cd">
         <name>.debug_info</name>
         <load_address>0xb21a</load_address>
         <run_address>0xb21a</run_address>
         <size>0x17e</size>
         <input_file_ref idref="fl-15"/>
      </object_component>
      <object_component id="oc-2c7">
         <name>.debug_info</name>
         <load_address>0xb398</load_address>
         <run_address>0xb398</run_address>
         <size>0x180</size>
         <input_file_ref idref="fl-15"/>
      </object_component>
      <object_component id="oc-190">
         <name>.debug_info</name>
         <load_address>0xb518</load_address>
         <run_address>0xb518</run_address>
         <size>0x18a</size>
         <input_file_ref idref="fl-15"/>
      </object_component>
      <object_component id="oc-196">
         <name>.debug_info</name>
         <load_address>0xb6a2</load_address>
         <run_address>0xb6a2</run_address>
         <size>0x19a</size>
         <input_file_ref idref="fl-15"/>
      </object_component>
      <object_component id="oc-185">
         <name>.debug_info</name>
         <load_address>0xb83c</load_address>
         <run_address>0xb83c</run_address>
         <size>0x1ab</size>
         <input_file_ref idref="fl-15"/>
      </object_component>
      <object_component id="oc-226">
         <name>.debug_info</name>
         <load_address>0xb9e7</load_address>
         <run_address>0xb9e7</run_address>
         <size>0x14e</size>
         <input_file_ref idref="fl-17"/>
      </object_component>
      <object_component id="oc-2e7">
         <name>.debug_info</name>
         <load_address>0xbb35</load_address>
         <run_address>0xbb35</run_address>
         <size>0x212</size>
         <input_file_ref idref="fl-ce"/>
      </object_component>
      <object_component id="oc-18c">
         <name>.debug_info</name>
         <load_address>0xbd47</load_address>
         <run_address>0xbd47</run_address>
         <size>0x208</size>
         <input_file_ref idref="fl-ce"/>
      </object_component>
      <object_component id="oc-2dd">
         <name>.debug_info</name>
         <load_address>0xbf4f</load_address>
         <run_address>0xbf4f</run_address>
         <size>0x1c6</size>
         <input_file_ref idref="fl-ce"/>
      </object_component>
      <object_component id="oc-2e4">
         <name>.debug_info</name>
         <load_address>0xc115</load_address>
         <run_address>0xc115</run_address>
         <size>0x179</size>
         <input_file_ref idref="fl-ce"/>
      </object_component>
      <object_component id="oc-2e8">
         <name>.debug_info</name>
         <load_address>0xc28e</load_address>
         <run_address>0xc28e</run_address>
         <size>0x2c</size>
         <input_file_ref idref="fl-ce"/>
      </object_component>
      <object_component id="oc-2ed">
         <name>.debug_info</name>
         <load_address>0xc2ba</load_address>
         <run_address>0xc2ba</run_address>
         <size>0x69</size>
         <input_file_ref idref="fl-ce"/>
      </object_component>
      <object_component id="oc-d2">
         <name>.debug_info</name>
         <load_address>0xc323</load_address>
         <run_address>0xc323</run_address>
         <size>0x140</size>
         <input_file_ref idref="fl-cf"/>
      </object_component>
      <object_component id="oc-d7">
         <name>.debug_info</name>
         <load_address>0xc463</load_address>
         <run_address>0xc463</run_address>
         <size>0x14e</size>
         <input_file_ref idref="fl-d0"/>
      </object_component>
      <object_component id="oc-dc">
         <name>.debug_info</name>
         <load_address>0xc5b1</load_address>
         <run_address>0xc5b1</run_address>
         <size>0x13a</size>
         <input_file_ref idref="fl-d1"/>
      </object_component>
      <object_component id="oc-e1">
         <name>.debug_info</name>
         <load_address>0xc6eb</load_address>
         <run_address>0xc6eb</run_address>
         <size>0x13a</size>
         <input_file_ref idref="fl-d2"/>
      </object_component>
      <object_component id="oc-e6">
         <name>.debug_info</name>
         <load_address>0xc825</load_address>
         <run_address>0xc825</run_address>
         <size>0x12e</size>
         <input_file_ref idref="fl-d3"/>
      </object_component>
      <object_component id="oc-3f">
         <name>.debug_info</name>
         <load_address>0xc953</load_address>
         <run_address>0xc953</run_address>
         <size>0x119</size>
         <input_file_ref idref="fl-d4"/>
      </object_component>
      <object_component id="oc-3f5">
         <name>.debug_info</name>
         <load_address>0xca6c</load_address>
         <run_address>0xca6c</run_address>
         <size>0x134</size>
         <input_file_ref idref="fl-d5"/>
      </object_component>
      <object_component id="oc-8a">
         <name>.debug_info</name>
         <load_address>0xcba0</load_address>
         <run_address>0xcba0</run_address>
         <size>0x1a6</size>
         <input_file_ref idref="fl-d6"/>
      </object_component>
      <object_component id="oc-4a">
         <name>.debug_info</name>
         <load_address>0xcd46</load_address>
         <run_address>0xcd46</run_address>
         <size>0x1d2</size>
         <input_file_ref idref="fl-d6"/>
      </object_component>
      <object_component id="oc-85">
         <name>.debug_info</name>
         <load_address>0xcf18</load_address>
         <run_address>0xcf18</run_address>
         <size>0x46</size>
         <input_file_ref idref="fl-d6"/>
      </object_component>
      <object_component id="oc-48">
         <name>.debug_info</name>
         <load_address>0xcf5e</load_address>
         <run_address>0xcf5e</run_address>
         <size>0x17a</size>
         <input_file_ref idref="fl-d7"/>
      </object_component>
      <object_component id="oc-1e">
         <name>.debug_info</name>
         <load_address>0xd0d8</load_address>
         <run_address>0xd0d8</run_address>
         <size>0x1ea</size>
         <input_file_ref idref="fl-d7"/>
      </object_component>
      <object_component id="oc-43">
         <name>.debug_info</name>
         <load_address>0xd2c2</load_address>
         <run_address>0xd2c2</run_address>
         <size>0x46</size>
         <input_file_ref idref="fl-d7"/>
      </object_component>
      <object_component id="oc-7d">
         <name>.debug_info</name>
         <load_address>0xd308</load_address>
         <run_address>0xd308</run_address>
         <size>0x2c</size>
         <input_file_ref idref="fl-d7"/>
      </object_component>
      <object_component id="oc-7b">
         <name>.debug_info</name>
         <load_address>0xd334</load_address>
         <run_address>0xd334</run_address>
         <size>0x170</size>
         <input_file_ref idref="fl-d8"/>
      </object_component>
      <object_component id="oc-16">
         <name>.debug_info</name>
         <load_address>0xd4a4</load_address>
         <run_address>0xd4a4</run_address>
         <size>0x250</size>
         <input_file_ref idref="fl-d8"/>
      </object_component>
      <object_component id="oc-33">
         <name>.debug_info</name>
         <load_address>0xd6f4</load_address>
         <run_address>0xd6f4</run_address>
         <size>0x60</size>
         <input_file_ref idref="fl-d8"/>
      </object_component>
      <object_component id="oc-b5">
         <name>.debug_info</name>
         <load_address>0xd754</load_address>
         <run_address>0xd754</run_address>
         <size>0x46</size>
         <input_file_ref idref="fl-d8"/>
      </object_component>
      <object_component id="oc-76">
         <name>.debug_info</name>
         <load_address>0xd79a</load_address>
         <run_address>0xd79a</run_address>
         <size>0x39</size>
         <input_file_ref idref="fl-d8"/>
      </object_component>
      <object_component id="oc-2f7">
         <name>.debug_info</name>
         <load_address>0xd7d3</load_address>
         <run_address>0xd7d3</run_address>
         <size>0x172</size>
         <input_file_ref idref="fl-d9"/>
      </object_component>
      <object_component id="oc-1a4">
         <name>.debug_info</name>
         <load_address>0xd945</load_address>
         <run_address>0xd945</run_address>
         <size>0x1a9</size>
         <input_file_ref idref="fl-d9"/>
      </object_component>
      <object_component id="oc-6f">
         <name>.debug_info</name>
         <load_address>0xdaee</load_address>
         <run_address>0xdaee</run_address>
         <size>0x284</size>
         <input_file_ref idref="fl-da"/>
      </object_component>
      <object_component id="oc-24">
         <name>.debug_info</name>
         <load_address>0xdd72</load_address>
         <run_address>0xdd72</run_address>
         <size>0x10c</size>
         <input_file_ref idref="fl-da"/>
      </object_component>
      <object_component id="oc-3c2">
         <name>.debug_info</name>
         <load_address>0xde7e</load_address>
         <run_address>0xde7e</run_address>
         <size>0x13f</size>
         <input_file_ref idref="fl-da"/>
      </object_component>
      <object_component id="oc-1a8">
         <name>.debug_info</name>
         <load_address>0xdfbd</load_address>
         <run_address>0xdfbd</run_address>
         <size>0x168</size>
         <input_file_ref idref="fl-da"/>
      </object_component>
      <object_component id="oc-300">
         <name>.debug_info</name>
         <load_address>0xe125</load_address>
         <run_address>0xe125</run_address>
         <size>0x18e</size>
         <input_file_ref idref="fl-da"/>
      </object_component>
      <object_component id="oc-30d">
         <name>.debug_info</name>
         <load_address>0xe2b3</load_address>
         <run_address>0xe2b3</run_address>
         <size>0x19f</size>
         <input_file_ref idref="fl-da"/>
      </object_component>
      <object_component id="oc-1b4">
         <name>.debug_info</name>
         <load_address>0xe452</load_address>
         <run_address>0xe452</run_address>
         <size>0x203</size>
         <input_file_ref idref="fl-da"/>
      </object_component>
      <object_component id="oc-306">
         <name>.debug_info</name>
         <load_address>0xe655</load_address>
         <run_address>0xe655</run_address>
         <size>0x1db</size>
         <input_file_ref idref="fl-da"/>
      </object_component>
      <object_component id="oc-1ae">
         <name>.debug_info</name>
         <load_address>0xe830</load_address>
         <run_address>0xe830</run_address>
         <size>0x26e</size>
         <input_file_ref idref="fl-da"/>
      </object_component>
      <object_component id="oc-2f9">
         <name>.debug_info</name>
         <load_address>0xea9e</load_address>
         <run_address>0xea9e</run_address>
         <size>0x299</size>
         <input_file_ref idref="fl-da"/>
      </object_component>
      <object_component id="oc-b0">
         <name>.debug_info</name>
         <load_address>0xed37</load_address>
         <run_address>0xed37</run_address>
         <size>0xb2</size>
         <input_file_ref idref="fl-da"/>
[...]
      <symbol id="sm-1a9">
         <name>Message</name>
         <value>0x2000d5ff</value>
         <object_component_ref idref="oc-c5"/>
      </symbol>
      <symbol id="sm-1aa">
         <name>Report</name>
         <value>0x2000d7a1</value>
         <object_component_ref idref="oc-c5"/>
      </symbol>
      <symbol id="sm-1ab">
         <name>Error</name>
         <value>0x2000d62b</value>
         <object_component_ref idref="oc-c5"/>
      </symbol>
      <symbol id="sm-1ac">
         <name>InitTerm</name>
         <value>0x2000d5e1</value>
         <object_component_ref idref="oc-c5"/>
      </symbol>
      <symbol id="sm-1ad">
         <name>ClearTerm</name>
         <value>0x2000d621</value>
         <object_component_ref idref="oc-c5"/>
      </symbol>
      <symbol id="sm-1ae">
         <name>TrimSpace</name>
         <value>0x2000d709</value>
         <object_component_ref idref="oc-c5"/>
      </symbol>
      <symbol id="sm-1c2">
         <name>GPIODirModeSet</name>
         <value>0x2000f75d</value>
         <object_component_ref idref="oc-10e"/>
      </symbol>
      <symbol id="sm-1c3">
         <name>GPIOPinWrite</name>
         <value>0x2000f9b1</value>
         <object_component_ref idref="oc-26e"/>
      </symbol>
      <symbol id="sm-23c">
         <name>I2CMasterDataPut</name>
         <value>0x2000fb9d</value>
         <object_component_ref idref="oc-1ec"/>
      </symbol>
      <symbol id="sm-23d">
         <name>I2CMasterInitExpClk</name>
         <value>0x2000f009</value>
         <object_component_ref idref="oc-20a"/>
      </symbol>
      <symbol id="sm-23e">
         <name>I2CMasterSlaveAddrSet</name>
         <value>0x2000f96d</value>
         <object_component_ref idref="oc-1e6"/>
      </symbol>
      <symbol id="sm-23f">
         <name>I2CMasterDataGet</name>
         <value>0x2000fc93</value>
         <object_component_ref idref="oc-1f2"/>
      </symbol>
      <symbol id="sm-240">
         <name>I2CMasterIntEnableEx</name>
         <value>0x2000fb0d</value>
         <object_component_ref idref="oc-204"/>
      </symbol>
      <symbol id="sm-241">
         <name>I2CMasterErr</name>
         <value>0x2000f853</value>
         <object_component_ref idref="oc-1e0"/>
      </symbol>
      <symbol id="sm-242">
         <name>I2CMasterTimeoutSet</name>
         <value>0x2000fc6f</value>
         <object_component_ref idref="oc-1ce"/>
      </symbol>
      <symbol id="sm-243">
         <name>I2CMasterControl</name>
         <value>0x2000fc5d</value>
         <object_component_ref idref="oc-1d4"/>
      </symbol>
      <symbol id="sm-244">
         <name>I2CMasterEnable</name>
         <value>0x2000fbb3</value>
         <object_component_ref idref="oc-1fe"/>
      </symbol>
      <symbol id="sm-245">
         <name>I2CMasterIntStatusEx</name>
         <value>0x2000f9f1</value>
         <object_component_ref idref="oc-1da"/>
      </symbol>
      <symbol id="sm-246">
         <name>I2CMasterIntClear</name>
         <value>0x2000fbc9</value>
         <object_component_ref idref="oc-1c8"/>
      </symbol>
      <symbol id="sm-275">
         <name>IntVTableBaseSet</name>
         <value>0x2000fc35</value>
         <object_component_ref idref="oc-ea"/>
      </symbol>
      <symbol id="sm-276">
         <name>IntEnable</name>
         <value>0x2000ead1</value>
         <object_component_ref idref="oc-f6"/>
      </symbol>
      <symbol id="sm-277">
         <name>IntMasterEnable</name>
         <value>0x2000fcc9</value>
         <object_component_ref idref="oc-f0"/>
      </symbol>
      <symbol id="sm-2be">
         <name>PinTypeI2C</name>
         <value>0x2000fa4b</value>
         <object_component_ref idref="oc-25e"/>
      </symbol>
      <symbol id="sm-2bf">
         <name>PinTypeUART</name>
         <value>0x2000faf3</value>
         <object_component_ref idref="oc-258"/>
      </symbol>
      <symbol id="sm-2c0">
         <name>PinTypeGPIO</name>
         <value>0x2000f793</value>
         <object_component_ref idref="oc-24c"/>
      </symbol>
      <symbol id="sm-2c1">
         <name>PinConfigSet</name>
         <value>0x2000ee75</value>
         <object_component_ref idref="oc-338"/>
      </symbol>
      <symbol id="sm-2c2">
         <name>PinTypeSPI</name>
         <value>0x2000fad9</value>
         <object_component_ref idref="oc-252"/>
      </symbol>
      <symbol id="sm-2c3">
         <name>PinModeSet</name>
         <value>0x2000f629</value>
         <object_component_ref idref="oc-246"/>
      </symbol>
      <symbol id="sm-349">
         <name>PRCMPeripheralReset</name>
         <value>0x2000f3fd</value>
         <object_component_ref idref="oc-1f8"/>
      </symbol>
      <symbol id="sm-34a">
         <name>PRCMPeripheralClkEnable</name>
         <value>0x2000f6e9</value>
         <object_component_ref idref="oc-108"/>
      </symbol>
      <symbol id="sm-34b">
         <name>PRCMPeripheralClockGet</name>
         <value>0x2000ed4d</value>
         <object_component_ref idref="oc-11a"/>
      </symbol>
      <symbol id="sm-34c">
         <name>PRCMCC3200MCUInit</name>
         <value>0x2000de49</value>
         <object_component_ref idref="oc-fc"/>
      </symbol>
      <symbol id="sm-34d">
         <name>PRCMHIBRegWrite</name>
         <value>0x2000fbf5</value>
         <object_component_ref idref="oc-23f"/>
      </symbol>
      <symbol id="sm-34e">
         <name>PRCMSysResetCauseGet</name>
         <value>0x2000f881</value>
         <object_component_ref idref="oc-233"/>
      </symbol>
      <symbol id="sm-34f">
         <name>PRCMPeripheralClkDisable</name>
         <value>0x2000f8ad</value>
         <object_component_ref idref="oc-210"/>
      </symbol>
      <symbol id="sm-350">
         <name>PRCMHIBRegRead</name>
         <value>0x2000fbdf</value>
         <object_component_ref idref="oc-239"/>
      </symbol>
      <symbol id="sm-395">
         <name>SPICSEnable</name>
         <value>0x2000fb3d</value>
         <object_component_ref idref="oc-274"/>
      </symbol>
      <symbol id="sm-396">
         <name>SPIDataPut</name>
         <value>0x2000fa0f</value>
         <object_component_ref idref="oc-27a"/>
      </symbol>
      <symbol id="sm-397">
         <name>SPIEnable</name>
         <value>0x2000fb55</value>
         <object_component_ref idref="oc-126"/>
      </symbol>
      <symbol id="sm-398">
         <name>SPIDataGet</name>
         <value>0x2000f9d1</value>
         <object_component_ref idref="oc-280"/>
      </symbol>
      <symbol id="sm-399">
         <name>SPIConfigSetExpClk</name>
         <value>0x2000eb79</value>
         <object_component_ref idref="oc-120"/>
      </symbol>
      <symbol id="sm-39a">
         <name>SPIReset</name>
         <value>0x2000f98f</value>
         <object_component_ref idref="oc-114"/>
      </symbol>
      <symbol id="sm-39b">
         <name>SPICSDisable</name>
         <value>0x2000fb25</value>
         <object_component_ref idref="oc-286"/>
      </symbol>
      <symbol id="sm-3d7">
         <name>UARTConfigSetExpClk</name>
         <value>0x2000f181</value>
         <object_component_ref idref="oc-17d"/>
      </symbol>
      <symbol id="sm-3d8">
         <name>UARTDisable</name>
         <value>0x2000f7c5</value>
         <object_component_ref idref="oc-2c6"/>
      </symbol>
      <symbol id="sm-3d9">
         <name>UARTCharsAvail</name>
         <value>0x2000fb6d</value>
         <object_component_ref idref="oc-18f"/>
      </symbol>
      <symbol id="sm-3da">
         <name>UARTCharGetNonBlocking</name>
         <value>0x2000fa67</value>
         <object_component_ref idref="oc-195"/>
      </symbol>
      <symbol id="sm-3db">
         <name>UARTCharPut</name>
         <value>0x2000fa2d</value>
         <object_component_ref idref="oc-183"/>
      </symbol>
      <symbol id="sm-3dc">
         <name>UARTEnable</name>
         <value>0x2000f925</value>
         <object_component_ref idref="oc-2cc"/>
      </symbol>
      <symbol id="sm-3e0">
         <name>UtilsDelay</name>
         <value>0x2000fce5</value>
         <object_component_ref idref="oc-331"/>
      </symbol>
      <symbol id="sm-3ea">
         <name>CPUcpsie</name>
         <value>0x2000fc21</value>
         <object_component_ref idref="oc-223"/>
      </symbol>
      <symbol id="sm-41a">
         <name>vsnprintf</name>
         <value>0x2000f669</value>
         <object_component_ref idref="oc-189"/>
      </symbol>
      <symbol id="sm-42b">
         <name>__aeabi_fadd</name>
         <value>0x2000e68d</value>
         <object_component_ref idref="oc-d1"/>
      </symbol>
      <symbol id="sm-42c">
         <name>__aeabi_fsub</name>
         <value>0x2000e689</value>
         <object_component_ref idref="oc-d1"/>
      </symbol>
      <symbol id="sm-43a">
         <name>__aeabi_cfrcmple</name>
         <value>0x2000f33f</value>
         <object_component_ref idref="oc-d6"/>
      </symbol>
      <symbol id="sm-447">
         <name>__aeabi_fdiv</name>
         <value>0x2000ede1</value>
         <object_component_ref idref="oc-db"/>
      </symbol>
      <symbol id="sm-451">
         <name>__aeabi_fmul</name>
         <value>0x2000f08d</value>
         <object_component_ref idref="oc-e0"/>
      </symbol>
      <symbol id="sm-45b">
         <name>__aeabi_f2iz</name>
         <value>0x2000f725</value>
         <object_component_ref idref="oc-e5"/>
      </symbol>
      <symbol id="sm-476">
         <name>memcpy</name>
         <value>0x2000ec19</value>
         <object_component_ref idref="oc-3d"/>
      </symbol>
      <symbol id="sm-477">
         <name>__aeabi_memcpy</name>
         <value>0x2000ec19</value>
         <object_component_ref idref="oc-3d"/>
      </symbol>
      <symbol id="sm-478">
         <name>__aeabi_memcpy8</name>
         <value>0x2000ec19</value>
         <object_component_ref idref="oc-3d"/>
      </symbol>
      <symbol id="sm-479">
         <name>__aeabi_memcpy4</name>
         <value>0x2000ec19</value>
         <object_component_ref idref="oc-3d"/>
      </symbol>
      <symbol id="sm-486">
         <name>__aeabi_uldivmod</name>
         <value>0x2000ecb5</value>
         <object_component_ref idref="oc-3f2"/>
      </symbol>
      <symbol id="sm-49a">
         <name>__TI_zero_init_nomemset</name>
         <value>0x2000fa83</value>
         <object_component_ref idref="oc-49"/>
      </symbol>
      <symbol id="sm-4b1">
         <name>__TI_decompress_none</name>
         <value>0x2000fca1</value>
         <object_component_ref idref="oc-1b"/>
      </symbol>
      <symbol id="sm-4d4">
         <name>__TI_decompress_lzss</name>
         <value>0x2000f2d7</value>
         <object_component_ref idref="oc-15"/>
      </symbol>
      <symbol id="sm-4e5">
         <name>memmove</name>
         <value>0x2000f8fd</value>
         <object_component_ref idref="oc-1a1"/>
      </symbol>
      <symbol id="sm-583">
         <name>_sys_memory</name>
         <value>0x20017000</value>
         <object_component_ref idref="oc-23"/>
      </symbol>
      <symbol id="sm-584">
         <name>free</name>
         <value>0x2000e785</value>
         <object_component_ref idref="oc-1b3"/>
      </symbol>
      <symbol id="sm-585">
         <name>realloc</name>
         <value>0x2000e869</value>
         <object_component_ref idref="oc-1ad"/>
      </symbol>
      <symbol id="sm-586">
         <name>memalign</name>
         <value>0x2000e48d</value>
         <object_component_ref idref="oc-2f8"/>
      </symbol>
      <symbol id="sm-587">
         <name>malloc</name>
         <value>0x2000fcdd</value>
         <object_component_ref idref="oc-1a7"/>
      </symbol>
      <symbol id="sm-588">
         <name>aligned_alloc</name>
         <value>0x2000e48d</value>
         <object_component_ref idref="oc-2f8"/>
      </symbol>
      <symbol id="sm-596">
         <name>strlen</name>
         <value>0x2000fc49</value>
         <object_component_ref idref="oc-19b"/>
      </symbol>
      <symbol id="sm-5a8">
         <name>__stack</name>
         <value>0x2002f800</value>
         <object_component_ref idref="oc-26"/>
      </symbol>
      <symbol id="sm-5a9">
         <name>_c_int00_noargs</name>
         <value>0x2000f949</value>
         <object_component_ref idref="oc-5b"/>
      </symbol>
      <symbol id="sm-70e">
         <name>__TI_printfi</name>
         <value>0x2000bec5</value>
         <object_component_ref idref="oc-2d4"/>
      </symbol>
      <symbol id="sm-718">
         <name>__aeabi_idiv0</name>
         <value>0x2000de47</value>
         <object_component_ref idref="oc-46f"/>
      </symbol>
      <symbol id="sm-719">
         <name>__aeabi_ldiv0</name>
         <value>0x2000de47</value>
         <object_component_ref idref="oc-46f"/>
      </symbol>
      <symbol id="sm-730">
         <name>__aeabi_dsub</name>
         <value>0x2000dc91</value>
         <object_component_ref idref="oc-418"/>
      </symbol>
      <symbol id="sm-731">
         <name>__aeabi_dadd</name>
         <value>0x2000dc9b</value>
         <object_component_ref idref="oc-418"/>
      </symbol>
      <symbol id="sm-753">
         <name>__aeabi_cdcmpeq</name>
         <value>0x2000eefd</value>
         <object_component_ref idref="oc-37e"/>
      </symbol>
      <symbol id="sm-754">
         <name>__aeabi_cdcmple</name>
         <value>0x2000eefd</value>
         <object_component_ref idref="oc-37e"/>
      </symbol>
      <symbol id="sm-755">
         <name>__aeabi_cdrcmple</name>
         <value>0x2000ef83</value>
         <object_component_ref idref="oc-403"/>
      </symbol>
      <symbol id="sm-769">
         <name>__aeabi_ddiv</name>
         <value>0x2000e235</value>
         <object_component_ref idref="oc-3fe"/>
      </symbol>
      <symbol id="sm-774">
         <name>__aeabi_dmul</name>
         <value>0x2000e58d</value>
         <object_component_ref idref="oc-3f9"/>
      </symbol>
      <symbol id="sm-77e">
         <name>__aeabi_d2iz</name>
         <value>0x2000f59d</value>
         <object_component_ref idref="oc-408"/>
      </symbol>
      <symbol id="sm-788">
         <name>__aeabi_i2d</name>
         <value>0x2000f825</value>
         <object_component_ref idref="oc-413"/>
      </symbol>
      <symbol id="sm-797">
         <name>__aeabi_memset</name>
         <value>0x2000f109</value>
         <object_component_ref idref="oc-8b"/>
      </symbol>
      <symbol id="sm-798">
         <name>memset</name>
         <value>0x2000f10f</value>
         <object_component_ref idref="oc-8b"/>
      </symbol>
      <symbol id="sm-799">
         <name>__aeabi_memset8</name>
         <value>0x2000f109</value>
         <object_component_ref idref="oc-8b"/>
      </symbol>
      <symbol id="sm-79a">
         <name>__aeabi_memset4</name>
         <value>0x2000f109</value>
         <object_component_ref idref="oc-8b"/>
      </symbol>
      <symbol id="sm-79b">
         <name>__aeabi_memclr8</name>
         <value>0x2000f107</value>
         <object_component_ref idref="oc-8b"/>
      </symbol>
      <symbol id="sm-79c">
         <name>__aeabi_memclr4</name>
         <value>0x2000f107</value>
         <object_component_ref idref="oc-8b"/>
      </symbol>
      <symbol id="sm-79d">
         <name>__aeabi_memclr</name>
         <value>0x2000f107</value>
         <object_component_ref idref="oc-8b"/>
      </symbol>
      <symbol id="sm-7c5">
         <name>__TI_auto_init_nobinit_nopinit</name>
         <value>0x2000f5e5</value>
         <object_component_ref idref="oc-14b"/>
      </symbol>
      <symbol id="sm-7cf">
         <name>_system_pre_init</name>
         <value>0x2000fceb</value>
         <object_component_ref idref="oc-91"/>
      </symbol>
      <symbol id="sm-7db">
         <name>C$$EXIT</name>
         <value>0x2000fcef</value>
         <object_component_ref idref="oc-13f"/>
      </symbol>
      <symbol id="sm-7dc">
         <name>abort</name>
         <value>0x2000fcef</value>
         <object_component_ref idref="oc-13f"/>
      </symbol>
      <symbol id="sm-7f1">
         <name>_nop</name>
         <value>0x2000c913</value>
         <object_component_ref idref="oc-351"/>
      </symbol>
      <symbol id="sm-7f2">
         <name>_lock</name>
         <value>0x2001780c</value>
         <object_component_ref idref="oc-2aa"/>
      </symbol>
      <symbol id="sm-7f3">
         <name>_unlock</name>
         <value>0x20017810</value>
         <object_component_ref idref="oc-2aa"/>
      </symbol>
      <symbol id="sm-802">
         <name>__TI_ltoa</name>
         <value>0x2000f4ab</value>
         <object_component_ref idref="oc-40d"/>
      </symbol>
      <symbol id="sm-819">
         <name>atoi</name>
         <value>0x2000f551</value>
         <object_component_ref idref="oc-372"/>
      </symbol>
      <symbol id="sm-824">
         <name>_ctypes_</name>
         <value>0x2000bc00</value>
         <object_component_ref idref="oc-3ed"/>
      </symbol>
      <symbol id="sm-834">
         <name>memccpy</name>
         <value>0x2000fabd</value>
         <object_component_ref idref="oc-39b"/>
      </symbol>
      <symbol id="sm-844">
         <name>strchr</name>
         <value>0x2000fc0b</value>
         <object_component_ref idref="oc-444"/>
      </symbol>
      <symbol id="sm-85a">
         <name>__aeabi_errno_addr</name>
         <value>0x2000fcd5</value>
         <object_component_ref idref="oc-3a7"/>
      </symbol>
      <symbol id="sm-85b">
         <name>errno</name>
         <value>0x2001781c</value>
         <object_component_ref idref="oc-454"/>
      </symbol>
      <symbol id="sm-874">
         <name>wcslen</name>
         <value>0x2000fc81</value>
         <object_component_ref idref="oc-3a1"/>
      </symbol>
      <symbol id="sm-894">
         <name>frexpl</name>
         <value>0x2000f3a1</value>
         <object_component_ref idref="oc-438"/>
      </symbol>
      <symbol id="sm-895">
         <name>frexp</name>
         <value>0x2000f3a1</value>
         <object_component_ref idref="oc-438"/>
      </symbol>
      <symbol id="sm-8b3">
         <name>scalbn</name>
         <value>0x2000e94d</value>
         <object_component_ref idref="oc-43e"/>
      </symbol>
      <symbol id="sm-8b4">
         <name>scalbnl</name>
         <value>0x2000e94d</value>
         <object_component_ref idref="oc-43e"/>
      </symbol>
      <symbol id="sm-8b5">
         <name>ldexpl</name>
         <value>0x2000e94d</value>
         <object_component_ref idref="oc-43e"/>
      </symbol>
      <symbol id="sm-8b6">
         <name>ldexp</name>
         <value>0x2000e94d</value>
         <object_component_ref idref="oc-43e"/>
      </symbol>
      <symbol id="sm-8c0">
         <name>copysign</name>
         <value>0x2000fcbd</value>
         <object_component_ref idref="oc-488"/>
      </symbol>
      <symbol id="sm-8c1">
         <name>copysignl</name>
         <value>0x2000fcbd</value>
         <object_component_ref idref="oc-488"/>
      </symbol>
      <symbol id="sm-8c2">
         <name>__TI_static_base__</name>
         <value>0x2000fcf8</value>
      </symbol>
      <symbol id="sm-8c5">
         <name>__mpu_init</name>
         <value>0x0</value>
      </symbol>
      <symbol id="sm-8c6">
         <name>_system_post_cinit</name>
         <value>0x0</value>
      </symbol>
   </symbol_table>
   <title>Link successful</title>
</link_info>
